Archive member included to satisfy reference by file (symbol)

libkissfft.a(kiss_fft.c.obj)  CMakeFiles/project.dir/project.c.obj (kiss_fft_alloc)
c:/progra~1/raspbe~1/picosd~1.1/gcc-ar~1/bin/../lib/gcc/arm-none-eabi/10.3.1/thumb/v6-m/nofp\libgcc.a(_dvmd_tls.o)
                              CMakeFiles/project.dir/C_/Program_Files/Raspberry_Pi/Pico_SDK_v1.5.1/pico-sdk/src/rp2_common/pico_divider/divider.S.obj (__aeabi_idiv0)
c:/progra~1/raspbe~1/picosd~1.1/gcc-ar~1/bin/../lib/gcc/arm-none-eabi/10.3.1/../../../../arm-none-eabi/lib/thumb/v6-m/nofp\libg.a(lib_a-calloc.o)
                              CMakeFiles/project.dir/C_/Program_Files/Raspberry_Pi/Pico_SDK_v1.5.1/pico-sdk/src/rp2_common/pico_malloc/pico_malloc.c.obj (calloc)
c:/progra~1/raspbe~1/picosd~1.1/gcc-ar~1/bin/../lib/gcc/arm-none-eabi/10.3.1/../../../../arm-none-eabi/lib/thumb/v6-m/nofp\libg.a(lib_a-callocr.o)
                              c:/progra~1/raspbe~1/picosd~1.1/gcc-ar~1/bin/../lib/gcc/arm-none-eabi/10.3.1/../../../../arm-none-eabi/lib/thumb/v6-m/nofp\libg.a(lib_a-calloc.o) (_calloc_r)
c:/progra~1/raspbe~1/picosd~1.1/gcc-ar~1/bin/../lib/gcc/arm-none-eabi/10.3.1/../../../../arm-none-eabi/lib/thumb/v6-m/nofp\libg.a(lib_a-errno.o)
                              CMakeFiles/project.dir/lib/no-OS-FatFS-SD-SPI-RPi-Pico/FatFs_SPI/src/ff_stdio.c.obj (__errno)
c:/progra~1/raspbe~1/picosd~1.1/gcc-ar~1/bin/../lib/gcc/arm-none-eabi/10.3.1/../../../../arm-none-eabi/lib/thumb/v6-m/nofp\libg.a(lib_a-fflush.o)
                              CMakeFiles/project.dir/lib/no-OS-FatFS-SD-SPI-RPi-Pico/FatFs_SPI/sd_driver/demo_logging.c.obj (fflush)
c:/progra~1/raspbe~1/picosd~1.1/gcc-ar~1/bin/../lib/gcc/arm-none-eabi/10.3.1/../../../../arm-none-eabi/lib/thumb/v6-m/nofp\libg.a(lib_a-findfp.o)
                              c:/progra~1/raspbe~1/picosd~1.1/gcc-ar~1/bin/../lib/gcc/arm-none-eabi/10.3.1/../../../../arm-none-eabi/lib/thumb/v6-m/nofp\libg.a(lib_a-fflush.o) (__sinit)
c:/progra~1/raspbe~1/picosd~1.1/gcc-ar~1/bin/../lib/gcc/arm-none-eabi/10.3.1/../../../../arm-none-eabi/lib/thumb/v6-m/nofp\libg.a(lib_a-fputc.o)
                              libkissfft.a(kiss_fft.c.obj) (fputc)
c:/progra~1/raspbe~1/picosd~1.1/gcc-ar~1/bin/../lib/gcc/arm-none-eabi/10.3.1/../../../../arm-none-eabi/lib/thumb/v6-m/nofp\libg.a(lib_a-freer.o)
                              c:/progra~1/raspbe~1/picosd~1.1/gcc-ar~1/bin/../lib/gcc/arm-none-eabi/10.3.1/../../../../arm-none-eabi/lib/thumb/v6-m/nofp\libg.a(lib_a-fflush.o) (_free_r)
c:/progra~1/raspbe~1/picosd~1.1/gcc-ar~1/bin/../lib/gcc/arm-none-eabi/10.3.1/../../../../arm-none-eabi/lib/thumb/v6-m/nofp\libg.a(lib_a-fwalk.o)
                              c:/progra~1/raspbe~1/picosd~1.1/gcc-ar~1/bin/../lib/gcc/arm-none-eabi/10.3.1/../../../../arm-none-eabi/lib/thumb/v6-m/nofp\libg.a(lib_a-findfp.o) (_fwalk)
c:/progra~1/raspbe~1/picosd~1.1/gcc-ar~1/bin/../lib/gcc/arm-none-eabi/10.3.1/../../../../arm-none-eabi/lib/thumb/v6-m/nofp\libg.a(lib_a-fwrite.o)
                              libkissfft.a(kiss_fft.c.obj) (fwrite)
c:/progra~1/raspbe~1/picosd~1.1/gcc-ar~1/bin/../lib/gcc/arm-none-eabi/10.3.1/../../../../arm-none-eabi/lib/thumb/v6-m/nofp\libg.a(lib_a-impure.o)
                              c:/progra~1/raspbe~1/picosd~1.1/gcc-ar~1/bin/../lib/gcc/arm-none-eabi/10.3.1/../../../../arm-none-eabi/lib/thumb/v6-m/nofp\libg.a(lib_a-fflush.o) (_global_impure_ptr)
c:/progra~1/raspbe~1/picosd~1.1/gcc-ar~1/bin/../lib/gcc/arm-none-eabi/10.3.1/../../../../arm-none-eabi/lib/thumb/v6-m/nofp\libg.a(lib_a-init.o)
                              c:/progra~1/raspbe~1/picosd~1.1/gcc-ar~1/bin/../lib/gcc/arm-none-eabi/10.3.1/../../../../arm-none-eabi/lib/thumb/v6-m/nofp/crt0.o (__libc_init_array)
c:/progra~1/raspbe~1/picosd~1.1/gcc-ar~1/bin/../lib/gcc/arm-none-eabi/10.3.1/../../../../arm-none-eabi/lib/thumb/v6-m/nofp\libg.a(lib_a-lock.o)
                              c:/progra~1/raspbe~1/picosd~1.1/gcc-ar~1/bin/../lib/gcc/arm-none-eabi/10.3.1/../../../../arm-none-eabi/lib/thumb/v6-m/nofp\libg.a(lib_a-findfp.o) (__retarget_lock_init_recursive)
c:/progra~1/raspbe~1/picosd~1.1/gcc-ar~1/bin/../lib/gcc/arm-none-eabi/10.3.1/../../../../arm-none-eabi/lib/thumb/v6-m/nofp\libg.a(lib_a-malloc.o)
                              CMakeFiles/project.dir/C_/Program_Files/Raspberry_Pi/Pico_SDK_v1.5.1/pico-sdk/src/rp2_common/pico_malloc/pico_malloc.c.obj (malloc)
c:/progra~1/raspbe~1/picosd~1.1/gcc-ar~1/bin/../lib/gcc/arm-none-eabi/10.3.1/../../../../arm-none-eabi/lib/thumb/v6-m/nofp\libg.a(lib_a-mallocr.o)
                              c:/progra~1/raspbe~1/picosd~1.1/gcc-ar~1/bin/../lib/gcc/arm-none-eabi/10.3.1/../../../../arm-none-eabi/lib/thumb/v6-m/nofp\libg.a(lib_a-callocr.o) (_malloc_r)
c:/progra~1/raspbe~1/picosd~1.1/gcc-ar~1/bin/../lib/gcc/arm-none-eabi/10.3.1/../../../../arm-none-eabi/lib/thumb/v6-m/nofp\libg.a(lib_a-memcmp.o)
                              CMakeFiles/project.dir/lib/no-OS-FatFS-SD-SPI-RPi-Pico/FatFs_SPI/ff15/source/ff.c.obj (memcmp)
[...]
Memory Configuration

Name             Origin             Length             Attributes
FLASH            0x10000000         0x00200000         xr
RAM              0x20000000         0x00040000         xrw
SCRATCH_X        0x20040000         0x00001000         xrw
SCRATCH_Y        0x20041000         0x00001000         xrw
*default*        0x00000000         0xffffffff

Linker script and memory map

LOAD c:/progra~1/raspbe~1/picosd~1.1/gcc-ar~1/bin/../lib/gcc/arm-none-eabi/10.3.1/thumb/v6-m/nofp/crti.o
LOAD c:/progra~1/raspbe~1/picosd~1.1/gcc-ar~1/bin/../lib/gcc/arm-none-eabi/10.3.1/thumb/v6-m/nofp/crtbegin.o
LOAD c:/progra~1/raspbe~1/picosd~1.1/gcc-ar~1/bin/../lib/gcc/arm-none-eabi/10.3.1/../../../../arm-none-eabi/lib/thumb/v6-m/nofp/crt0.o

.flash_begin    0x10000000        0x0
                0x10000000                __flash_binary_start = .

.boot2          0x10000000      0x100
                0x10000000                __boot2_start__ = .
 *(.boot2)
 .boot2         0x10000000      0x100 C:\Users\YongYao\AppData\Local\Temp\ccOaWQIj.o
                0x10000100                __boot2_end__ = .
                0x00000001                ASSERT (((__boot2_end__ - __boot2_start__) == 0x100), ERROR: Pico second stage bootloader must be 256 bytes in size)

.text           0x10000100     0xf798
                0x10000100                __logical_binary_start = .
 *(.vectors)
 .vectors       0x10000100       0xd4 CMakeFiles/project.dir/C_/Program_Files/Raspberry_Pi/Pico_SDK_v1.5.1/pico-sdk/src/rp2_common/pico_standard_link/crt0.S.obj
                0x10000100                __VECTOR_TABLE
                0x10000100                __vectors
                0x100001c0                isr_invalid
                0x100001c0                __default_isrs_start
                0x100001c2                isr_nmi
                0x100001c4                isr_hardfault
                0x100001c6                isr_svcall
                0x100001c8                isr_pendsv
                0x100001ca                isr_systick
                0x100001cc                isr_irq23
                0x100001cc                isr_irq18
                0x100001cc                isr_irq11
                0x100001cc                isr_irq28
                0x100001cc                isr_irq19
                0x100001cc                isr_irq0
                0x100001cc                isr_irq6
                0x100001cc                isr_irq5
                0x100001cc                isr_irq12
                0x100001cc                isr_irq22
                0x100001cc                isr_irq31
                0x100001cc                isr_irq17
                0x100001cc                isr_irq27
                0x100001cc                isr_irq30
                0x100001cc                isr_irq2
                0x100001cc                isr_irq10
                0x100001cc                isr_irq8
                0x100001cc                isr_irq24
                0x100001cc                isr_irq1
                0x100001cc                isr_irq7
                0x100001cc                isr_irq21
                0x100001cc                isr_irq20
                0x100001cc                isr_irq15
                0x100001cc                isr_irq25
                0x100001cc                isr_irq13
                0x100001cc                __unhandled_user_irq
                0x100001cc                isr_irq4
                0x100001cc                isr_irq16
                0x100001cc                isr_irq29
                0x100001cc                isr_irq26
                0x100001cc                __default_isrs_end
                0x100001cc                isr_irq3
                0x100001cc                isr_irq14
                0x100001cc                isr_irq9
                0x100001d2                unhandled_user_irq_num_in_r0
 *(.binary_info_header)
 .binary_info_header
                0x100001d4       0x14 CMakeFiles/project.dir/C_/Program_Files/Raspberry_Pi/Pico_SDK_v1.5.1/pico-sdk/src/rp2_common/pico_standard_link/crt0.S.obj
                0x100001e8                __binary_info_header_end = .
 *(.reset)
 .reset         0x100001e8       0xa0 CMakeFiles/project.dir/C_/Program_Files/Raspberry_Pi/Pico_SDK_v1.5.1/pico-sdk/src/rp2_common/pico_standard_link/crt0.S.obj
                0x100001e8                _entry_point
 .reset         0x10000288       0x30 CMakeFiles/project.dir/C_/Program_Files/Raspberry_Pi/Pico_SDK_v1.5.1/pico-sdk/src/rp2_common/pico_standard_link/binary_info.c.obj
 *(.init)
 .init          0x100002b8        0x4 c:/progra~1/raspbe~1/picosd~1.1/gcc-ar~1/bin/../lib/gcc/arm-none-eabi/10.3.1/thumb/v6-m/nofp/crti.o
                0x100002b8                _init
 *(EXCLUDE_FILE(*libm.a: *libc.a:*lib_a-mem*.o *libgcc.a:) .text*)
 .text          0x100002bc       0x48 c:/progra~1/raspbe~1/picosd~1.1/gcc-ar~1/bin/../lib/gcc/arm-none-eabi/10.3.1/thumb/v6-m/nofp/crtbegin.o
 .text.pulse_capture_callback
                0x10000304       0x68 CMakeFiles/project.dir/project.c.obj
                0x10000304                pulse_capture_callback
 .text.readfile
                0x1000036c       0x80 CMakeFiles/project.dir/project.c.obj
                0x1000036c                readfile
 .text.writefile
                0x100003ec       0x84 CMakeFiles/project.dir/project.c.obj
                0x100003ec                writefile
 .text.playback_pulses
                0x10000470       0x38 CMakeFiles/project.dir/project.c.obj
                0x10000470                playback_pulses
 .text.measure_analog_frequency
                0x100004a8      0x104 CMakeFiles/project.dir/project.c.obj
                0x100004a8                measure_analog_frequency
 .text.calculate_rms
                0x100005ac       0x42 CMakeFiles/project.dir/project.c.obj
                0x100005ac                calculate_rms
 .text.calculate_peak_to_peak
                0x100005ee       0x2c CMakeFiles/project.dir/project.c.obj
                0x100005ee                calculate_peak_to_peak
 *fill*         0x1000061a        0x2 
 .text.calculate_snr
                0x1000061c       0x20 CMakeFiles/project.dir/project.c.obj
                0x1000061c                calculate_snr
 .text.measure_pwm_signal
                0x1000063c       0xd0 CMakeFiles/project.dir/project.c.obj
                0x1000063c                measure_pwm_signal
 .text.setup_pins
                0x1000070c       0x54 CMakeFiles/project.dir/project.c.obj
                0x1000070c                setup_pins
 .text.main     0x10000760      0x294 CMakeFiles/project.dir/project.c.obj
                0x10000760                main
 .text.gpio_set_function
                0x100009f4       0x30 CMakeFiles/project.dir/C_/Program_Files/Raspberry_Pi/Pico_SDK_v1.5.1/pico-sdk/src/rp2_common/hardware_gpio/gpio.c.obj
                0x100009f4                gpio_set_function
 .text.gpio_set_pulls
                0x10000a24       0x34 CMakeFiles/project.dir/C_/Program_Files/Raspberry_Pi/Pico_SDK_v1.5.1/pico-sdk/src/rp2_common/hardware_gpio/gpio.c.obj
                0x10000a24                gpio_set_pulls
 .text.gpio_set_drive_strength
                0x10000a58       0x20 CMakeFiles/project.dir/C_/Program_Files/Raspberry_Pi/Pico_SDK_v1.5.1/pico-sdk/src/rp2_common/hardware_gpio/gpio.c.obj
                0x10000a58                gpio_set_drive_strength
 .text.gpio_set_irq_callback
                0x10000a78       0x48 CMakeFiles/project.dir/C_/Program_Files/Raspberry_Pi/Pico_SDK_v1.5.1/pico-sdk/src/rp2_common/hardware_gpio/gpio.c.obj
                0x10000a78                gpio_set_irq_callback
 .text.gpio_acknowledge_irq
                0x10000ac0       0x18 CMakeFiles/project.dir/C_/Program_Files/Raspberry_Pi/Pico_SDK_v1.5.1/pico-sdk/src/rp2_common/hardware_gpio/gpio.c.obj
                0x10000ac0                gpio_acknowledge_irq
 .text._gpio_set_irq_enabled
                0x10000ad8       0x34 CMakeFiles/project.dir/C_/Program_Files/Raspberry_Pi/Pico_SDK_v1.5.1/pico-sdk/src/rp2_common/hardware_gpio/gpio.c.obj
 .text.gpio_set_irq_enabled
                0x10000b0c       0x20 CMakeFiles/project.dir/C_/Program_Files/Raspberry_Pi/Pico_SDK_v1.5.1/pico-sdk/src/rp2_common/hardware_gpio/gpio.c.obj
                0x10000b0c                gpio_set_irq_enabled
 .text.gpio_set_irq_enabled_with_callback
                0x10000b2c       0x20 CMakeFiles/project.dir/C_/Program_Files/Raspberry_Pi/Pico_SDK_v1.5.1/pico-sdk/src/rp2_common/hardware_gpio/gpio.c.obj
                0x10000b2c                gpio_set_irq_enabled_with_callback
 .text.gpio_default_irq_handler
                0x10000b4c       0x98 CMakeFiles/project.dir/C_/Program_Files/Raspberry_Pi/Pico_SDK_v1.5.1/pico-sdk/src/rp2_common/hardware_gpio/gpio.c.obj
 .text.gpio_set_input_enabled
                0x10000be4       0x30 CMakeFiles/project.dir/C_/Program_Files/Raspberry_Pi/Pico_SDK_v1.5.1/pico-sdk/src/rp2_common/hardware_gpio/gpio.c.obj
                0x10000be4                gpio_set_input_enabled
 .text.gpio_init
                0x10000c14       0x16 CMakeFiles/project.dir/C_/Program_Files/Raspberry_Pi/Pico_SDK_v1.5.1/pico-sdk/src/rp2_common/hardware_gpio/gpio.c.obj
                0x10000c14                gpio_init
 *fill*         0x10000c2a        0x2 
 .text.running_on_fpga
                0x10000c2c       0x14 CMakeFiles/project.dir/C_/Program_Files/Raspberry_Pi/Pico_SDK_v1.5.1/pico-sdk/src/rp2_common/pico_platform/platform.c.obj
                0x10000c2c                running_on_fpga
 .text.hw_claim_lock
                0x10000c40       0x18 CMakeFiles/project.dir/C_/Program_Files/Raspberry_Pi/Pico_SDK_v1.5.1/pico-sdk/src/rp2_common/hardware_claim/claim.c.obj
                0x10000c40                hw_claim_lock
 .text.hw_claim_unlock
                0x10000c58       0x14 CMakeFiles/project.dir/C_/Program_Files/Raspberry_Pi/Pico_SDK_v1.5.1/pico-sdk/src/rp2_common/hardware_claim/claim.c.obj
                0x10000c58                hw_claim_unlock
 .text.hw_claim_or_assert
                0x10000c6c       0x32 CMakeFiles/project.dir/C_/Program_Files/Raspberry_Pi/Pico_SDK_v1.5.1/pico-sdk/src/rp2_common/hardware_claim/claim.c.obj
                0x10000c6c                hw_claim_or_assert
 .text.hw_claim_unused_from_range
                0x10000c9e       0x50 CMakeFiles/project.dir/C_/Program_Files/Raspberry_Pi/Pico_SDK_v1.5.1/pico-sdk/src/rp2_common/hardware_claim/claim.c.obj
                0x10000c9e                hw_claim_unused_from_range
 *fill*         0x10000cee        0x2 
 .text.spin_locks_reset
                0x10000cf0       0x20 CMakeFiles/project.dir/C_/Program_Files/Raspberry_Pi/Pico_SDK_v1.5.1/pico-sdk/src/rp2_common/hardware_sync/sync.c.obj
                0x10000cf0                spin_locks_reset
 .text.next_striped_spin_lock_num
                0x10000d10       0x1c CMakeFiles/project.dir/C_/Program_Files/Raspberry_Pi/Pico_SDK_v1.5.1/pico-sdk/src/rp2_common/hardware_sync/sync.c.obj
                0x10000d10                next_striped_spin_lock_num
 .text.spin_lock_claim_unused
                0x10000d2c       0x20 CMakeFiles/project.dir/C_/Program_Files/Raspberry_Pi/Pico_SDK_v1.5.1/pico-sdk/src/rp2_common/hardware_sync/sync.c.obj
                0x10000d2c                spin_lock_claim_unused
 .text.set_raw_irq_handler_and_unlock
                0x10000d4c       0x28 CMakeFiles/project.dir/C_/Program_Files/Raspberry_Pi/Pico_SDK_v1.5.1/pico-sdk/src/rp2_common/hardware_irq/irq.c.obj
 .text.make_branch
                0x10000d74       0x48 CMakeFiles/project.dir/C_/Program_Files/Raspberry_Pi/Pico_SDK_v1.5.1/pico-sdk/src/rp2_common/hardware_irq/irq.c.obj
 .text.insert_branch_and_link
                0x10000dbc       0x40 CMakeFiles/project.dir/C_/Program_Files/Raspberry_Pi/Pico_SDK_v1.5.1/pico-sdk/src/rp2_common/hardware_irq/irq.c.obj
 .text.irq_is_enabled
                0x10000dfc       0x18 CMakeFiles/project.dir/C_/Program_Files/Raspberry_Pi/Pico_SDK_v1.5.1/pico-sdk/src/rp2_common/hardware_irq/irq.c.obj
                0x10000dfc                irq_is_enabled
 .text.irq_set_mask_enabled
                0x10000e14       0x20 CMakeFiles/project.dir/C_/Program_Files/Raspberry_Pi/Pico_SDK_v1.5.1/pico-sdk/src/rp2_common/hardware_irq/irq.c.obj
                0x10000e14                irq_set_mask_enabled
 .text.irq_set_enabled
                0x10000e34        0xe CMakeFiles/project.dir/C_/Program_Files/Raspberry_Pi/Pico_SDK_v1.5.1/pico-sdk/src/rp2_common/hardware_irq/irq.c.obj
                0x10000e34                irq_set_enabled
 *fill*         0x10000e42        0x2 
 .text.irq_set_pending
                0x10000e44       0x10 CMakeFiles/project.dir/C_/Program_Files/Raspberry_Pi/Pico_SDK_v1.5.1/pico-sdk/src/rp2_common/hardware_irq/irq.c.obj
                0x10000e44                irq_set_pending
 .text.irq_get_vtable_handler
                0x10000e54       0x10 CMakeFiles/project.dir/C_/Program_Files/Raspberry_Pi/Pico_SDK_v1.5.1/pico-sdk/src/rp2_common/hardware_irq/irq.c.obj
                0x10000e54                irq_get_vtable_handler
 .text.irq_has_shared_handler
                0x10000e64       0x24 CMakeFiles/project.dir/C_/Program_Files/Raspberry_Pi/Pico_SDK_v1.5.1/pico-sdk/src/rp2_common/hardware_irq/irq.c.obj
                0x10000e64                irq_has_shared_handler
 .text.irq_set_exclusive_handler
                0x10000e88       0x54 CMakeFiles/project.dir/C_/Program_Files/Raspberry_Pi/Pico_SDK_v1.5.1/pico-sdk/src/rp2_common/hardware_irq/irq.c.obj
                0x10000e88                irq_set_exclusive_handler
 .text.irq_add_shared_handler
                0x10000edc      0x234 CMakeFiles/project.dir/C_/Program_Files/Raspberry_Pi/Pico_SDK_v1.5.1/pico-sdk/src/rp2_common/hardware_irq/irq.c.obj
                0x10000edc                irq_add_shared_handler
 .text.irq_remove_handler
                0x10001110      0x1ac CMakeFiles/project.dir/C_/Program_Files/Raspberry_Pi/Pico_SDK_v1.5.1/pico-sdk/src/rp2_common/hardware_irq/irq.c.obj
                0x10001110                irq_remove_handler
 .text.irq_add_tail_to_free_list
                0x100012bc       0xf0 CMakeFiles/project.dir/C_/Program_Files/Raspberry_Pi/Pico_SDK_v1.5.1/pico-sdk/src/rp2_common/hardware_irq/irq.c.obj
                0x100012bc                irq_add_tail_to_free_list
 .text.irq_init_priorities
                0x100013ac       0x1c CMakeFiles/project.dir/C_/Program_Files/Raspberry_Pi/Pico_SDK_v1.5.1/pico-sdk/src/rp2_common/hardware_irq/irq.c.obj
                0x100013ac                irq_init_priorities
 .text.user_irq_claim_unused
                0x100013c8       0x28 CMakeFiles/project.dir/C_/Program_Files/Raspberry_Pi/Pico_SDK_v1.5.1/pico-sdk/src/rp2_common/hardware_irq/irq.c.obj
                0x100013c8                user_irq_claim_unused
 .text.sem_init
                0x100013f0       0x1e CMakeFiles/project.dir/C_/Program_Files/Raspberry_Pi/Pico_SDK_v1.5.1/pico-sdk/src/common/pico_sync/sem.c.obj
                0x100013f0                sem_init
 *fill*         0x1000140e        0x2 
 .text.lock_init
                0x10001410       0x10 CMakeFiles/project.dir/C_/Program_Files/Raspberry_Pi/Pico_SDK_v1.5.1/pico-sdk/src/common/pico_sync/lock_core.c.obj
                0x10001410                lock_init
 .text.mutex_init
                0x10001420       0x1a CMakeFiles/project.dir/C_/Program_Files/Raspberry_Pi/Pico_SDK_v1.5.1/pico-sdk/src/common/pico_sync/mutex.c.obj
                0x10001420                mutex_init
 .text.recursive_mutex_init
                0x1000143a       0x1e CMakeFiles/project.dir/C_/Program_Files/Raspberry_Pi/Pico_SDK_v1.5.1/pico-sdk/src/common/pico_sync/mutex.c.obj
                0x1000143a                recursive_mutex_init
 .text.critical_section_init_with_lock_num
                0x10001458       0x14 CMakeFiles/project.dir/C_/Program_Files/Raspberry_Pi/Pico_SDK_v1.5.1/pico-sdk/src/common/pico_sync/critical_section.c.obj
                0x10001458                critical_section_init_with_lock_num
 .text.critical_section_init
                0x1000146c       0x14 CMakeFiles/project.dir/C_/Program_Files/Raspberry_Pi/Pico_SDK_v1.5.1/pico-sdk/src/common/pico_sync/critical_section.c.obj
                0x1000146c                critical_section_init
 .text.alarm_pool_post_alloc_init
                0x10001480       0x40 CMakeFiles/project.dir/C_/Program_Files/Raspberry_Pi/Pico_SDK_v1.5.1/pico-sdk/src/common/pico_time/time.c.obj
 .text.sleep_until_callback
                0x100014c0       0x30 CMakeFiles/project.dir/C_/Program_Files/Raspberry_Pi/Pico_SDK_v1.5.1/pico-sdk/src/common/pico_time/time.c.obj
 .text.timer_pool_entry_comparator
                0x100014f0       0x7c CMakeFiles/project.dir/C_/Program_Files/Raspberry_Pi/Pico_SDK_v1.5.1/pico-sdk/src/common/pico_time/time.c.obj
                0x100014f0                timer_pool_entry_comparator
 .text.ph_add_child_node
                0x1000156c       0xa4 CMakeFiles/project.dir/C_/Program_Files/Raspberry_Pi/Pico_SDK_v1.5.1/pico-sdk/src/common/pico_time/time.c.obj
 .text.ph_merge_nodes
                0x10001610       0x3e CMakeFiles/project.dir/C_/Program_Files/Raspberry_Pi/Pico_SDK_v1.5.1/pico-sdk/src/common/pico_time/time.c.obj
 *fill*         0x1000164e        0x2 
 .text.add_alarm_under_lock
                0x10001650      0x174 CMakeFiles/project.dir/C_/Program_Files/Raspberry_Pi/Pico_SDK_v1.5.1/pico-sdk/src/common/pico_time/time.c.obj
 .text.alarm_pool_alarm_callback
                0x100017c4      0x33c CMakeFiles/project.dir/C_/Program_Files/Raspberry_Pi/Pico_SDK_v1.5.1/pico-sdk/src/common/pico_time/time.c.obj
 .text.alarm_pool_init_default
                0x10001b00       0x40 CMakeFiles/project.dir/C_/Program_Files/Raspberry_Pi/Pico_SDK_v1.5.1/pico-sdk/src/common/pico_time/time.c.obj
                0x10001b00                alarm_pool_init_default
 .text.alarm_pool_get_default
                0x10001b40       0x2c CMakeFiles/project.dir/C_/Program_Files/Raspberry_Pi/Pico_SDK_v1.5.1/pico-sdk/src/common/pico_time/time.c.obj
                0x10001b40                alarm_pool_get_default
 .text.alarm_pool_add_alarm_at
                0x10001b6c      0x168 CMakeFiles/project.dir/C_/Program_Files/Raspberry_Pi/Pico_SDK_v1.5.1/pico-sdk/src/common/pico_time/time.c.obj
                0x10001b6c                alarm_pool_add_alarm_at
 .text.alarm_pool_cancel_alarm
                0x10001cd4       0xf8 CMakeFiles/project.dir/C_/Program_Files/Raspberry_Pi/Pico_SDK_v1.5.1/pico-sdk/src/common/pico_time/time.c.obj
                0x10001cd4                alarm_pool_cancel_alarm
 .text.alarm_pool_core_num
                0x10001dcc        0x4 CMakeFiles/project.dir/C_/Program_Files/Raspberry_Pi/Pico_SDK_v1.5.1/pico-sdk/src/common/pico_time/time.c.obj
                0x10001dcc                alarm_pool_core_num
 .text.sleep_until
                0x10001dd0       0xfc CMakeFiles/project.dir/C_/Program_Files/Raspberry_Pi/Pico_SDK_v1.5.1/pico-sdk/src/common/pico_time/time.c.obj
                0x10001dd0                sleep_until
 .text.sleep_us
                0x10001ecc       0x58 CMakeFiles/project.dir/C_/Program_Files/Raspberry_Pi/Pico_SDK_v1.5.1/pico-sdk/src/common/pico_time/time.c.obj
                0x10001ecc                sleep_us
 .text.sleep_ms
                0x10001f24       0x14 CMakeFiles/project.dir/C_/Program_Files/Raspberry_Pi/Pico_SDK_v1.5.1/pico-sdk/src/common/pico_time/time.c.obj
                0x10001f24                sleep_ms
 .text.best_effort_wfe_or_timeout
                0x10001f38       0xac CMakeFiles/project.dir/C_/Program_Files/Raspberry_Pi/Pico_SDK_v1.5.1/pico-sdk/src/common/pico_time/time.c.obj
                0x10001f38                best_effort_wfe_or_timeout
 .text.hardware_alarm_irq_handler
                0x10001fe4       0x90 CMakeFiles/project.dir/C_/Program_Files/Raspberry_Pi/Pico_SDK_v1.5.1/pico-sdk/src/rp2_common/hardware_timer/timer.c.obj
 .text.hardware_alarm_claim
                0x10002074       0x18 CMakeFiles/project.dir/C_/Program_Files/Raspberry_Pi/Pico_SDK_v1.5.1/pico-sdk/src/rp2_common/hardware_timer/timer.c.obj
                0x10002074                hardware_alarm_claim
 .text.time_us_64
                0x1000208c       0x18 CMakeFiles/project.dir/C_/Program_Files/Raspberry_Pi/Pico_SDK_v1.5.1/pico-sdk/src/rp2_common/hardware_timer/timer.c.obj
                0x1000208c                time_us_64
 .text.busy_wait_until
                0x100020a4       0x28 CMakeFiles/project.dir/C_/Program_Files/Raspberry_Pi/Pico_SDK_v1.5.1/pico-sdk/src/rp2_common/hardware_timer/timer.c.obj
                0x100020a4                busy_wait_until
 .text.busy_wait_us
                0x100020cc       0x48 CMakeFiles/project.dir/C_/Program_Files/Raspberry_Pi/Pico_SDK_v1.5.1/pico-sdk/src/rp2_common/hardware_timer/timer.c.obj
                0x100020cc                busy_wait_us
 .text.hardware_alarm_set_callback
                0x10002114       0x90 CMakeFiles/project.dir/C_/Program_Files/Raspberry_Pi/Pico_SDK_v1.5.1/pico-sdk/src/rp2_common/hardware_timer/timer.c.obj
                0x10002114                hardware_alarm_set_callback
 .text.hardware_alarm_set_target
                0x100021a4       0xe8 CMakeFiles/project.dir/C_/Program_Files/Raspberry_Pi/Pico_SDK_v1.5.1/pico-sdk/src/rp2_common/hardware_timer/timer.c.obj
                0x100021a4                hardware_alarm_set_target
 .text.hardware_alarm_cancel
                0x1000228c       0x40 CMakeFiles/project.dir/C_/Program_Files/Raspberry_Pi/Pico_SDK_v1.5.1/pico-sdk/src/rp2_common/hardware_timer/timer.c.obj
                0x1000228c                hardware_alarm_cancel
 .text.ph_add_child_node
                0x100022cc       0xa4 CMakeFiles/project.dir/C_/Program_Files/Raspberry_Pi/Pico_SDK_v1.5.1/pico-sdk/src/common/pico_util/pheap.c.obj
 .text.ph_merge_nodes
                0x10002370       0x3e CMakeFiles/project.dir/C_/Program_Files/Raspberry_Pi/Pico_SDK_v1.5.1/pico-sdk/src/common/pico_util/pheap.c.obj
 *fill*         0x100023ae        0x2 
 .text.ph_clear
                0x100023b0       0x70 CMakeFiles/project.dir/C_/Program_Files/Raspberry_Pi/Pico_SDK_v1.5.1/pico-sdk/src/common/pico_util/pheap.c.obj
                0x100023b0                ph_clear
 .text.ph_post_alloc_init
                0x10002420        0xe CMakeFiles/project.dir/C_/Program_Files/Raspberry_Pi/Pico_SDK_v1.5.1/pico-sdk/src/common/pico_util/pheap.c.obj
                0x10002420                ph_post_alloc_init
 *fill*         0x1000242e        0x2 
 .text.ph_merge_two_pass
                0x10002430       0xa8 CMakeFiles/project.dir/C_/Program_Files/Raspberry_Pi/Pico_SDK_v1.5.1/pico-sdk/src/common/pico_util/pheap.c.obj
                0x10002430                ph_merge_two_pass
 .text.ph_remove_any_head
                0x100024d8      0x128 CMakeFiles/project.dir/C_/Program_Files/Raspberry_Pi/Pico_SDK_v1.5.1/pico-sdk/src/common/pico_util/pheap.c.obj
 .text.ph_remove_head
                0x10002600       0x14 CMakeFiles/project.dir/C_/Program_Files/Raspberry_Pi/Pico_SDK_v1.5.1/pico-sdk/src/common/pico_util/pheap.c.obj
                0x10002600                ph_remove_head
 .text.ph_remove_and_free_node
                0x10002614       0xf8 CMakeFiles/project.dir/C_/Program_Files/Raspberry_Pi/Pico_SDK_v1.5.1/pico-sdk/src/common/pico_util/pheap.c.obj
                0x10002614                ph_remove_and_free_node
 .text.clock_configure
                0x1000270c      0x108 CMakeFiles/project.dir/C_/Program_Files/Raspberry_Pi/Pico_SDK_v1.5.1/pico-sdk/src/rp2_common/hardware_clocks/clocks.c.obj
                0x1000270c                clock_configure
 .text.clocks_init
                0x10002814      0x100 CMakeFiles/project.dir/C_/Program_Files/Raspberry_Pi/Pico_SDK_v1.5.1/pico-sdk/src/rp2_common/hardware_clocks/clocks.c.obj
                0x10002814                clocks_init
 .text.clock_get_hz
                0x10002914        0xc CMakeFiles/project.dir/C_/Program_Files/Raspberry_Pi/Pico_SDK_v1.5.1/pico-sdk/src/rp2_common/hardware_clocks/clocks.c.obj
                0x10002914                clock_get_hz
 .text.pll_init
                0x10002920      0x120 CMakeFiles/project.dir/C_/Program_Files/Raspberry_Pi/Pico_SDK_v1.5.1/pico-sdk/src/rp2_common/hardware_pll/pll.c.obj
                0x10002920                pll_init
 .text.watchdog_start_tick
                0x10002a40       0x10 CMakeFiles/project.dir/C_/Program_Files/Raspberry_Pi/Pico_SDK_v1.5.1/pico-sdk/src/rp2_common/hardware_watchdog/watchdog.c.obj
                0x10002a40                watchdog_start_tick
 .text.watchdog_update
                0x10002a50       0x14 CMakeFiles/project.dir/C_/Program_Files/Raspberry_Pi/Pico_SDK_v1.5.1/pico-sdk/src/rp2_common/hardware_watchdog/watchdog.c.obj
                0x10002a50                watchdog_update
 .text._watchdog_enable
                0x10002a64       0x78 CMakeFiles/project.dir/C_/Program_Files/Raspberry_Pi/Pico_SDK_v1.5.1/pico-sdk/src/rp2_common/hardware_watchdog/watchdog.c.obj
                0x10002a64                _watchdog_enable
 .text.watchdog_reboot
                0x10002adc       0x48 CMakeFiles/project.dir/C_/Program_Files/Raspberry_Pi/Pico_SDK_v1.5.1/pico-sdk/src/rp2_common/hardware_watchdog/watchdog.c.obj
                0x10002adc                watchdog_reboot
 .text.xosc_init
                0x10002b24       0x28 CMakeFiles/project.dir/C_/Program_Files/Raspberry_Pi/Pico_SDK_v1.5.1/pico-sdk/src/rp2_common/hardware_xosc/xosc.c.obj
                0x10002b24                xosc_init
 .text._exit    0x10002b4c        0x4 CMakeFiles/project.dir/C_/Program_Files/Raspberry_Pi/Pico_SDK_v1.5.1/pico-sdk/src/rp2_common/pico_runtime/runtime.c.obj
                0x10002b4c                _exit
 .text._sbrk    0x10002b50       0x38 CMakeFiles/project.dir/C_/Program_Files/Raspberry_Pi/Pico_SDK_v1.5.1/pico-sdk/src/rp2_common/pico_runtime/runtime.c.obj
                0x10002b50                _sbrk
 .text.exit     0x10002b88        0x6 CMakeFiles/project.dir/C_/Program_Files/Raspberry_Pi/Pico_SDK_v1.5.1/pico-sdk/src/rp2_common/pico_runtime/runtime.c.obj
                0x10002b88                exit
 *fill*         0x10002b8e        0x2 
 .text.__assert_func
                0x10002b90       0x3c CMakeFiles/project.dir/C_/Program_Files/Raspberry_Pi/Pico_SDK_v1.5.1/pico-sdk/src/rp2_common/pico_runtime/runtime.c.obj
                0x10002b90                __assert_func
 .text.runtime_init
                0x10002bcc       0xf8 CMakeFiles/project.dir/C_/Program_Files/Raspberry_Pi/Pico_SDK_v1.5.1/pico-sdk/src/rp2_common/pico_runtime/runtime.c.obj
                0x10002bcc                runtime_init
 .text.panic    0x10002cc4       0x30 CMakeFiles/project.dir/C_/Program_Files/Raspberry_Pi/Pico_SDK_v1.5.1/pico-sdk/src/rp2_common/pico_runtime/runtime.c.obj
                0x10002cc4                panic
 .text._out_buffer
                0x10002cf4        0x8 CMakeFiles/project.dir/C_/Program_Files/Raspberry_Pi/Pico_SDK_v1.5.1/pico-sdk/src/rp2_common/pico_printf/printf.c.obj
 .text._out_null
                0x10002cfc        0x2 CMakeFiles/project.dir/C_/Program_Files/Raspberry_Pi/Pico_SDK_v1.5.1/pico-sdk/src/rp2_common/pico_printf/printf.c.obj
 .text._out_fct
                0x10002cfe        0xe CMakeFiles/project.dir/C_/Program_Files/Raspberry_Pi/Pico_SDK_v1.5.1/pico-sdk/src/rp2_common/pico_printf/printf.c.obj
 .text._atoi    0x10002d0c       0x24 CMakeFiles/project.dir/C_/Program_Files/Raspberry_Pi/Pico_SDK_v1.5.1/pico-sdk/src/rp2_common/pico_printf/printf.c.obj
 .text._out_rev
                0x10002d30       0xae CMakeFiles/project.dir/C_/Program_Files/Raspberry_Pi/Pico_SDK_v1.5.1/pico-sdk/src/rp2_common/pico_printf/printf.c.obj
 .text._ntoa_format
                0x10002dde      0x112 CMakeFiles/project.dir/C_/Program_Files/Raspberry_Pi/Pico_SDK_v1.5.1/pico-sdk/src/rp2_common/pico_printf/printf.c.obj
 .text._ntoa_long
                0x10002ef0       0xbc CMakeFiles/project.dir/C_/Program_Files/Raspberry_Pi/Pico_SDK_v1.5.1/pico-sdk/src/rp2_common/pico_printf/printf.c.obj
 .text._ntoa_long_long
                0x10002fac       0xe2 CMakeFiles/project.dir/C_/Program_Files/Raspberry_Pi/Pico_SDK_v1.5.1/pico-sdk/src/rp2_common/pico_printf/printf.c.obj
 *fill*         0x1000308e        0x2 
 .text._etoa    0x10003090      0x414 CMakeFiles/project.dir/C_/Program_Files/Raspberry_Pi/Pico_SDK_v1.5.1/pico-sdk/src/rp2_common/pico_printf/printf.c.obj
 .text._ftoa    0x100034a4      0x354 CMakeFiles/project.dir/C_/Program_Files/Raspberry_Pi/Pico_SDK_v1.5.1/pico-sdk/src/rp2_common/pico_printf/printf.c.obj
 .text._vsnprintf
                0x100037f8      0x624 CMakeFiles/project.dir/C_/Program_Files/Raspberry_Pi/Pico_SDK_v1.5.1/pico-sdk/src/rp2_common/pico_printf/printf.c.obj
 .text.__wrap_vsnprintf
                0x10003e1c       0x1c CMakeFiles/project.dir/C_/Program_Files/Raspberry_Pi/Pico_SDK_v1.5.1/pico-sdk/src/rp2_common/pico_printf/printf.c.obj
                0x10003e1c                __wrap_vsnprintf
 .text.vfctprintf
                0x10003e38       0x20 CMakeFiles/project.dir/C_/Program_Files/Raspberry_Pi/Pico_SDK_v1.5.1/pico-sdk/src/rp2_common/pico_printf/printf.c.obj
                0x10003e38                vfctprintf
 .text          0x10003e58       0x10 CMakeFiles/project.dir/C_/Program_Files/Raspberry_Pi/Pico_SDK_v1.5.1/pico-sdk/src/rp2_common/pico_bit_ops/bit_ops_aeabi.S.obj
 .text.rom_func_lookup
                0x10003e68       0x10 CMakeFiles/project.dir/C_/Program_Files/Raspberry_Pi/Pico_SDK_v1.5.1/pico-sdk/src/rp2_common/pico_bootrom/bootrom.c.obj
                0x10003e68                rom_func_lookup
 .text.rom_data_lookup
                0x10003e78       0x10 CMakeFiles/project.dir/C_/Program_Files/Raspberry_Pi/Pico_SDK_v1.5.1/pico-sdk/src/rp2_common/pico_bootrom/bootrom.c.obj
                0x10003e78                rom_data_lookup
 .text.rom_funcs_lookup
                0x10003e88       0x36 CMakeFiles/project.dir/C_/Program_Files/Raspberry_Pi/Pico_SDK_v1.5.1/pico-sdk/src/rp2_common/pico_bootrom/bootrom.c.obj
                0x10003e88                rom_funcs_lookup
 *fill*         0x10003ebe        0x2 
 .text.__wrap___aeabi_idiv
                0x10003ec0       0x50 CMakeFiles/project.dir/C_/Program_Files/Raspberry_Pi/Pico_SDK_v1.5.1/pico-sdk/src/rp2_common/pico_divider/divider.S.obj
                0x10003ec0                __wrap___aeabi_idivmod
                0x10003ec0                divmod_s32s32
                0x10003ec0                div_s32s32
                0x10003ec0                __wrap___aeabi_idiv
                0x10003ec8                divmod_s32s32_unsafe
                0x10003ef4                divmod_s32s32_savestate
 .text.__wrap___aeabi_uidiv
                0x10003f10       0x4c CMakeFiles/project.dir/C_/Program_Files/Raspberry_Pi/Pico_SDK_v1.5.1/pico-sdk/src/rp2_common/pico_divider/divider.S.obj
                0x10003f10                __wrap___aeabi_uidiv
                0x10003f10                __wrap___aeabi_uidivmod
                0x10003f10                div_u32u32
                0x10003f10                divmod_u32u32
                0x10003f18                divmod_u32u32_unsafe
                0x10003f40                divmod_u32u32_savestate
 .text.__wrap___aeabi_ldiv
                0x10003f5c      0x424 CMakeFiles/project.dir/C_/Program_Files/Raspberry_Pi/Pico_SDK_v1.5.1/pico-sdk/src/rp2_common/pico_divider/divider.S.obj
                0x10003f5c                div_s64s64
                0x10003f5c                divmod_s64s64
                0x10003f5c                __wrap___aeabi_ldivmod
                0x10003f8c                divmod_u64u64
                0x10003f8c                div_u64u64
                0x10003f8c                __wrap___aeabi_uldivmod
                0x10003f9c                divmod_u64u64_savestate
                0x10003fbc                divmod_s64s64_unsafe
                0x10004044                divmod_u64u64_unsafe
 .text.__wrap___aeabi_darithmetic
                0x10004380       0x60 CMakeFiles/project.dir/C_/Program_Files/Raspberry_Pi/Pico_SDK_v1.5.1/pico-sdk/src/rp2_common/pico_double/double_aeabi.S.obj
                0x10004380                __wrap___aeabi_drsub
                0x10004386                __wrap___aeabi_dsub
                0x10004390                __wrap___aeabi_dadd
                0x1000439a                __wrap___aeabi_ddiv
                0x100043ce                __wrap___aeabi_dmul
 .text.__wrap___aeabi_cdcmple
                0x100043e0       0x6c CMakeFiles/project.dir/C_/Program_Files/Raspberry_Pi/Pico_SDK_v1.5.1/pico-sdk/src/rp2_common/pico_double/double_aeabi.S.obj
                0x100043e0                __wrap___aeabi_cdrcmple
                0x100043f0                __wrap___aeabi_cdcmpeq
                0x100043f0                __wrap___aeabi_cdcmple
 .text.__wrap___aeabi_dcmpeq
                0x1000444c       0x10 CMakeFiles/project.dir/C_/Program_Files/Raspberry_Pi/Pico_SDK_v1.5.1/pico-sdk/src/rp2_common/pico_double/double_aeabi.S.obj
                0x1000444c                __wrap___aeabi_dcmpeq
 .text.__wrap___aeabi_dcmplt
                0x1000445c        0xc CMakeFiles/project.dir/C_/Program_Files/Raspberry_Pi/Pico_SDK_v1.5.1/pico-sdk/src/rp2_common/pico_double/double_aeabi.S.obj
                0x1000445c                __wrap___aeabi_dcmplt
 .text.__wrap___aeabi_dcmple
                0x10004468       0x10 CMakeFiles/project.dir/C_/Program_Files/Raspberry_Pi/Pico_SDK_v1.5.1/pico-sdk/src/rp2_common/pico_double/double_aeabi.S.obj
                0x10004468                __wrap___aeabi_dcmple
 .text.__wrap___aeabi_dcmpge
                0x10004478       0x10 CMakeFiles/project.dir/C_/Program_Files/Raspberry_Pi/Pico_SDK_v1.5.1/pico-sdk/src/rp2_common/pico_double/double_aeabi.S.obj
                0x10004478                __wrap___aeabi_dcmpge
 .text.__wrap___aeabi_dcmpgt
                0x10004488        0xa CMakeFiles/project.dir/C_/Program_Files/Raspberry_Pi/Pico_SDK_v1.5.1/pico-sdk/src/rp2_common/pico_double/double_aeabi.S.obj
                0x10004488                __wrap___aeabi_dcmpgt
 .text.__wrap___aeabi_dcmpun
                0x10004492       0x1c CMakeFiles/project.dir/C_/Program_Files/Raspberry_Pi/Pico_SDK_v1.5.1/pico-sdk/src/rp2_common/pico_double/double_aeabi.S.obj
                0x10004492                __wrap___aeabi_dcmpun
 *fill*         0x100044ae        0x2 
 .text.__wrap___aeabi_i2d
                0x100044b0       0x38 CMakeFiles/project.dir/C_/Program_Files/Raspberry_Pi/Pico_SDK_v1.5.1/pico-sdk/src/rp2_common/pico_double/double_aeabi.S.obj
                0x100044b0                __wrap___aeabi_ui2d
                0x100044b8                __wrap___aeabi_i2d
 .text.__wrap___aeabi_d2iz
                0x100044e8       0x48 CMakeFiles/project.dir/C_/Program_Files/Raspberry_Pi/Pico_SDK_v1.5.1/pico-sdk/src/rp2_common/pico_double/double_aeabi.S.obj
                0x100044e8                double2int_z
                0x100044e8                __wrap___aeabi_d2iz
 .text.__wrap___aeabi_d2uiz
                0x10004530       0x10 CMakeFiles/project.dir/C_/Program_Files/Raspberry_Pi/Pico_SDK_v1.5.1/pico-sdk/src/rp2_common/pico_double/double_aeabi.S.obj
                0x10004530                __wrap___aeabi_d2uiz
                0x10004530                double2uint
 .text.fix642double
                0x10004540       0x10 CMakeFiles/project.dir/C_/Program_Files/Raspberry_Pi/Pico_SDK_v1.5.1/pico-sdk/src/rp2_common/pico_double/double_aeabi.S.obj
                0x10004540                fix642double
 .text.__wrap___aeabi_d2f
                0x10004550       0x10 CMakeFiles/project.dir/C_/Program_Files/Raspberry_Pi/Pico_SDK_v1.5.1/pico-sdk/src/rp2_common/pico_double/double_aeabi.S.obj
                0x10004550                __wrap___aeabi_d2f
 .text.__wrap_srqt
                0x10004560       0x10 CMakeFiles/project.dir/C_/Program_Files/Raspberry_Pi/Pico_SDK_v1.5.1/pico-sdk/src/rp2_common/pico_double/double_aeabi.S.obj
                0x10004560                __wrap_sqrt
 .text.__wrap_sincostan_remainder
                0x10004570       0x14 CMakeFiles/project.dir/C_/Program_Files/Raspberry_Pi/Pico_SDK_v1.5.1/pico-sdk/src/rp2_common/pico_double/double_aeabi.S.obj
                0x10004570                sincostan_remainder
 .text.__wrap_cos
                0x10004584       0x24 CMakeFiles/project.dir/C_/Program_Files/Raspberry_Pi/Pico_SDK_v1.5.1/pico-sdk/src/rp2_common/pico_double/double_aeabi.S.obj
                0x10004584                __wrap_cos
 .text.__wrap_sin
                0x100045a8       0x24 CMakeFiles/project.dir/C_/Program_Files/Raspberry_Pi/Pico_SDK_v1.5.1/pico-sdk/src/rp2_common/pico_double/double_aeabi.S.obj
                0x100045a8                __wrap_sin
 .text.__wrap_log
                0x100045cc       0x10 CMakeFiles/project.dir/C_/Program_Files/Raspberry_Pi/Pico_SDK_v1.5.1/pico-sdk/src/rp2_common/pico_double/double_aeabi.S.obj
                0x100045cc                __wrap_log
 .text.missing_double_func_shim
                0x100045dc        0xc CMakeFiles/project.dir/C_/Program_Files/Raspberry_Pi/Pico_SDK_v1.5.1/pico-sdk/src/rp2_common/pico_double/double_init_rom.c.obj
 .text.__aeabi_double_init
                0x100045e8       0xcc CMakeFiles/project.dir/C_/Program_Files/Raspberry_Pi/Pico_SDK_v1.5.1/pico-sdk/src/rp2_common/pico_double/double_init_rom.c.obj
                0x100045e8                __aeabi_double_init
 .text.drem_0   0x100046b4      0x130 CMakeFiles/project.dir/C_/Program_Files/Raspberry_Pi/Pico_SDK_v1.5.1/pico-sdk/src/rp2_common/pico_double/double_math.c.obj
 .text.__wrap_floor
                0x100047e4       0x9c CMakeFiles/project.dir/C_/Program_Files/Raspberry_Pi/Pico_SDK_v1.5.1/pico-sdk/src/rp2_common/pico_double/double_math.c.obj
                0x100047e4                __wrap_floor
 .text.__wrap_log10
                0x10004880       0x18 CMakeFiles/project.dir/C_/Program_Files/Raspberry_Pi/Pico_SDK_v1.5.1/pico-sdk/src/rp2_common/pico_double/double_math.c.obj
                0x10004880                __wrap_log10
 .text.__wrap_remquo
                0x10004898      0x17c CMakeFiles/project.dir/C_/Program_Files/Raspberry_Pi/Pico_SDK_v1.5.1/pico-sdk/src/rp2_common/pico_double/double_math.c.obj
                0x10004898                __wrap_remquo
 .text.__wrap_remainder
                0x10004a14       0x10 CMakeFiles/project.dir/C_/Program_Files/Raspberry_Pi/Pico_SDK_v1.5.1/pico-sdk/src/rp2_common/pico_double/double_math.c.obj
                0x10004a14                __wrap_remainder
 .text.double_table_shim_on_use_helper
                0x10004a24       0x34 CMakeFiles/project.dir/C_/Program_Files/Raspberry_Pi/Pico_SDK_v1.5.1/pico-sdk/src/rp2_common/pico_double/double_v1_rom_shim.S.obj
                0x10004a24                double_table_shim_on_use_helper
 .text.__aeabi_lmul
                0x10004a58       0x32 CMakeFiles/project.dir/C_/Program_Files/Raspberry_Pi/Pico_SDK_v1.5.1/pico-sdk/src/rp2_common/pico_int64_ops/pico_int64_ops_aeabi.S.obj
                0x10004a58                __wrap___aeabi_lmul
 *fill*         0x10004a8a        0x2 
 .text.__wrap___aeabi_farithmetic
                0x10004a8c       0x48 CMakeFiles/project.dir/C_/Program_Files/Raspberry_Pi/Pico_SDK_v1.5.1/pico-sdk/src/rp2_common/pico_float/float_aeabi.S.obj
                0x10004a8c                __wrap___aeabi_frsub
                0x10004a92                __wrap___aeabi_fsub
                0x10004a98                __wrap___aeabi_fadd
                0x10004a9e                __wrap___aeabi_fdiv
                0x10004ac6                __wrap___aeabi_fmul
 .text.__wrap___aeabi_cfcmple
                0x10004ad4       0x50 CMakeFiles/project.dir/C_/Program_Files/Raspberry_Pi/Pico_SDK_v1.5.1/pico-sdk/src/rp2_common/pico_float/float_aeabi.S.obj
                0x10004ad4                __wrap___aeabi_cfrcmple
                0x10004ae0                __wrap___aeabi_cfcmple
                0x10004ae0                __wrap___aeabi_cfcmpeq
 .text.__wrap___aeabi_fcmplt
                0x10004b24        0xc CMakeFiles/project.dir/C_/Program_Files/Raspberry_Pi/Pico_SDK_v1.5.1/pico-sdk/src/rp2_common/pico_float/float_aeabi.S.obj
                0x10004b24                __wrap___aeabi_fcmplt
 .text.__wrap___aeabi_ui2f
                0x10004b30        0xa CMakeFiles/project.dir/C_/Program_Files/Raspberry_Pi/Pico_SDK_v1.5.1/pico-sdk/src/rp2_common/pico_float/float_aeabi.S.obj
                0x10004b30                __wrap___aeabi_ui2f
 *fill*         0x10004b3a        0x2 
 .text.__wrap___aeabi_i2f
                0x10004b3c       0x44 CMakeFiles/project.dir/C_/Program_Files/Raspberry_Pi/Pico_SDK_v1.5.1/pico-sdk/src/rp2_common/pico_float/float_aeabi.S.obj
                0x10004b3c                __wrap___aeabi_i2f
 .text.__wrap___aeabi_f2d
                0x10004b80        0xc CMakeFiles/project.dir/C_/Program_Files/Raspberry_Pi/Pico_SDK_v1.5.1/pico-sdk/src/rp2_common/pico_float/float_aeabi.S.obj
                0x10004b80                __wrap___aeabi_f2d
 .text.missing_float_func_shim
                0x10004b8c        0xc CMakeFiles/project.dir/C_/Program_Files/Raspberry_Pi/Pico_SDK_v1.5.1/pico-sdk/src/rp2_common/pico_float/float_init_rom.c.obj
 .text.__aeabi_float_init
                0x10004b98       0x88 CMakeFiles/project.dir/C_/Program_Files/Raspberry_Pi/Pico_SDK_v1.5.1/pico-sdk/src/rp2_common/pico_float/float_init_rom.c.obj
                0x10004b98                __aeabi_float_init
 .text.__wrap_malloc
                0x10004c20       0x24 CMakeFiles/project.dir/C_/Program_Files/Raspberry_Pi/Pico_SDK_v1.5.1/pico-sdk/src/rp2_common/pico_malloc/pico_malloc.c.obj
                0x10004c20                __wrap_malloc
 .text.__wrap_free
                0x10004c44        0x8 CMakeFiles/project.dir/C_/Program_Files/Raspberry_Pi/Pico_SDK_v1.5.1/pico-sdk/src/rp2_common/pico_malloc/pico_malloc.c.obj
                0x10004c44                __wrap_free
 .text          0x10004c4c       0x10 CMakeFiles/project.dir/C_/Program_Files/Raspberry_Pi/Pico_SDK_v1.5.1/pico-sdk/src/rp2_common/pico_mem_ops/mem_ops_aeabi.S.obj
                0x10004c4c                __aeabi_mem_init
 .text.memset   0x10004c5c        0xc CMakeFiles/project.dir/C_/Program_Files/Raspberry_Pi/Pico_SDK_v1.5.1/pico-sdk/src/rp2_common/pico_mem_ops/mem_ops_aeabi.S.obj
                0x10004c5c                __wrap_memset
 .text.memcpy   0x10004c68        0xc CMakeFiles/project.dir/C_/Program_Files/Raspberry_Pi/Pico_SDK_v1.5.1/pico-sdk/src/rp2_common/pico_mem_ops/mem_ops_aeabi.S.obj
                0x10004c68                __wrap_memcpy
                0x10004c68                __wrap___aeabi_memcpy
 .text.stdio_out_chars_no_crlf
                0x10004c74        0xe CMakeFiles/project.dir/C_/Program_Files/Raspberry_Pi/Pico_SDK_v1.5.1/pico-sdk/src/rp2_common/pico_stdio/stdio.c.obj
 *fill*         0x10004c82        0x2 
 .text.stdio_out_chars_crlf
                0x10004c84       0x80 CMakeFiles/project.dir/C_/Program_Files/Raspberry_Pi/Pico_SDK_v1.5.1/pico-sdk/src/rp2_common/pico_stdio/stdio.c.obj
 .text.stdio_stack_buffer_flush
                0x10004d04       0x44 CMakeFiles/project.dir/C_/Program_Files/Raspberry_Pi/Pico_SDK_v1.5.1/pico-sdk/src/rp2_common/pico_stdio/stdio.c.obj
 .text.stdio_buffered_printer
                0x10004d48       0x20 CMakeFiles/project.dir/C_/Program_Files/Raspberry_Pi/Pico_SDK_v1.5.1/pico-sdk/src/rp2_common/pico_stdio/stdio.c.obj
 .text.stdio_get_until
                0x10004d68       0x80 CMakeFiles/project.dir/C_/Program_Files/Raspberry_Pi/Pico_SDK_v1.5.1/pico-sdk/src/rp2_common/pico_stdio/stdio.c.obj
 .text.stdout_serialize_begin
                0x10004de8       0x5c CMakeFiles/project.dir/C_/Program_Files/Raspberry_Pi/Pico_SDK_v1.5.1/pico-sdk/src/rp2_common/pico_stdio/stdio.c.obj
                0x10004de8                stdout_serialize_begin
 .text.stdout_serialize_end
                0x10004e44       0x10 CMakeFiles/project.dir/C_/Program_Files/Raspberry_Pi/Pico_SDK_v1.5.1/pico-sdk/src/rp2_common/pico_stdio/stdio.c.obj
                0x10004e44                stdout_serialize_end
 .text.stdio_put_string
                0x10004e54       0x98 CMakeFiles/project.dir/C_/Program_Files/Raspberry_Pi/Pico_SDK_v1.5.1/pico-sdk/src/rp2_common/pico_stdio/stdio.c.obj
 .text.__wrap_putchar
                0x10004eec       0x1c CMakeFiles/project.dir/C_/Program_Files/Raspberry_Pi/Pico_SDK_v1.5.1/pico-sdk/src/rp2_common/pico_stdio/stdio.c.obj
                0x10004eec                __wrap_putchar
 .text._read    0x10004f08       0x24 CMakeFiles/project.dir/C_/Program_Files/Raspberry_Pi/Pico_SDK_v1.5.1/pico-sdk/src/rp2_common/pico_stdio/stdio.c.obj
                0x10004f08                _read
 .text._write   0x10004f2c       0x22 CMakeFiles/project.dir/C_/Program_Files/Raspberry_Pi/Pico_SDK_v1.5.1/pico-sdk/src/rp2_common/pico_stdio/stdio.c.obj
                0x10004f2c                _write
 .text._close   0x10004f4e        0x6 CMakeFiles/project.dir/C_/Program_Files/Raspberry_Pi/Pico_SDK_v1.5.1/pico-sdk/src/rp2_common/pico_stdio/stdio.c.obj
                0x10004f4e                _close
 .text._lseek   0x10004f54        0x6 CMakeFiles/project.dir/C_/Program_Files/Raspberry_Pi/Pico_SDK_v1.5.1/pico-sdk/src/rp2_common/pico_stdio/stdio.c.obj
                0x10004f54                _lseek
 .text._fstat   0x10004f5a        0x6 CMakeFiles/project.dir/C_/Program_Files/Raspberry_Pi/Pico_SDK_v1.5.1/pico-sdk/src/rp2_common/pico_stdio/stdio.c.obj
                0x10004f5a                _fstat
 .text._isatty  0x10004f60        0xc CMakeFiles/project.dir/C_/Program_Files/Raspberry_Pi/Pico_SDK_v1.5.1/pico-sdk/src/rp2_common/pico_stdio/stdio.c.obj
                0x10004f60                _isatty
 .text.stdio_set_driver_enabled
                0x10004f6c       0x2c CMakeFiles/project.dir/C_/Program_Files/Raspberry_Pi/Pico_SDK_v1.5.1/pico-sdk/src/rp2_common/pico_stdio/stdio.c.obj
                0x10004f6c                stdio_set_driver_enabled
 .text.stdio_flush
                0x10004f98       0x20 CMakeFiles/project.dir/C_/Program_Files/Raspberry_Pi/Pico_SDK_v1.5.1/pico-sdk/src/rp2_common/pico_stdio/stdio.c.obj
                0x10004f98                stdio_flush
 .text.__wrap_puts
                0x10004fb8       0x1e CMakeFiles/project.dir/C_/Program_Files/Raspberry_Pi/Pico_SDK_v1.5.1/pico-sdk/src/rp2_common/pico_stdio/stdio.c.obj
                0x10004fb8                __wrap_puts
 *fill*         0x10004fd6        0x2 
 .text.__wrap_vprintf
                0x10004fd8       0x40 CMakeFiles/project.dir/C_/Program_Files/Raspberry_Pi/Pico_SDK_v1.5.1/pico-sdk/src/rp2_common/pico_stdio/stdio.c.obj
                0x10004fd8                __wrap_vprintf
 .text.__wrap_printf
                0x10005018       0x18 CMakeFiles/project.dir/C_/Program_Files/Raspberry_Pi/Pico_SDK_v1.5.1/pico-sdk/src/rp2_common/pico_stdio/stdio.c.obj
                0x10005018                __wrap_printf
 .text.stdio_init_all
                0x10005030        0x8 CMakeFiles/project.dir/C_/Program_Files/Raspberry_Pi/Pico_SDK_v1.5.1/pico-sdk/src/rp2_common/pico_stdio/stdio.c.obj
                0x10005030                stdio_init_all
 .text.__wrap_getchar
                0x10005038       0x40 CMakeFiles/project.dir/C_/Program_Files/Raspberry_Pi/Pico_SDK_v1.5.1/pico-sdk/src/rp2_common/pico_stdio/stdio.c.obj
                0x10005038                __wrap_getchar
 .text.resetd_init
                0x10005078        0x2 CMakeFiles/project.dir/C_/Program_Files/Raspberry_Pi/Pico_SDK_v1.5.1/pico-sdk/src/rp2_common/pico_stdio_usb/reset_interface.c.obj
 *fill*         0x1000507a        0x2 
 .text.resetd_reset
                0x1000507c        0xc CMakeFiles/project.dir/C_/Program_Files/Raspberry_Pi/Pico_SDK_v1.5.1/pico-sdk/src/rp2_common/pico_stdio_usb/reset_interface.c.obj
 .text.resetd_open
                0x10005088       0x34 CMakeFiles/project.dir/C_/Program_Files/Raspberry_Pi/Pico_SDK_v1.5.1/pico-sdk/src/rp2_common/pico_stdio_usb/reset_interface.c.obj
 .text.resetd_xfer_cb
                0x100050bc        0x4 CMakeFiles/project.dir/C_/Program_Files/Raspberry_Pi/Pico_SDK_v1.5.1/pico-sdk/src/rp2_common/pico_stdio_usb/reset_interface.c.obj
 .text.reset_usb_boot
                0x100050c0       0x18 CMakeFiles/project.dir/C_/Program_Files/Raspberry_Pi/Pico_SDK_v1.5.1/pico-sdk/src/rp2_common/pico_stdio_usb/reset_interface.c.obj
 .text.resetd_control_xfer_cb
                0x100050d8       0x5c CMakeFiles/project.dir/C_/Program_Files/Raspberry_Pi/Pico_SDK_v1.5.1/pico-sdk/src/rp2_common/pico_stdio_usb/reset_interface.c.obj
 .text.usbd_app_driver_get_cb
                0x10005134        0xc CMakeFiles/project.dir/C_/Program_Files/Raspberry_Pi/Pico_SDK_v1.5.1/pico-sdk/src/rp2_common/pico_stdio_usb/reset_interface.c.obj
                0x10005134                usbd_app_driver_get_cb
 .text.tud_cdc_line_coding_cb
                0x10005140       0x28 CMakeFiles/project.dir/C_/Program_Files/Raspberry_Pi/Pico_SDK_v1.5.1/pico-sdk/src/rp2_common/pico_stdio_usb/reset_interface.c.obj
                0x10005140                tud_cdc_line_coding_cb
 .text.stdio_usb_set_chars_available_callback
                0x10005168       0x14 CMakeFiles/project.dir/C_/Program_Files/Raspberry_Pi/Pico_SDK_v1.5.1/pico-sdk/src/rp2_common/pico_stdio_usb/stdio_usb.c.obj
                0x10005168                stdio_usb_set_chars_available_callback
 .text.usb_irq  0x1000517c       0x10 CMakeFiles/project.dir/C_/Program_Files/Raspberry_Pi/Pico_SDK_v1.5.1/pico-sdk/src/rp2_common/pico_stdio_usb/stdio_usb.c.obj
 .text.timer_task
                0x1000518c       0x5c CMakeFiles/project.dir/C_/Program_Files/Raspberry_Pi/Pico_SDK_v1.5.1/pico-sdk/src/rp2_common/pico_stdio_usb/stdio_usb.c.obj
 .text.low_priority_worker_irq
                0x100051e8       0xdc CMakeFiles/project.dir/C_/Program_Files/Raspberry_Pi/Pico_SDK_v1.5.1/pico-sdk/src/rp2_common/pico_stdio_usb/stdio_usb.c.obj
 .text.tud_cdc_rx_cb
                0x100052c4       0x20 CMakeFiles/project.dir/C_/Program_Files/Raspberry_Pi/Pico_SDK_v1.5.1/pico-sdk/src/rp2_common/pico_stdio_usb/stdio_usb.c.obj
                0x100052c4                tud_cdc_rx_cb
 .text.stdio_usb_init
                0x100052e4      0x11c CMakeFiles/project.dir/C_/Program_Files/Raspberry_Pi/Pico_SDK_v1.5.1/pico-sdk/src/rp2_common/pico_stdio_usb/stdio_usb.c.obj
                0x100052e4                stdio_usb_init
 .text.stdio_usb_connected
                0x10005400        0xa CMakeFiles/project.dir/C_/Program_Files/Raspberry_Pi/Pico_SDK_v1.5.1/pico-sdk/src/rp2_common/pico_stdio_usb/stdio_usb.c.obj
                0x10005400                stdio_usb_connected
 *fill*         0x1000540a        0x2 
 .text.stdio_usb_in_chars
                0x1000540c       0xc4 CMakeFiles/project.dir/C_/Program_Files/Raspberry_Pi/Pico_SDK_v1.5.1/pico-sdk/src/rp2_common/pico_stdio_usb/stdio_usb.c.obj
                0x1000540c                stdio_usb_in_chars
 .text.stdio_usb_out_chars
                0x100054d0      0x114 CMakeFiles/project.dir/C_/Program_Files/Raspberry_Pi/Pico_SDK_v1.5.1/pico-sdk/src/rp2_common/pico_stdio_usb/stdio_usb.c.obj
 .text.tud_descriptor_device_cb
                0x100055e4        0x8 CMakeFiles/project.dir/C_/Program_Files/Raspberry_Pi/Pico_SDK_v1.5.1/pico-sdk/src/rp2_common/pico_stdio_usb/stdio_usb_descriptors.c.obj
                0x100055e4                tud_descriptor_device_cb
 .text.tud_descriptor_configuration_cb
                0x100055ec        0x8 CMakeFiles/project.dir/C_/Program_Files/Raspberry_Pi/Pico_SDK_v1.5.1/pico-sdk/src/rp2_common/pico_stdio_usb/stdio_usb_descriptors.c.obj
                0x100055ec                tud_descriptor_configuration_cb
 .text.tud_descriptor_string_cb
                0x100055f4       0x6c CMakeFiles/project.dir/C_/Program_Files/Raspberry_Pi/Pico_SDK_v1.5.1/pico-sdk/src/rp2_common/pico_stdio_usb/stdio_usb_descriptors.c.obj
                0x100055f4                tud_descriptor_string_cb
 .text._retrieve_unique_id_on_boot
                0x10005660       0x10 CMakeFiles/project.dir/C_/Program_Files/Raspberry_Pi/Pico_SDK_v1.5.1/pico-sdk/src/rp2_common/pico_unique_id/unique_id.c.obj
 .text.pico_get_unique_board_id_string
                0x10005670       0x60 CMakeFiles/project.dir/C_/Program_Files/Raspberry_Pi/Pico_SDK_v1.5.1/pico-sdk/src/rp2_common/pico_unique_id/unique_id.c.obj
                0x10005670                pico_get_unique_board_id_string
 .text.flash_get_unique_id
                0x100056d0       0x46 CMakeFiles/project.dir/C_/Program_Files/Raspberry_Pi/Pico_SDK_v1.5.1/pico-sdk/src/rp2_common/hardware_flash/flash.c.obj
                0x100056d0                flash_get_unique_id
 *fill*         0x10005716        0x2 
 .text.hw_endpoint_get_by_addr
                0x10005718       0x18 CMakeFiles/project.dir/C_/Program_Files/Raspberry_Pi/Pico_SDK_v1.5.1/pico-sdk/lib/tinyusb/src/portable/raspberrypi/rp2040/dcd_rp2040.c.obj
 .text._hw_endpoint_alloc
                0x10005730       0x70 CMakeFiles/project.dir/C_/Program_Files/Raspberry_Pi/Pico_SDK_v1.5.1/pico-sdk/lib/tinyusb/src/portable/raspberrypi/rp2040/dcd_rp2040.c.obj
 .text.hw_endpoint_init
                0x100057a0       0x88 CMakeFiles/project.dir/C_/Program_Files/Raspberry_Pi/Pico_SDK_v1.5.1/pico-sdk/lib/tinyusb/src/portable/raspberrypi/rp2040/dcd_rp2040.c.obj
 .text.hw_endpoint_xfer
                0x10005828       0x14 CMakeFiles/project.dir/C_/Program_Files/Raspberry_Pi/Pico_SDK_v1.5.1/pico-sdk/lib/tinyusb/src/portable/raspberrypi/rp2040/dcd_rp2040.c.obj
 .text.dcd_int_enable
                0x1000583c       0x2c CMakeFiles/project.dir/C_/Program_Files/Raspberry_Pi/Pico_SDK_v1.5.1/pico-sdk/lib/tinyusb/src/portable/raspberrypi/rp2040/dcd_rp2040.c.obj
                0x1000583c                dcd_int_enable
 .text.dcd_set_address
                0x10005868       0x2c CMakeFiles/project.dir/C_/Program_Files/Raspberry_Pi/Pico_SDK_v1.5.1/pico-sdk/lib/tinyusb/src/portable/raspberrypi/rp2040/dcd_rp2040.c.obj
                0x10005868                dcd_set_address
 .text.dcd_connect
                0x10005894       0x10 CMakeFiles/project.dir/C_/Program_Files/Raspberry_Pi/Pico_SDK_v1.5.1/pico-sdk/lib/tinyusb/src/portable/raspberrypi/rp2040/dcd_rp2040.c.obj
                0x10005894                dcd_connect
 .text.dcd_init
                0x100058a4       0x80 CMakeFiles/project.dir/C_/Program_Files/Raspberry_Pi/Pico_SDK_v1.5.1/pico-sdk/lib/tinyusb/src/portable/raspberrypi/rp2040/dcd_rp2040.c.obj
                0x100058a4                dcd_init
 .text.dcd_edpt0_status_complete
                0x10005924       0x1c CMakeFiles/project.dir/C_/Program_Files/Raspberry_Pi/Pico_SDK_v1.5.1/pico-sdk/lib/tinyusb/src/portable/raspberrypi/rp2040/dcd_rp2040.c.obj
                0x10005924                dcd_edpt0_status_complete
 .text.dcd_edpt_open
                0x10005940       0x40 CMakeFiles/project.dir/C_/Program_Files/Raspberry_Pi/Pico_SDK_v1.5.1/pico-sdk/lib/tinyusb/src/portable/raspberrypi/rp2040/dcd_rp2040.c.obj
                0x10005940                dcd_edpt_open
 .text.dcd_edpt_close_all
                0x10005980        0x8 CMakeFiles/project.dir/C_/Program_Files/Raspberry_Pi/Pico_SDK_v1.5.1/pico-sdk/lib/tinyusb/src/portable/raspberrypi/rp2040/dcd_rp2040.c.obj
                0x10005980                dcd_edpt_close_all
 .text.dcd_edpt_xfer
                0x10005988       0x34 CMakeFiles/project.dir/C_/Program_Files/Raspberry_Pi/Pico_SDK_v1.5.1/pico-sdk/lib/tinyusb/src/portable/raspberrypi/rp2040/dcd_rp2040.c.obj
                0x10005988                dcd_edpt_xfer
 .text.dcd_edpt_stall
                0x100059bc       0x2c CMakeFiles/project.dir/C_/Program_Files/Raspberry_Pi/Pico_SDK_v1.5.1/pico-sdk/lib/tinyusb/src/portable/raspberrypi/rp2040/dcd_rp2040.c.obj
                0x100059bc                dcd_edpt_stall
 .text.dcd_edpt_clear_stall
                0x100059e8       0x20 CMakeFiles/project.dir/C_/Program_Files/Raspberry_Pi/Pico_SDK_v1.5.1/pico-sdk/lib/tinyusb/src/portable/raspberrypi/rp2040/dcd_rp2040.c.obj
                0x100059e8                dcd_edpt_clear_stall
 .text.rp2040_usb_init
                0x10005a08       0x4c CMakeFiles/project.dir/C_/Program_Files/Raspberry_Pi/Pico_SDK_v1.5.1/pico-sdk/lib/tinyusb/src/portable/raspberrypi/rp2040/rp2040_usb.c.obj
                0x10005a08                rp2040_usb_init
 .text.hw_endpoint_xfer_start
                0x10005a54       0x50 CMakeFiles/project.dir/C_/Program_Files/Raspberry_Pi/Pico_SDK_v1.5.1/pico-sdk/lib/tinyusb/src/portable/raspberrypi/rp2040/rp2040_usb.c.obj
                0x10005a54                hw_endpoint_xfer_start
 .text.configuration_reset
                0x10005aa4       0x84 CMakeFiles/project.dir/C_/Program_Files/Raspberry_Pi/Pico_SDK_v1.5.1/pico-sdk/lib/tinyusb/src/device/usbd.c.obj
 .text.usbd_reset
                0x10005b28        0xc CMakeFiles/project.dir/C_/Program_Files/Raspberry_Pi/Pico_SDK_v1.5.1/pico-sdk/lib/tinyusb/src/device/usbd.c.obj
 .text.invoke_class_control
                0x10005b34       0x1a CMakeFiles/project.dir/C_/Program_Files/Raspberry_Pi/Pico_SDK_v1.5.1/pico-sdk/lib/tinyusb/src/device/usbd.c.obj
 *fill*         0x10005b4e        0x2 
 .text.process_set_config
                0x10005b50      0x178 CMakeFiles/project.dir/C_/Program_Files/Raspberry_Pi/Pico_SDK_v1.5.1/pico-sdk/lib/tinyusb/src/device/usbd.c.obj
 .text.process_get_descriptor
                0x10005cc8       0xdc CMakeFiles/project.dir/C_/Program_Files/Raspberry_Pi/Pico_SDK_v1.5.1/pico-sdk/lib/tinyusb/src/device/usbd.c.obj
 .text.tud_mounted
                0x10005da4       0x10 CMakeFiles/project.dir/C_/Program_Files/Raspberry_Pi/Pico_SDK_v1.5.1/pico-sdk/lib/tinyusb/src/device/usbd.c.obj
                0x10005da4                tud_mounted
 .text.tud_suspended
                0x10005db4       0x10 CMakeFiles/project.dir/C_/Program_Files/Raspberry_Pi/Pico_SDK_v1.5.1/pico-sdk/lib/tinyusb/src/device/usbd.c.obj
                0x10005db4                tud_suspended
 .text.tud_inited
                0x10005dc4       0x14 CMakeFiles/project.dir/C_/Program_Files/Raspberry_Pi/Pico_SDK_v1.5.1/pico-sdk/lib/tinyusb/src/device/usbd.c.obj
                0x10005dc4                tud_inited
 .text.tud_init
                0x10005dd8       0xcc CMakeFiles/project.dir/C_/Program_Files/Raspberry_Pi/Pico_SDK_v1.5.1/pico-sdk/lib/tinyusb/src/device/usbd.c.obj
                0x10005dd8                tud_init
 .text.usbd_defer_func
                0x10005ea4       0x2a CMakeFiles/project.dir/C_/Program_Files/Raspberry_Pi/Pico_SDK_v1.5.1/pico-sdk/lib/tinyusb/src/device/usbd.c.obj
                0x10005ea4                usbd_defer_func
 *fill*         0x10005ece        0x2 
 .text.usbd_edpt_open
                0x10005ed0       0x34 CMakeFiles/project.dir/C_/Program_Files/Raspberry_Pi/Pico_SDK_v1.5.1/pico-sdk/lib/tinyusb/src/device/usbd.c.obj
                0x10005ed0                usbd_edpt_open
 .text.usbd_open_edpt_pair
                0x10005f04       0x62 CMakeFiles/project.dir/C_/Program_Files/Raspberry_Pi/Pico_SDK_v1.5.1/pico-sdk/lib/tinyusb/src/device/usbd.c.obj
                0x10005f04                usbd_open_edpt_pair
 *fill*         0x10005f66        0x2 
 .text.usbd_edpt_claim
                0x10005f68       0x28 CMakeFiles/project.dir/C_/Program_Files/Raspberry_Pi/Pico_SDK_v1.5.1/pico-sdk/lib/tinyusb/src/device/usbd.c.obj
                0x10005f68                usbd_edpt_claim
 .text.usbd_edpt_release
                0x10005f90       0x28 CMakeFiles/project.dir/C_/Program_Files/Raspberry_Pi/Pico_SDK_v1.5.1/pico-sdk/lib/tinyusb/src/device/usbd.c.obj
                0x10005f90                usbd_edpt_release
 .text.usbd_edpt_xfer
                0x10005fb8       0x78 CMakeFiles/project.dir/C_/Program_Files/Raspberry_Pi/Pico_SDK_v1.5.1/pico-sdk/lib/tinyusb/src/device/usbd.c.obj
                0x10005fb8                usbd_edpt_xfer
 .text.usbd_edpt_stall
                0x10006030       0x48 CMakeFiles/project.dir/C_/Program_Files/Raspberry_Pi/Pico_SDK_v1.5.1/pico-sdk/lib/tinyusb/src/device/usbd.c.obj
                0x10006030                usbd_edpt_stall
 .text.usbd_edpt_clear_stall
                0x10006078       0x48 CMakeFiles/project.dir/C_/Program_Files/Raspberry_Pi/Pico_SDK_v1.5.1/pico-sdk/lib/tinyusb/src/device/usbd.c.obj
                0x10006078                usbd_edpt_clear_stall
 .text.usbd_edpt_stalled
                0x100060c0       0x1c CMakeFiles/project.dir/C_/Program_Files/Raspberry_Pi/Pico_SDK_v1.5.1/pico-sdk/lib/tinyusb/src/device/usbd.c.obj
                0x100060c0                usbd_edpt_stalled
 .text.process_control_request
                0x100060dc      0x37c CMakeFiles/project.dir/C_/Program_Files/Raspberry_Pi/Pico_SDK_v1.5.1/pico-sdk/lib/tinyusb/src/device/usbd.c.obj
 .text.tud_task_ext
                0x10006458      0x1b8 CMakeFiles/project.dir/C_/Program_Files/Raspberry_Pi/Pico_SDK_v1.5.1/pico-sdk/lib/tinyusb/src/device/usbd.c.obj
                0x10006458                tud_task_ext
 .text._data_stage_xact
                0x10006610       0x58 CMakeFiles/project.dir/C_/Program_Files/Raspberry_Pi/Pico_SDK_v1.5.1/pico-sdk/lib/tinyusb/src/device/usbd_control.c.obj
 .text.tud_control_status
                0x10006668       0x38 CMakeFiles/project.dir/C_/Program_Files/Raspberry_Pi/Pico_SDK_v1.5.1/pico-sdk/lib/tinyusb/src/device/usbd_control.c.obj
                0x10006668                tud_control_status
 .text.tud_control_xfer
                0x100066a0       0x74 CMakeFiles/project.dir/C_/Program_Files/Raspberry_Pi/Pico_SDK_v1.5.1/pico-sdk/lib/tinyusb/src/device/usbd_control.c.obj
                0x100066a0                tud_control_xfer
 .text.usbd_control_reset
                0x10006714       0x14 CMakeFiles/project.dir/C_/Program_Files/Raspberry_Pi/Pico_SDK_v1.5.1/pico-sdk/lib/tinyusb/src/device/usbd_control.c.obj
                0x10006714                usbd_control_reset
 .text.usbd_control_set_complete_callback
                0x10006728        0xc CMakeFiles/project.dir/C_/Program_Files/Raspberry_Pi/Pico_SDK_v1.5.1/pico-sdk/lib/tinyusb/src/device/usbd_control.c.obj
                0x10006728                usbd_control_set_complete_callback
 .text.usbd_control_set_request
                0x10006734       0x1c CMakeFiles/project.dir/C_/Program_Files/Raspberry_Pi/Pico_SDK_v1.5.1/pico-sdk/lib/tinyusb/src/device/usbd_control.c.obj
                0x10006734                usbd_control_set_request
 .text.usbd_control_xfer_cb
                0x10006750       0xcc CMakeFiles/project.dir/C_/Program_Files/Raspberry_Pi/Pico_SDK_v1.5.1/pico-sdk/lib/tinyusb/src/device/usbd_control.c.obj
                0x10006750                usbd_control_xfer_cb
 .text._prep_out_transaction
                0x1000681c       0x4a CMakeFiles/project.dir/C_/Program_Files/Raspberry_Pi/Pico_SDK_v1.5.1/pico-sdk/lib/tinyusb/src/class/cdc/cdc_device.c.obj
 *fill*         0x10006866        0x2 
 .text.tud_cdc_n_connected
                0x10006868       0x44 CMakeFiles/project.dir/C_/Program_Files/Raspberry_Pi/Pico_SDK_v1.5.1/pico-sdk/lib/tinyusb/src/class/cdc/cdc_device.c.obj
                0x10006868                tud_cdc_n_connected
 .text.tud_cdc_n_available
                0x100068ac       0x18 CMakeFiles/project.dir/C_/Program_Files/Raspberry_Pi/Pico_SDK_v1.5.1/pico-sdk/lib/tinyusb/src/class/cdc/cdc_device.c.obj
                0x100068ac                tud_cdc_n_available
 .text.tud_cdc_n_read
                0x100068c4       0x28 CMakeFiles/project.dir/C_/Program_Files/Raspberry_Pi/Pico_SDK_v1.5.1/pico-sdk/lib/tinyusb/src/class/cdc/cdc_device.c.obj
                0x100068c4                tud_cdc_n_read
 .text.tud_cdc_n_write_flush
                0x100068ec       0xb8 CMakeFiles/project.dir/C_/Program_Files/Raspberry_Pi/Pico_SDK_v1.5.1/pico-sdk/lib/tinyusb/src/class/cdc/cdc_device.c.obj
                0x100068ec                tud_cdc_n_write_flush
 .text.tud_cdc_n_write
                0x100069a4       0x38 CMakeFiles/project.dir/C_/Program_Files/Raspberry_Pi/Pico_SDK_v1.5.1/pico-sdk/lib/tinyusb/src/class/cdc/cdc_device.c.obj
                0x100069a4                tud_cdc_n_write
 .text.tud_cdc_n_write_available
                0x100069dc       0x1c CMakeFiles/project.dir/C_/Program_Files/Raspberry_Pi/Pico_SDK_v1.5.1/pico-sdk/lib/tinyusb/src/class/cdc/cdc_device.c.obj
                0x100069dc                tud_cdc_n_write_available
 .text.cdcd_init
                0x100069f8       0xbc CMakeFiles/project.dir/C_/Program_Files/Raspberry_Pi/Pico_SDK_v1.5.1/pico-sdk/lib/tinyusb/src/class/cdc/cdc_device.c.obj
                0x100069f8                cdcd_init
 .text.cdcd_reset
                0x10006ab4       0x44 CMakeFiles/project.dir/C_/Program_Files/Raspberry_Pi/Pico_SDK_v1.5.1/pico-sdk/lib/tinyusb/src/class/cdc/cdc_device.c.obj
                0x10006ab4                cdcd_reset
 .text.cdcd_open
                0x10006af8       0xcc CMakeFiles/project.dir/C_/Program_Files/Raspberry_Pi/Pico_SDK_v1.5.1/pico-sdk/lib/tinyusb/src/class/cdc/cdc_device.c.obj
                0x10006af8                cdcd_open
 .text.cdcd_control_xfer_cb
                0x10006bc4      0x134 CMakeFiles/project.dir/C_/Program_Files/Raspberry_Pi/Pico_SDK_v1.5.1/pico-sdk/lib/tinyusb/src/class/cdc/cdc_device.c.obj
                0x10006bc4                cdcd_control_xfer_cb
 .text.cdcd_xfer_cb
                0x10006cf8      0x130 CMakeFiles/project.dir/C_/Program_Files/Raspberry_Pi/Pico_SDK_v1.5.1/pico-sdk/lib/tinyusb/src/class/cdc/cdc_device.c.obj
                0x10006cf8                cdcd_xfer_cb
 .text.tusb_init
                0x10006e28        0xa CMakeFiles/project.dir/C_/Program_Files/Raspberry_Pi/Pico_SDK_v1.5.1/pico-sdk/lib/tinyusb/src/tusb.c.obj
                0x10006e28                tusb_init
 .text.tusb_inited
                0x10006e32        0xe CMakeFiles/project.dir/C_/Program_Files/Raspberry_Pi/Pico_SDK_v1.5.1/pico-sdk/lib/tinyusb/src/tusb.c.obj
                0x10006e32                tusb_inited
 .text.tu_edpt_claim
                0x10006e40       0x50 CMakeFiles/project.dir/C_/Program_Files/Raspberry_Pi/Pico_SDK_v1.5.1/pico-sdk/lib/tinyusb/src/tusb.c.obj
                0x10006e40                tu_edpt_claim
 .text.tu_edpt_release
                0x10006e90       0x3c CMakeFiles/project.dir/C_/Program_Files/Raspberry_Pi/Pico_SDK_v1.5.1/pico-sdk/lib/tinyusb/src/tusb.c.obj
                0x10006e90                tu_edpt_release
 .text.tu_edpt_validate
                0x10006ecc       0x78 CMakeFiles/project.dir/C_/Program_Files/Raspberry_Pi/Pico_SDK_v1.5.1/pico-sdk/lib/tinyusb/src/tusb.c.obj
                0x10006ecc                tu_edpt_validate
 .text.tu_edpt_bind_driver
                0x10006f44       0x26 CMakeFiles/project.dir/C_/Program_Files/Raspberry_Pi/Pico_SDK_v1.5.1/pico-sdk/lib/tinyusb/src/tusb.c.obj
                0x10006f44                tu_edpt_bind_driver
 .text.advance_index
                0x10006f6a       0x1a CMakeFiles/project.dir/C_/Program_Files/Raspberry_Pi/Pico_SDK_v1.5.1/pico-sdk/lib/tinyusb/src/common/tusb_fifo.c.obj
 .text._tu_fifo_peek
                0x10006f84       0x56 CMakeFiles/project.dir/C_/Program_Files/Raspberry_Pi/Pico_SDK_v1.5.1/pico-sdk/lib/tinyusb/src/common/tusb_fifo.c.obj
 .text._ff_pull_const_addr
                0x10006fda       0x4c CMakeFiles/project.dir/C_/Program_Files/Raspberry_Pi/Pico_SDK_v1.5.1/pico-sdk/lib/tinyusb/src/common/tusb_fifo.c.obj
 .text._ff_pull_n
                0x10007026      0x110 CMakeFiles/project.dir/C_/Program_Files/Raspberry_Pi/Pico_SDK_v1.5.1/pico-sdk/lib/tinyusb/src/common/tusb_fifo.c.obj
 .text._tu_fifo_peek_n
                0x10007136       0x6a CMakeFiles/project.dir/C_/Program_Files/Raspberry_Pi/Pico_SDK_v1.5.1/pico-sdk/lib/tinyusb/src/common/tusb_fifo.c.obj
 .text._tu_fifo_read_n
                0x100071a0       0x4e CMakeFiles/project.dir/C_/Program_Files/Raspberry_Pi/Pico_SDK_v1.5.1/pico-sdk/lib/tinyusb/src/common/tusb_fifo.c.obj
 .text._ff_push_const_addr
                0x100071ee       0x40 CMakeFiles/project.dir/C_/Program_Files/Raspberry_Pi/Pico_SDK_v1.5.1/pico-sdk/lib/tinyusb/src/common/tusb_fifo.c.obj
 .text._ff_push_n
                0x1000722e      0x10c CMakeFiles/project.dir/C_/Program_Files/Raspberry_Pi/Pico_SDK_v1.5.1/pico-sdk/lib/tinyusb/src/common/tusb_fifo.c.obj
 .text._tu_fifo_write_n
                0x1000733a       0xf0 CMakeFiles/project.dir/C_/Program_Files/Raspberry_Pi/Pico_SDK_v1.5.1/pico-sdk/lib/tinyusb/src/common/tusb_fifo.c.obj
 .text.tu_fifo_config
                0x1000742a       0x7c CMakeFiles/project.dir/C_/Program_Files/Raspberry_Pi/Pico_SDK_v1.5.1/pico-sdk/lib/tinyusb/src/common/tusb_fifo.c.obj
                0x1000742a                tu_fifo_config
 .text.tu_fifo_count
                0x100074a6       0x2a CMakeFiles/project.dir/C_/Program_Files/Raspberry_Pi/Pico_SDK_v1.5.1/pico-sdk/lib/tinyusb/src/common/tusb_fifo.c.obj
                0x100074a6                tu_fifo_count
 .text.tu_fifo_empty
                0x100074d0       0x10 CMakeFiles/project.dir/C_/Program_Files/Raspberry_Pi/Pico_SDK_v1.5.1/pico-sdk/lib/tinyusb/src/common/tusb_fifo.c.obj
                0x100074d0                tu_fifo_empty
 .text.tu_fifo_full
                0x100074e0       0x28 CMakeFiles/project.dir/C_/Program_Files/Raspberry_Pi/Pico_SDK_v1.5.1/pico-sdk/lib/tinyusb/src/common/tusb_fifo.c.obj
                0x100074e0                tu_fifo_full
 .text.tu_fifo_remaining
                0x10007508       0x2c CMakeFiles/project.dir/C_/Program_Files/Raspberry_Pi/Pico_SDK_v1.5.1/pico-sdk/lib/tinyusb/src/common/tusb_fifo.c.obj
                0x10007508                tu_fifo_remaining
 .text.tu_fifo_read
                0x10007534       0x42 CMakeFiles/project.dir/C_/Program_Files/Raspberry_Pi/Pico_SDK_v1.5.1/pico-sdk/lib/tinyusb/src/common/tusb_fifo.c.obj
                0x10007534                tu_fifo_read
 .text.tu_fifo_read_n
                0x10007576        0xa CMakeFiles/project.dir/C_/Program_Files/Raspberry_Pi/Pico_SDK_v1.5.1/pico-sdk/lib/tinyusb/src/common/tusb_fifo.c.obj
                0x10007576                tu_fifo_read_n
 .text.tu_fifo_write
                0x10007580       0x64 CMakeFiles/project.dir/C_/Program_Files/Raspberry_Pi/Pico_SDK_v1.5.1/pico-sdk/lib/tinyusb/src/common/tusb_fifo.c.obj
                0x10007580                tu_fifo_write
 .text.tu_fifo_write_n
                0x100075e4        0xa CMakeFiles/project.dir/C_/Program_Files/Raspberry_Pi/Pico_SDK_v1.5.1/pico-sdk/lib/tinyusb/src/common/tusb_fifo.c.obj
                0x100075e4                tu_fifo_write_n
 .text.tu_fifo_clear
                0x100075ee       0x3e CMakeFiles/project.dir/C_/Program_Files/Raspberry_Pi/Pico_SDK_v1.5.1/pico-sdk/lib/tinyusb/src/common/tusb_fifo.c.obj
                0x100075ee                tu_fifo_clear
 .text.tu_fifo_set_overwritable
                0x1000762c       0x46 CMakeFiles/project.dir/C_/Program_Files/Raspberry_Pi/Pico_SDK_v1.5.1/pico-sdk/lib/tinyusb/src/common/tusb_fifo.c.obj
                0x1000762c                tu_fifo_set_overwritable
 .text.ff_memalloc
                0x10007672        0x8 CMakeFiles/project.dir/lib/no-OS-FatFS-SD-SPI-RPi-Pico/FatFs_SPI/ff15/source/ffsystem.c.obj
                0x10007672                ff_memalloc
 .text.ff_memfree
                0x1000767a        0x8 CMakeFiles/project.dir/lib/no-OS-FatFS-SD-SPI-RPi-Pico/FatFs_SPI/ff15/source/ffsystem.c.obj
                0x1000767a                ff_memfree
 *fill*         0x10007682        0x2 
 .text.ff_uni2oem
                0x10007684       0x44 CMakeFiles/project.dir/lib/no-OS-FatFS-SD-SPI-RPi-Pico/FatFs_SPI/ff15/source/ffunicode.c.obj
                0x10007684                ff_uni2oem
 .text.ff_wtoupper
                0x100076c8       0xa8 CMakeFiles/project.dir/lib/no-OS-FatFS-SD-SPI-RPi-Pico/FatFs_SPI/ff15/source/ffunicode.c.obj
                0x100076c8                ff_wtoupper
 .text.ld_word  0x10007770        0xa CMakeFiles/project.dir/lib/no-OS-FatFS-SD-SPI-RPi-Pico/FatFs_SPI/ff15/source/ff.c.obj
 .text.ld_dword
                0x1000777a       0x18 CMakeFiles/project.dir/lib/no-OS-FatFS-SD-SPI-RPi-Pico/FatFs_SPI/ff15/source/ff.c.obj
 .text.ld_qword
                0x10007792       0x42 CMakeFiles/project.dir/lib/no-OS-FatFS-SD-SPI-RPi-Pico/FatFs_SPI/ff15/source/ff.c.obj
 .text.st_word  0x100077d4        0x8 CMakeFiles/project.dir/lib/no-OS-FatFS-SD-SPI-RPi-Pico/FatFs_SPI/ff15/source/ff.c.obj
 .text.st_dword
                0x100077dc       0x10 CMakeFiles/project.dir/lib/no-OS-FatFS-SD-SPI-RPi-Pico/FatFs_SPI/ff15/source/ff.c.obj
 .text.st_qword
                0x100077ec       0x1e CMakeFiles/project.dir/lib/no-OS-FatFS-SD-SPI-RPi-Pico/FatFs_SPI/ff15/source/ff.c.obj
 .text.dbc_1st  0x1000780a        0x4 CMakeFiles/project.dir/lib/no-OS-FatFS-SD-SPI-RPi-Pico/FatFs_SPI/ff15/source/ff.c.obj
 *fill*         0x1000780e        0x2 
 .text.tchar2uni
                0x10007810       0xd0 CMakeFiles/project.dir/lib/no-OS-FatFS-SD-SPI-RPi-Pico/FatFs_SPI/ff15/source/ff.c.obj
 .text.chk_share
                0x100078e0       0x78 CMakeFiles/project.dir/lib/no-OS-FatFS-SD-SPI-RPi-Pico/FatFs_SPI/ff15/source/ff.c.obj
 .text.enq_share
                0x10007958       0x20 CMakeFiles/project.dir/lib/no-OS-FatFS-SD-SPI-RPi-Pico/FatFs_SPI/ff15/source/ff.c.obj
 .text.inc_share
                0x10007978       0xa8 CMakeFiles/project.dir/lib/no-OS-FatFS-SD-SPI-RPi-Pico/FatFs_SPI/ff15/source/ff.c.obj
 .text.dec_share
                0x10007a20       0x44 CMakeFiles/project.dir/lib/no-OS-FatFS-SD-SPI-RPi-Pico/FatFs_SPI/ff15/source/ff.c.obj
 .text.clear_share
                0x10007a64       0x24 CMakeFiles/project.dir/lib/no-OS-FatFS-SD-SPI-RPi-Pico/FatFs_SPI/ff15/source/ff.c.obj
 .text.clst2sect
                0x10007a88       0x28 CMakeFiles/project.dir/lib/no-OS-FatFS-SD-SPI-RPi-Pico/FatFs_SPI/ff15/source/ff.c.obj
 .text.clmt_clust
                0x10007ab0       0x30 CMakeFiles/project.dir/lib/no-OS-FatFS-SD-SPI-RPi-Pico/FatFs_SPI/ff15/source/ff.c.obj
 .text.ld_clust
                0x10007ae0       0x26 CMakeFiles/project.dir/lib/no-OS-FatFS-SD-SPI-RPi-Pico/FatFs_SPI/ff15/source/ff.c.obj
 .text.st_clust
                0x10007b06       0x26 CMakeFiles/project.dir/lib/no-OS-FatFS-SD-SPI-RPi-Pico/FatFs_SPI/ff15/source/ff.c.obj
 .text.pick_lfn
                0x10007b2c       0x94 CMakeFiles/project.dir/lib/no-OS-FatFS-SD-SPI-RPi-Pico/FatFs_SPI/ff15/source/ff.c.obj
 .text.put_lfn  0x10007bc0       0x8c CMakeFiles/project.dir/lib/no-OS-FatFS-SD-SPI-RPi-Pico/FatFs_SPI/ff15/source/ff.c.obj
 .text.sum_sfn  0x10007c4c       0x20 CMakeFiles/project.dir/lib/no-OS-FatFS-SD-SPI-RPi-Pico/FatFs_SPI/ff15/source/ff.c.obj
 .text.xdir_sum
                0x10007c6c       0x2e CMakeFiles/project.dir/lib/no-OS-FatFS-SD-SPI-RPi-Pico/FatFs_SPI/ff15/source/ff.c.obj
 .text.init_alloc_info
                0x10007c9a       0x2e CMakeFiles/project.dir/lib/no-OS-FatFS-SD-SPI-RPi-Pico/FatFs_SPI/ff15/source/ff.c.obj
 .text.get_ldnumber
                0x10007cc8       0x5c CMakeFiles/project.dir/lib/no-OS-FatFS-SD-SPI-RPi-Pico/FatFs_SPI/ff15/source/ff.c.obj
 .text.crc32    0x10007d24       0x2c CMakeFiles/project.dir/lib/no-OS-FatFS-SD-SPI-RPi-Pico/FatFs_SPI/ff15/source/ff.c.obj
 .text.ilog10   0x10007d50       0xb0 CMakeFiles/project.dir/lib/no-OS-FatFS-SD-SPI-RPi-Pico/FatFs_SPI/ff15/source/ff.c.obj
 .text.i10x     0x10007e00       0x54 CMakeFiles/project.dir/lib/no-OS-FatFS-SD-SPI-RPi-Pico/FatFs_SPI/ff15/source/ff.c.obj
 .text.ftoa     0x10007e54      0x294 CMakeFiles/project.dir/lib/no-OS-FatFS-SD-SPI-RPi-Pico/FatFs_SPI/ff15/source/ff.c.obj
 .text.validate
                0x100080e8       0x52 CMakeFiles/project.dir/lib/no-OS-FatFS-SD-SPI-RPi-Pico/FatFs_SPI/ff15/source/ff.c.obj
 *fill*         0x1000813a        0x2 
 .text.test_gpt_header
                0x1000813c       0x7c CMakeFiles/project.dir/lib/no-OS-FatFS-SD-SPI-RPi-Pico/FatFs_SPI/ff15/source/ff.c.obj
 .text.sync_window
                0x100081b8       0x70 CMakeFiles/project.dir/lib/no-OS-FatFS-SD-SPI-RPi-Pico/FatFs_SPI/ff15/source/ff.c.obj
 .text.move_window
                0x10008228       0x4c CMakeFiles/project.dir/lib/no-OS-FatFS-SD-SPI-RPi-Pico/FatFs_SPI/ff15/source/ff.c.obj
 .text.check_fs
                0x10008274      0x100 CMakeFiles/project.dir/lib/no-OS-FatFS-SD-SPI-RPi-Pico/FatFs_SPI/ff15/source/ff.c.obj
 .text.find_volume
                0x10008374      0x14c CMakeFiles/project.dir/lib/no-OS-FatFS-SD-SPI-RPi-Pico/FatFs_SPI/ff15/source/ff.c.obj
 .text.mount_volume
                0x100084c0      0x540 CMakeFiles/project.dir/lib/no-OS-FatFS-SD-SPI-RPi-Pico/FatFs_SPI/ff15/source/ff.c.obj
 .text.find_bitmap
                0x10008a00       0xa6 CMakeFiles/project.dir/lib/no-OS-FatFS-SD-SPI-RPi-Pico/FatFs_SPI/ff15/source/ff.c.obj
 .text.change_bitmap
                0x10008aa6       0x96 CMakeFiles/project.dir/lib/no-OS-FatFS-SD-SPI-RPi-Pico/FatFs_SPI/ff15/source/ff.c.obj
 .text.put_fat  0x10008b3c      0x176 CMakeFiles/project.dir/lib/no-OS-FatFS-SD-SPI-RPi-Pico/FatFs_SPI/ff15/source/ff.c.obj
 .text.fill_last_frag
                0x10008cb2       0x32 CMakeFiles/project.dir/lib/no-OS-FatFS-SD-SPI-RPi-Pico/FatFs_SPI/ff15/source/ff.c.obj
 .text.fill_first_frag
                0x10008ce4       0x32 CMakeFiles/project.dir/lib/no-OS-FatFS-SD-SPI-RPi-Pico/FatFs_SPI/ff15/source/ff.c.obj
 *fill*         0x10008d16        0x2 
 .text.get_fat  0x10008d18      0x1ac CMakeFiles/project.dir/lib/no-OS-FatFS-SD-SPI-RPi-Pico/FatFs_SPI/ff15/source/ff.c.obj
 .text.create_chain
                0x10008ec4      0x1c6 CMakeFiles/project.dir/lib/no-OS-FatFS-SD-SPI-RPi-Pico/FatFs_SPI/ff15/source/ff.c.obj
 .text.dir_sdi  0x1000908a       0xd4 CMakeFiles/project.dir/lib/no-OS-FatFS-SD-SPI-RPi-Pico/FatFs_SPI/ff15/source/ff.c.obj
 .text.remove_chain
                0x1000915e      0x14c CMakeFiles/project.dir/lib/no-OS-FatFS-SD-SPI-RPi-Pico/FatFs_SPI/ff15/source/ff.c.obj
 .text.putc_init
                0x100092aa       0x12 CMakeFiles/project.dir/lib/no-OS-FatFS-SD-SPI-RPi-Pico/FatFs_SPI/ff15/source/ff.c.obj
 .text.dir_clear
                0x100092bc       0xf0 CMakeFiles/project.dir/lib/no-OS-FatFS-SD-SPI-RPi-Pico/FatFs_SPI/ff15/source/ff.c.obj
 .text.dir_next
                0x100093ac      0x104 CMakeFiles/project.dir/lib/no-OS-FatFS-SD-SPI-RPi-Pico/FatFs_SPI/ff15/source/ff.c.obj
 .text.dir_alloc
                0x100094b0       0x70 CMakeFiles/project.dir/lib/no-OS-FatFS-SD-SPI-RPi-Pico/FatFs_SPI/ff15/source/ff.c.obj
 .text.load_xdir
                0x10009520      0x10c CMakeFiles/project.dir/lib/no-OS-FatFS-SD-SPI-RPi-Pico/FatFs_SPI/ff15/source/ff.c.obj
 .text.load_obj_xdir
                0x1000962c       0x36 CMakeFiles/project.dir/lib/no-OS-FatFS-SD-SPI-RPi-Pico/FatFs_SPI/ff15/source/ff.c.obj
 .text.dir_read
                0x10009662      0x114 CMakeFiles/project.dir/lib/no-OS-FatFS-SD-SPI-RPi-Pico/FatFs_SPI/ff15/source/ff.c.obj
 *fill*         0x10009776        0x2 
 .text.gen_numname
                0x10009778       0xac CMakeFiles/project.dir/lib/no-OS-FatFS-SD-SPI-RPi-Pico/FatFs_SPI/ff15/source/ff.c.obj
 .text.store_xdir
                0x10009824       0x66 CMakeFiles/project.dir/lib/no-OS-FatFS-SD-SPI-RPi-Pico/FatFs_SPI/ff15/source/ff.c.obj
 *fill*         0x1000988a        0x2 
 .text.create_name
                0x1000988c      0x324 CMakeFiles/project.dir/lib/no-OS-FatFS-SD-SPI-RPi-Pico/FatFs_SPI/ff15/source/ff.c.obj
 .text.xname_sum
                0x10009bb0       0x38 CMakeFiles/project.dir/lib/no-OS-FatFS-SD-SPI-RPi-Pico/FatFs_SPI/ff15/source/ff.c.obj
 .text.create_xdir
                0x10009be8       0x90 CMakeFiles/project.dir/lib/no-OS-FatFS-SD-SPI-RPi-Pico/FatFs_SPI/ff15/source/ff.c.obj
 .text.cmp_lfn  0x10009c78       0xb0 CMakeFiles/project.dir/lib/no-OS-FatFS-SD-SPI-RPi-Pico/FatFs_SPI/ff15/source/ff.c.obj
 .text.dir_find
                0x10009d28      0x18c CMakeFiles/project.dir/lib/no-OS-FatFS-SD-SPI-RPi-Pico/FatFs_SPI/ff15/source/ff.c.obj
 .text.follow_path
                0x10009eb4      0x11a CMakeFiles/project.dir/lib/no-OS-FatFS-SD-SPI-RPi-Pico/FatFs_SPI/ff15/source/ff.c.obj
 .text.dir_register
                0x10009fce      0x202 CMakeFiles/project.dir/lib/no-OS-FatFS-SD-SPI-RPi-Pico/FatFs_SPI/ff15/source/ff.c.obj
 .text.sync_fs  0x1000a1d0       0xa8 CMakeFiles/project.dir/lib/no-OS-FatFS-SD-SPI-RPi-Pico/FatFs_SPI/ff15/source/ff.c.obj
 .text.f_mount  0x1000a278       0x60 CMakeFiles/project.dir/lib/no-OS-FatFS-SD-SPI-RPi-Pico/FatFs_SPI/ff15/source/ff.c.obj
                0x1000a278                f_mount
 .text.f_open   0x1000a2d8      0x366 CMakeFiles/project.dir/lib/no-OS-FatFS-SD-SPI-RPi-Pico/FatFs_SPI/ff15/source/ff.c.obj
                0x1000a2d8                f_open
 .text.f_read   0x1000a63e      0x250 CMakeFiles/project.dir/lib/no-OS-FatFS-SD-SPI-RPi-Pico/FatFs_SPI/ff15/source/ff.c.obj
                0x1000a63e                f_read
 .text.f_write  0x1000a88e      0x2a0 CMakeFiles/project.dir/lib/no-OS-FatFS-SD-SPI-RPi-Pico/FatFs_SPI/ff15/source/ff.c.obj
                0x1000a88e                f_write
 .text.putc_bfd
                0x1000ab2e      0x18e CMakeFiles/project.dir/lib/no-OS-FatFS-SD-SPI-RPi-Pico/FatFs_SPI/ff15/source/ff.c.obj
 .text.putc_flush
                0x1000acbc       0x3c CMakeFiles/project.dir/lib/no-OS-FatFS-SD-SPI-RPi-Pico/FatFs_SPI/ff15/source/ff.c.obj
 .text.f_sync   0x1000acf8      0x17e CMakeFiles/project.dir/lib/no-OS-FatFS-SD-SPI-RPi-Pico/FatFs_SPI/ff15/source/ff.c.obj
                0x1000acf8                f_sync
 .text.f_close  0x1000ae76       0x2e CMakeFiles/project.dir/lib/no-OS-FatFS-SD-SPI-RPi-Pico/FatFs_SPI/ff15/source/ff.c.obj
                0x1000ae76                f_close
 .text.f_gets   0x1000aea4      0x17c CMakeFiles/project.dir/lib/no-OS-FatFS-SD-SPI-RPi-Pico/FatFs_SPI/ff15/source/ff.c.obj
                0x1000aea4                f_gets
 .text.f_printf
                0x1000b020      0x450 CMakeFiles/project.dir/lib/no-OS-FatFS-SD-SPI-RPi-Pico/FatFs_SPI/ff15/source/ff.c.obj
                0x1000b020                f_printf
 .text.sd_spi_deselect
                0x1000b470       0x26 CMakeFiles/project.dir/lib/no-OS-FatFS-SD-SPI-RPi-Pico/FatFs_SPI/sd_driver/sd_spi.c.obj
 .text.sd_spi_select
                0x1000b496       0x26 CMakeFiles/project.dir/lib/no-OS-FatFS-SD-SPI-RPi-Pico/FatFs_SPI/sd_driver/sd_spi.c.obj
 .text.sd_spi_lock
                0x1000b4bc        0xa CMakeFiles/project.dir/lib/no-OS-FatFS-SD-SPI-RPi-Pico/FatFs_SPI/sd_driver/sd_spi.c.obj
 .text.sd_spi_unlock
                0x1000b4c6        0xa CMakeFiles/project.dir/lib/no-OS-FatFS-SD-SPI-RPi-Pico/FatFs_SPI/sd_driver/sd_spi.c.obj
 .text.sd_spi_go_high_frequency
                0x1000b4d0        0xe CMakeFiles/project.dir/lib/no-OS-FatFS-SD-SPI-RPi-Pico/FatFs_SPI/sd_driver/sd_spi.c.obj
                0x1000b4d0                sd_spi_go_high_frequency
 *fill*         0x1000b4de        0x2 
 .text.sd_spi_go_low_frequency
                0x1000b4e0       0x14 CMakeFiles/project.dir/lib/no-OS-FatFS-SD-SPI-RPi-Pico/FatFs_SPI/sd_driver/sd_spi.c.obj
                0x1000b4e0                sd_spi_go_low_frequency
 .text.sd_spi_deselect_pulse
                0x1000b4f4       0x10 CMakeFiles/project.dir/lib/no-OS-FatFS-SD-SPI-RPi-Pico/FatFs_SPI/sd_driver/sd_spi.c.obj
                0x1000b4f4                sd_spi_deselect_pulse
 .text.sd_spi_acquire
                0x1000b504       0x10 CMakeFiles/project.dir/lib/no-OS-FatFS-SD-SPI-RPi-Pico/FatFs_SPI/sd_driver/sd_spi.c.obj
                0x1000b504                sd_spi_acquire
 .text.sd_spi_release
                0x1000b514       0x10 CMakeFiles/project.dir/lib/no-OS-FatFS-SD-SPI-RPi-Pico/FatFs_SPI/sd_driver/sd_spi.c.obj
                0x1000b514                sd_spi_release
 .text.sd_spi_transfer
                0x1000b524        0xa CMakeFiles/project.dir/lib/no-OS-FatFS-SD-SPI-RPi-Pico/FatFs_SPI/sd_driver/sd_spi.c.obj
                0x1000b524                sd_spi_transfer
 *fill*         0x1000b52e        0x2 
 .text.sd_spi_write
                0x1000b530       0x44 CMakeFiles/project.dir/lib/no-OS-FatFS-SD-SPI-RPi-Pico/FatFs_SPI/sd_driver/sd_spi.c.obj
                0x1000b530                sd_spi_write
 .text.sd_spi_send_initializing_sequence
                0x1000b574       0xc0 CMakeFiles/project.dir/lib/no-OS-FatFS-SD-SPI-RPi-Pico/FatFs_SPI/sd_driver/sd_spi.c.obj
                0x1000b574                sd_spi_send_initializing_sequence
 .text.sd_get_num
                0x1000b634        0x4 CMakeFiles/project.dir/lib/no-OS-FatFS-SD-SPI-RPi-Pico/FatFs_SPI/sd_driver/hw_config.c.obj
                0x1000b634                sd_get_num
 .text.sd_get_by_num
                0x1000b638       0x34 CMakeFiles/project.dir/lib/no-OS-FatFS-SD-SPI-RPi-Pico/FatFs_SPI/sd_driver/hw_config.c.obj
                0x1000b638                sd_get_by_num
 .text.spi_get_num
                0x1000b66c        0x4 CMakeFiles/project.dir/lib/no-OS-FatFS-SD-SPI-RPi-Pico/FatFs_SPI/sd_driver/hw_config.c.obj
                0x1000b66c                spi_get_num
 .text.spi_get_by_num
                0x1000b670       0x34 CMakeFiles/project.dir/lib/no-OS-FatFS-SD-SPI-RPi-Pico/FatFs_SPI/sd_driver/hw_config.c.obj
                0x1000b670                spi_get_by_num
 .text.in_spi_irq_handler
                0x1000b6a4       0x90 CMakeFiles/project.dir/lib/no-OS-FatFS-SD-SPI-RPi-Pico/FatFs_SPI/sd_driver/spi.c.obj
 .text.spi_lock
                0x1000b734       0x28 CMakeFiles/project.dir/lib/no-OS-FatFS-SD-SPI-RPi-Pico/FatFs_SPI/sd_driver/spi.c.obj
                0x1000b734                spi_lock
 .text.spi_unlock
                0x1000b75c       0x28 CMakeFiles/project.dir/lib/no-OS-FatFS-SD-SPI-RPi-Pico/FatFs_SPI/sd_driver/spi.c.obj
                0x1000b75c                spi_unlock
 .text.my_spi_init
                0x1000b784      0x2b4 CMakeFiles/project.dir/lib/no-OS-FatFS-SD-SPI-RPi-Pico/FatFs_SPI/sd_driver/spi.c.obj
                0x1000b784                my_spi_init
 .text.ext_bits
                0x1000ba38       0x30 CMakeFiles/project.dir/lib/no-OS-FatFS-SD-SPI-RPi-Pico/FatFs_SPI/sd_driver/sd_card.c.obj
 .text.sd_ctor  0x1000ba68       0x30 CMakeFiles/project.dir/lib/no-OS-FatFS-SD-SPI-RPi-Pico/FatFs_SPI/sd_driver/sd_card.c.obj
 .text.sd_lock  0x1000ba98       0x30 CMakeFiles/project.dir/lib/no-OS-FatFS-SD-SPI-RPi-Pico/FatFs_SPI/sd_driver/sd_card.c.obj
 .text.sd_acquire
                0x1000bac8       0x10 CMakeFiles/project.dir/lib/no-OS-FatFS-SD-SPI-RPi-Pico/FatFs_SPI/sd_driver/sd_card.c.obj
 .text.sd_cmd_spi
                0x1000bad8       0x74 CMakeFiles/project.dir/lib/no-OS-FatFS-SD-SPI-RPi-Pico/FatFs_SPI/sd_driver/sd_card.c.obj
 .text.sd_unlock
                0x1000bb4c       0x30 CMakeFiles/project.dir/lib/no-OS-FatFS-SD-SPI-RPi-Pico/FatFs_SPI/sd_driver/sd_card.c.obj
 .text.sd_release
                0x1000bb7c       0x10 CMakeFiles/project.dir/lib/no-OS-FatFS-SD-SPI-RPi-Pico/FatFs_SPI/sd_driver/sd_card.c.obj
 .text.sd_wait_token
                0x1000bb8c       0x9c CMakeFiles/project.dir/lib/no-OS-FatFS-SD-SPI-RPi-Pico/FatFs_SPI/sd_driver/sd_card.c.obj
 .text.sd_read_bytes
                0x1000bc28       0x90 CMakeFiles/project.dir/lib/no-OS-FatFS-SD-SPI-RPi-Pico/FatFs_SPI/sd_driver/sd_card.c.obj
 .text.sd_read_block
                0x1000bcb8       0x8c CMakeFiles/project.dir/lib/no-OS-FatFS-SD-SPI-RPi-Pico/FatFs_SPI/sd_driver/sd_card.c.obj
 .text.sd_wait_ready
                0x1000bd44       0xb8 CMakeFiles/project.dir/lib/no-OS-FatFS-SD-SPI-RPi-Pico/FatFs_SPI/sd_driver/sd_card.c.obj
 .text.sd_cmd   0x1000bdfc      0x2f0 CMakeFiles/project.dir/lib/no-OS-FatFS-SD-SPI-RPi-Pico/FatFs_SPI/sd_driver/sd_card.c.obj
 .text.sd_cmd8  0x1000c0ec       0x50 CMakeFiles/project.dir/lib/no-OS-FatFS-SD-SPI-RPi-Pico/FatFs_SPI/sd_driver/sd_card.c.obj
 .text.sd_sectors_nolock
                0x1000c13c      0x148 CMakeFiles/project.dir/lib/no-OS-FatFS-SD-SPI-RPi-Pico/FatFs_SPI/sd_driver/sd_card.c.obj
 .text.in_sd_read_blocks
                0x1000c284       0xbc CMakeFiles/project.dir/lib/no-OS-FatFS-SD-SPI-RPi-Pico/FatFs_SPI/sd_driver/sd_card.c.obj
 .text.sd_read_blocks
                0x1000c340       0x2e CMakeFiles/project.dir/lib/no-OS-FatFS-SD-SPI-RPi-Pico/FatFs_SPI/sd_driver/sd_card.c.obj
                0x1000c340                sd_read_blocks
 *fill*         0x1000c36e        0x2 
 .text.sd_go_idle_state
                0x1000c370       0x44 CMakeFiles/project.dir/lib/no-OS-FatFS-SD-SPI-RPi-Pico/FatFs_SPI/sd_driver/sd_card.c.obj
 .text.sd_init_medium
                0x1000c3b4      0x188 CMakeFiles/project.dir/lib/no-OS-FatFS-SD-SPI-RPi-Pico/FatFs_SPI/sd_driver/sd_card.c.obj
 .text.sd_write_block
                0x1000c53c       0x8c CMakeFiles/project.dir/lib/no-OS-FatFS-SD-SPI-RPi-Pico/FatFs_SPI/sd_driver/sd_card.c.obj
 .text.in_sd_write_blocks
                0x1000c5c8       0xf8 CMakeFiles/project.dir/lib/no-OS-FatFS-SD-SPI-RPi-Pico/FatFs_SPI/sd_driver/sd_card.c.obj
 .text.sd_write_blocks
                0x1000c6c0       0x2e CMakeFiles/project.dir/lib/no-OS-FatFS-SD-SPI-RPi-Pico/FatFs_SPI/sd_driver/sd_card.c.obj
                0x1000c6c0                sd_write_blocks
 .text.sd_test_com
                0x1000c6ee       0x9a CMakeFiles/project.dir/lib/no-OS-FatFS-SD-SPI-RPi-Pico/FatFs_SPI/sd_driver/sd_card.c.obj
 .text.sd_card_detect
                0x1000c788       0x50 CMakeFiles/project.dir/lib/no-OS-FatFS-SD-SPI-RPi-Pico/FatFs_SPI/sd_driver/sd_card.c.obj
                0x1000c788                sd_card_detect
 .text.sd_init  0x1000c7d8       0xe8 CMakeFiles/project.dir/lib/no-OS-FatFS-SD-SPI-RPi-Pico/FatFs_SPI/sd_driver/sd_card.c.obj
 .text.sd_sectors
                0x1000c8c0       0x1e CMakeFiles/project.dir/lib/no-OS-FatFS-SD-SPI-RPi-Pico/FatFs_SPI/sd_driver/sd_card.c.obj
                0x1000c8c0                sd_sectors
 *fill*         0x1000c8de        0x2 
 .text.sd_init_driver
                0x1000c8e0       0xc0 CMakeFiles/project.dir/lib/no-OS-FatFS-SD-SPI-RPi-Pico/FatFs_SPI/sd_driver/sd_card.c.obj
                0x1000c8e0                sd_init_driver
 .text.crc7     0x1000c9a0       0x20 CMakeFiles/project.dir/lib/no-OS-FatFS-SD-SPI-RPi-Pico/FatFs_SPI/sd_driver/crc.c.obj
                0x1000c9a0                crc7
 .text.crc16    0x1000c9c0       0x28 CMakeFiles/project.dir/lib/no-OS-FatFS-SD-SPI-RPi-Pico/FatFs_SPI/sd_driver/crc.c.obj
                0x1000c9c0                crc16
 .text.sdrc2dresult
                0x1000c9e8       0x60 CMakeFiles/project.dir/lib/no-OS-FatFS-SD-SPI-RPi-Pico/FatFs_SPI/src/glue.c.obj
 .text.disk_status
                0x1000ca48       0x16 CMakeFiles/project.dir/lib/no-OS-FatFS-SD-SPI-RPi-Pico/FatFs_SPI/src/glue.c.obj
                0x1000ca48                disk_status
 .text.disk_initialize
                0x1000ca5e       0x2a CMakeFiles/project.dir/lib/no-OS-FatFS-SD-SPI-RPi-Pico/FatFs_SPI/src/glue.c.obj
                0x1000ca5e                disk_initialize
 .text.disk_read
                0x1000ca88       0x32 CMakeFiles/project.dir/lib/no-OS-FatFS-SD-SPI-RPi-Pico/FatFs_SPI/src/glue.c.obj
                0x1000ca88                disk_read
 .text.disk_write
                0x1000caba       0x32 CMakeFiles/project.dir/lib/no-OS-FatFS-SD-SPI-RPi-Pico/FatFs_SPI/src/glue.c.obj
                0x1000caba                disk_write
 .text.disk_ioctl
                0x1000caec       0x4c CMakeFiles/project.dir/lib/no-OS-FatFS-SD-SPI-RPi-Pico/FatFs_SPI/src/glue.c.obj
                0x1000caec                disk_ioctl
 .text.my_printf
                0x1000cb38       0x4c CMakeFiles/project.dir/lib/no-OS-FatFS-SD-SPI-RPi-Pico/FatFs_SPI/src/my_debug.c.obj
                0x1000cb38                my_printf
 .text.my_assert_func
                0x1000cb84       0x2c CMakeFiles/project.dir/lib/no-OS-FatFS-SD-SPI-RPi-Pico/FatFs_SPI/src/my_debug.c.obj
                0x1000cb84                my_assert_func
 .text.get_fattime
                0x1000cbb0       0x6c CMakeFiles/project.dir/lib/no-OS-FatFS-SD-SPI-RPi-Pico/FatFs_SPI/src/rtc.c.obj
                0x1000cbb0                get_fattime
 .text.spi_set_baudrate
                0x1000cc1c       0xcc CMakeFiles/project.dir/C_/Program_Files/Raspberry_Pi/Pico_SDK_v1.5.1/pico-sdk/src/rp2_common/hardware_spi/spi.c.obj
                0x1000cc1c                spi_set_baudrate
 .text.spi_init
                0x1000cce8       0x74 CMakeFiles/project.dir/C_/Program_Files/Raspberry_Pi/Pico_SDK_v1.5.1/pico-sdk/src/rp2_common/hardware_spi/spi.c.obj
                0x1000cce8                spi_init
 .text.dma_claim_unused_channel
                0x1000cd5c       0x20 CMakeFiles/project.dir/C_/Program_Files/Raspberry_Pi/Pico_SDK_v1.5.1/pico-sdk/src/rp2_common/hardware_dma/dma.c.obj
                0x1000cd5c                dma_claim_unused_channel
 .text.rtc_running
                0x1000cd7c       0x10 CMakeFiles/project.dir/C_/Program_Files/Raspberry_Pi/Pico_SDK_v1.5.1/pico-sdk/src/rp2_common/hardware_rtc/rtc.c.obj
                0x1000cd7c                rtc_running
 .text.rtc_get_datetime
                0x1000cd8c       0x4c CMakeFiles/project.dir/C_/Program_Files/Raspberry_Pi/Pico_SDK_v1.5.1/pico-sdk/src/rp2_common/hardware_rtc/rtc.c.obj
                0x1000cd8c                rtc_get_datetime
 .text.adc_init
                0x1000cdd8       0x34 CMakeFiles/project.dir/C_/Program_Files/Raspberry_Pi/Pico_SDK_v1.5.1/pico-sdk/src/rp2_common/hardware_adc/adc.c.obj
                0x1000cdd8                adc_init
 .text          0x1000ce0c      0xde4 libkissfft.a(kiss_fft.c.obj)
                0x1000da06                kiss_fft_alloc
                0x1000dac8                kiss_fft_stride
                0x1000db94                kiss_fft
                0x1000db9e                kiss_fft_cleanup
                0x1000dba0                kiss_fft_next_fast_size
 .text.__sflush_r
                0x1000dbf0      0x140 c:/progra~1/raspbe~1/picosd~1.1/gcc-ar~1/bin/../lib/gcc/arm-none-eabi/10.3.1/../../../../arm-none-eabi/lib/thumb/v6-m/nofp\libg.a(lib_a-fflush.o)
                0x1000dbf0                __sflush_r
 .text._fflush_r
                0x1000dd30       0x6c c:/progra~1/raspbe~1/picosd~1.1/gcc-ar~1/bin/../lib/gcc/arm-none-eabi/10.3.1/../../../../arm-none-eabi/lib/thumb/v6-m/nofp\libg.a(lib_a-fflush.o)
                0x1000dd30                _fflush_r
 .text.fflush   0x1000dd9c       0x78 c:/progra~1/raspbe~1/picosd~1.1/gcc-ar~1/bin/../lib/gcc/arm-none-eabi/10.3.1/../../../../arm-none-eabi/lib/thumb/v6-m/nofp\libg.a(lib_a-fflush.o)
                0x1000dd9c                fflush
 .text._cleanup_r