Archive member included to satisfy reference by file (symbol)

c:/progra~1/raspbe~1/picosd~1.1/gcc-ar~1/bin/../lib/gcc/arm-none-eabi/10.3.1/thumb/v6-m/nofp\libgcc.a(_dvmd_tls.o)
                              CMakeFiles/project.dir/C_/Users/YongYao/.pico-sdk/sdk/2.0.0/src/rp2_common/pico_divider/divider_hardware.S.obj (__aeabi_idiv0)
c:/progra~1/raspbe~1/picosd~1.1/gcc-ar~1/bin/../lib/gcc/arm-none-eabi/10.3.1/../../../../arm-none-eabi/lib/thumb/v6-m/nofp\libg.a(lib_a-calloc.o)
                              CMakeFiles/project.dir/C_/Users/YongYao/.pico-sdk/sdk/2.0.0/src/rp2_common/pico_malloc/malloc.c.obj (calloc)
c:/progra~1/raspbe~1/picosd~1.1/gcc-ar~1/bin/../lib/gcc/arm-none-eabi/10.3.1/../../../../arm-none-eabi/lib/thumb/v6-m/nofp\libg.a(lib_a-callocr.o)
                              c:/progra~1/raspbe~1/picosd~1.1/gcc-ar~1/bin/../lib/gcc/arm-none-eabi/10.3.1/../../../../arm-none-eabi/lib/thumb/v6-m/nofp\libg.a(lib_a-calloc.o) (_calloc_r)
c:/progra~1/raspbe~1/picosd~1.1/gcc-ar~1/bin/../lib/gcc/arm-none-eabi/10.3.1/../../../../arm-none-eabi/lib/thumb/v6-m/nofp\libg.a(lib_a-ctype_.o)
                              CMakeFiles/project.dir/C_/Users/YongYao/.pico-sdk/sdk/2.0.0/lib/tinyusb/src/tusb.c.obj (_ctype_)
c:/progra~1/raspbe~1/picosd~1.1/gcc-ar~1/bin/../lib/gcc/arm-none-eabi/10.3.1/../../../../arm-none-eabi/lib/thumb/v6-m/nofp\libg.a(lib_a-errno.o)
                              CMakeFiles/project.dir/lib/no-OS-FatFS-SD-SPI-RPi-Pico/FatFs_SPI/src/ff_stdio.c.obj (__errno)
c:/progra~1/raspbe~1/picosd~1.1/gcc-ar~1/bin/../lib/gcc/arm-none-eabi/10.3.1/../../../../arm-none-eabi/lib/thumb/v6-m/nofp\libg.a(lib_a-fflush.o)
                              CMakeFiles/project.dir/lib/no-OS-FatFS-SD-SPI-RPi-Pico/FatFs_SPI/sd_driver/demo_logging.c.obj (fflush)
c:/progra~1/raspbe~1/picosd~1.1/gcc-ar~1/bin/../lib/gcc/arm-none-eabi/10.3.1/../../../../arm-none-eabi/lib/thumb/v6-m/nofp\libg.a(lib_a-findfp.o)
                              c:/progra~1/raspbe~1/picosd~1.1/gcc-ar~1/bin/../lib/gcc/arm-none-eabi/10.3.1/../../../../arm-none-eabi/lib/thumb/v6-m/nofp\libg.a(lib_a-fflush.o) (__sinit)
c:/progra~1/raspbe~1/picosd~1.1/gcc-ar~1/bin/../lib/gcc/arm-none-eabi/10.3.1/../../../../arm-none-eabi/lib/thumb/v6-m/nofp\libg.a(lib_a-freer.o)
                              c:/progra~1/raspbe~1/picosd~1.1/gcc-ar~1/bin/../lib/gcc/arm-none-eabi/10.3.1/../../../../arm-none-eabi/lib/thumb/v6-m/nofp\libg.a(lib_a-fflush.o) (_free_r)
c:/progra~1/raspbe~1/picosd~1.1/gcc-ar~1/bin/../lib/gcc/arm-none-eabi/10.3.1/../../../../arm-none-eabi/lib/thumb/v6-m/nofp\libg.a(lib_a-fwalk.o)
                              c:/progra~1/raspbe~1/picosd~1.1/gcc-ar~1/bin/../lib/gcc/arm-none-eabi/10.3.1/../../../../arm-none-eabi/lib/thumb/v6-m/nofp\libg.a(lib_a-findfp.o) (_fwalk)
c:/progra~1/raspbe~1/picosd~1.1/gcc-ar~1/bin/../lib/gcc/arm-none-eabi/10.3.1/../../../../arm-none-eabi/lib/thumb/v6-m/nofp\libg.a(lib_a-impure.o)
                              c:/progra~1/raspbe~1/picosd~1.1/gcc-ar~1/bin/../lib/gcc/arm-none-eabi/10.3.1/../../../../arm-none-eabi/lib/thumb/v6-m/nofp\libg.a(lib_a-fflush.o) (_global_impure_ptr)
c:/progra~1/raspbe~1/picosd~1.1/gcc-ar~1/bin/../lib/gcc/arm-none-eabi/10.3.1/../../../../arm-none-eabi/lib/thumb/v6-m/nofp\libg.a(lib_a-init.o)
                              c:/progra~1/raspbe~1/picosd~1.1/gcc-ar~1/bin/../lib/gcc/arm-none-eabi/10.3.1/../../../../arm-none-eabi/lib/thumb/v6-m/nofp/crt0.o (__libc_init_array)
c:/progra~1/raspbe~1/picosd~1.1/gcc-ar~1/bin/../lib/gcc/arm-none-eabi/10.3.1/../../../../arm-none-eabi/lib/thumb/v6-m/nofp\libg.a(lib_a-lcltime_r.o)
                              CMakeFiles/project.dir/C_/Users/YongYao/.pico-sdk/sdk/2.0.0/src/common/pico_util/datetime.c.obj (localtime_r)
c:/progra~1/raspbe~1/picosd~1.1/gcc-ar~1/bin/../lib/gcc/arm-none-eabi/10.3.1/../../../../arm-none-eabi/lib/thumb/v6-m/nofp\libg.a(lib_a-lock.o)
                              c:/progra~1/raspbe~1/picosd~1.1/gcc-ar~1/bin/../lib/gcc/arm-none-eabi/10.3.1/../../../../arm-none-eabi/lib/thumb/v6-m/nofp\libg.a(lib_a-findfp.o) (__retarget_lock_init_recursive)
c:/progra~1/raspbe~1/picosd~1.1/gcc-ar~1/bin/../lib/gcc/arm-none-eabi/10.3.1/../../../../arm-none-eabi/lib/thumb/v6-m/nofp\libg.a(lib_a-malloc.o)
                              CMakeFiles/project.dir/C_/Users/YongYao/.pico-sdk/sdk/2.0.0/src/rp2_common/pico_malloc/malloc.c.obj (malloc)
c:/progra~1/raspbe~1/picosd~1.1/gcc-ar~1/bin/../lib/gcc/arm-none-eabi/10.3.1/../../../../arm-none-eabi/lib/thumb/v6-m/nofp\libg.a(lib_a-mallocr.o)
                              c:/progra~1/raspbe~1/picosd~1.1/gcc-ar~1/bin/../lib/gcc/arm-none-eabi/10.3.1/../../../../arm-none-eabi/lib/thumb/v6-m/nofp\libg.a(lib_a-callocr.o) (_malloc_r)
c:/progra~1/raspbe~1/picosd~1.1/gcc-ar~1/bin/../lib/gcc/arm-none-eabi/10.3.1/../../../../arm-none-eabi/lib/thumb/v6-m/nofp\libg.a(lib_a-memcmp.o)
                              CMakeFiles/project.dir/C_/Users/YongYao/.pico-sdk/sdk/2.0.0/src/rp2_common/pico_atomic/atomic.c.obj (memcmp)
[...]
Memory Configuration

Name             Origin             Length             Attributes
FLASH            0x10000000         0x00200000         xr
RAM              0x20000000         0x00040000         xrw
SCRATCH_X        0x20040000         0x00001000         xrw
SCRATCH_Y        0x20041000         0x00001000         xrw
*default*        0x00000000         0xffffffff

Linker script and memory map

LOAD c:/progra~1/raspbe~1/picosd~1.1/gcc-ar~1/bin/../lib/gcc/arm-none-eabi/10.3.1/thumb/v6-m/nofp/crti.o
LOAD c:/progra~1/raspbe~1/picosd~1.1/gcc-ar~1/bin/../lib/gcc/arm-none-eabi/10.3.1/thumb/v6-m/nofp/crtbegin.o
LOAD c:/progra~1/raspbe~1/picosd~1.1/gcc-ar~1/bin/../lib/gcc/arm-none-eabi/10.3.1/../../../../arm-none-eabi/lib/thumb/v6-m/nofp/crt0.o

.flash_begin    0x10000000        0x0
                0x10000000                __flash_binary_start = .

.boot2          0x10000000      0x100
                0x10000000                __boot2_start__ = .
 *(.boot2)
 .boot2         0x10000000      0x100 C:\Users\YongYao\AppData\Local\Temp\ccKaNAGF.o
                0x10000100                __boot2_end__ = .
                0x00000001                ASSERT (((__boot2_end__ - __boot2_start__) == 0x100), ERROR: Pico second stage bootloader must be 256 bytes in size)

.text           0x10000100     0xc914
                0x10000100                __logical_binary_start = .
 *(.vectors)
 .vectors       0x10000100       0xd4 CMakeFiles/project.dir/C_/Users/YongYao/.pico-sdk/sdk/2.0.0/src/rp2_common/pico_crt0/crt0.S.obj
                0x10000100                __VECTOR_TABLE
                0x10000100                __vectors
                0x100001c0                isr_invalid
                0x100001c0                __default_isrs_start
                0x100001c2                isr_nmi
                0x100001c4                isr_hardfault
                0x100001c6                isr_svcall
                0x100001c8                isr_pendsv
                0x100001ca                isr_systick
                0x100001cc                isr_irq23
                0x100001cc                isr_irq18
                0x100001cc                isr_irq11
                0x100001cc                isr_irq28
                0x100001cc                isr_irq19
                0x100001cc                isr_irq0
                0x100001cc                isr_irq6
                0x100001cc                isr_irq5
                0x100001cc                isr_irq12
                0x100001cc                isr_irq22
                0x100001cc                isr_irq31
                0x100001cc                isr_irq17
                0x100001cc                isr_irq27
                0x100001cc                isr_irq30
                0x100001cc                isr_irq2
                0x100001cc                isr_irq10
                0x100001cc                isr_irq8
                0x100001cc                isr_irq24
                0x100001cc                isr_irq1
                0x100001cc                isr_irq7
                0x100001cc                isr_irq21
                0x100001cc                isr_irq20
                0x100001cc                isr_irq15
                0x100001cc                isr_irq25
                0x100001cc                isr_irq13
                0x100001cc                __unhandled_user_irq
                0x100001cc                isr_irq4
                0x100001cc                isr_irq16
                0x100001cc                isr_irq29
                0x100001cc                isr_irq26
                0x100001cc                __default_isrs_end
                0x100001cc                isr_irq3
                0x100001cc                isr_irq14
                0x100001cc                isr_irq9
                0x100001d2                unhandled_user_irq_num_in_r0
 *(.binary_info_header)
 .binary_info_header
                0x100001d4       0x14 CMakeFiles/project.dir/C_/Users/YongYao/.pico-sdk/sdk/2.0.0/src/rp2_common/pico_crt0/crt0.S.obj
                0x100001e8                __binary_info_header_end = .
 *(.embedded_block)
                0x100001e8                __embedded_block_end = .
 *(.reset)
 .reset         0x100001e8       0x9c CMakeFiles/project.dir/C_/Users/YongYao/.pico-sdk/sdk/2.0.0/src/rp2_common/pico_crt0/crt0.S.obj
                0x100001e8                _entry_point
 *(.init)
 .init          0x10000284        0x4 c:/progra~1/raspbe~1/picosd~1.1/gcc-ar~1/bin/../lib/gcc/arm-none-eabi/10.3.1/thumb/v6-m/nofp/crti.o
                0x10000284                _init
 *(EXCLUDE_FILE(*libm.a: *libc.a:*lib_a-mem*.o *libgcc.a:) .text*)
 .text          0x10000288       0x48 c:/progra~1/raspbe~1/picosd~1.1/gcc-ar~1/bin/../lib/gcc/arm-none-eabi/10.3.1/thumb/v6-m/nofp/crtbegin.o
 .text.main     0x100002d0      0x160 CMakeFiles/project.dir/project.c.obj
                0x100002d0                main
 .text.gpio_set_function
                0x10000430       0x34 CMakeFiles/project.dir/C_/Users/YongYao/.pico-sdk/sdk/2.0.0/src/rp2_common/hardware_gpio/gpio.c.obj
                0x10000430                gpio_set_function
 .text.gpio_set_pulls
                0x10000464       0x38 CMakeFiles/project.dir/C_/Users/YongYao/.pico-sdk/sdk/2.0.0/src/rp2_common/hardware_gpio/gpio.c.obj
                0x10000464                gpio_set_pulls
 .text.gpio_set_drive_strength
                0x1000049c       0x24 CMakeFiles/project.dir/C_/Users/YongYao/.pico-sdk/sdk/2.0.0/src/rp2_common/hardware_gpio/gpio.c.obj
                0x1000049c                gpio_set_drive_strength
 .text.gpio_init
                0x100004c0       0x16 CMakeFiles/project.dir/C_/Users/YongYao/.pico-sdk/sdk/2.0.0/src/rp2_common/hardware_gpio/gpio.c.obj
                0x100004c0                gpio_init
 *fill*         0x100004d6        0x2 
 .text.rp2040_chip_version
                0x100004d8       0x4c CMakeFiles/project.dir/C_/Users/YongYao/.pico-sdk/sdk/2.0.0/src/rp2040/pico_platform/platform.c.obj
                0x100004d8                rp2040_chip_version
 .text.panic    0x10000524       0x30 CMakeFiles/project.dir/C_/Users/YongYao/.pico-sdk/sdk/2.0.0/src/rp2_common/pico_platform_panic/panic.c.obj
                0x10000524                panic
 .text.hw_claim_lock
                0x10000554       0x18 CMakeFiles/project.dir/C_/Users/YongYao/.pico-sdk/sdk/2.0.0/src/common/hardware_claim/claim.c.obj
                0x10000554                hw_claim_lock
 .text.hw_claim_unlock
                0x1000056c       0x14 CMakeFiles/project.dir/C_/Users/YongYao/.pico-sdk/sdk/2.0.0/src/common/hardware_claim/claim.c.obj
                0x1000056c                hw_claim_unlock
 .text.hw_claim_or_assert
                0x10000580       0x32 CMakeFiles/project.dir/C_/Users/YongYao/.pico-sdk/sdk/2.0.0/src/common/hardware_claim/claim.c.obj
                0x10000580                hw_claim_or_assert
 .text.hw_claim_unused_from_range
                0x100005b2       0x50 CMakeFiles/project.dir/C_/Users/YongYao/.pico-sdk/sdk/2.0.0/src/common/hardware_claim/claim.c.obj
                0x100005b2                hw_claim_unused_from_range
 *fill*         0x10000602        0x2 
 .text.next_striped_spin_lock_num
                0x10000604       0x1c CMakeFiles/project.dir/C_/Users/YongYao/.pico-sdk/sdk/2.0.0/src/rp2_common/hardware_sync/sync.c.obj
                0x10000604                next_striped_spin_lock_num
 .text.spin_lock_claim_unused
                0x10000620       0x20 CMakeFiles/project.dir/C_/Users/YongYao/.pico-sdk/sdk/2.0.0/src/rp2_common/hardware_sync/sync.c.obj
                0x10000620                spin_lock_claim_unused
 .text.spin_locks_reset
                0x10000640       0x20 CMakeFiles/project.dir/C_/Users/YongYao/.pico-sdk/sdk/2.0.0/src/rp2_common/hardware_sync_spin_lock/sync_spin_lock.c.obj
                0x10000640                spin_locks_reset
 .text.set_raw_irq_handler_and_unlock
                0x10000660       0x28 CMakeFiles/project.dir/C_/Users/YongYao/.pico-sdk/sdk/2.0.0/src/rp2_common/hardware_irq/irq.c.obj
 .text.nvic_ipr0
                0x10000688        0x8 CMakeFiles/project.dir/C_/Users/YongYao/.pico-sdk/sdk/2.0.0/src/rp2_common/hardware_irq/irq.c.obj
 .text.runtime_init_per_core_irq_priorities
                0x10000690       0x1c CMakeFiles/project.dir/C_/Users/YongYao/.pico-sdk/sdk/2.0.0/src/rp2_common/hardware_irq/irq.c.obj
                0x10000690                runtime_init_per_core_irq_priorities
 .text.make_j_16
                0x100006ac       0x4c CMakeFiles/project.dir/C_/Users/YongYao/.pico-sdk/sdk/2.0.0/src/rp2_common/hardware_irq/irq.c.obj
 .text.irq_is_enabled
                0x100006f8       0x18 CMakeFiles/project.dir/C_/Users/YongYao/.pico-sdk/sdk/2.0.0/src/rp2_common/hardware_irq/irq.c.obj
                0x100006f8                irq_is_enabled
 .text.irq_set_mask_n_enabled
                0x10000710       0x1c CMakeFiles/project.dir/C_/Users/YongYao/.pico-sdk/sdk/2.0.0/src/rp2_common/hardware_irq/irq.c.obj
                0x10000710                irq_set_mask_n_enabled
 .text.irq_set_enabled
                0x1000072c       0x14 CMakeFiles/project.dir/C_/Users/YongYao/.pico-sdk/sdk/2.0.0/src/rp2_common/hardware_irq/irq.c.obj
                0x1000072c                irq_set_enabled
 .text.irq_set_pending
                0x10000740       0x10 CMakeFiles/project.dir/C_/Users/YongYao/.pico-sdk/sdk/2.0.0/src/rp2_common/hardware_irq/irq.c.obj
                0x10000740                irq_set_pending
 .text.irq_get_vtable_handler
                0x10000750       0x10 CMakeFiles/project.dir/C_/Users/YongYao/.pico-sdk/sdk/2.0.0/src/rp2_common/hardware_irq/irq.c.obj
                0x10000750                irq_get_vtable_handler
 .text.irq_has_shared_handler
                0x10000760       0x24 CMakeFiles/project.dir/C_/Users/YongYao/.pico-sdk/sdk/2.0.0/src/rp2_common/hardware_irq/irq.c.obj
                0x10000760                irq_has_shared_handler
 .text.irq_set_exclusive_handler
                0x10000784       0x54 CMakeFiles/project.dir/C_/Users/YongYao/.pico-sdk/sdk/2.0.0/src/rp2_common/hardware_irq/irq.c.obj
                0x10000784                irq_set_exclusive_handler
 .text.irq_add_shared_handler
                0x100007d8      0x238 CMakeFiles/project.dir/C_/Users/YongYao/.pico-sdk/sdk/2.0.0/src/rp2_common/hardware_irq/irq.c.obj
                0x100007d8                irq_add_shared_handler
 .text.irq_add_tail_to_free_list
                0x10000a10       0xf4 CMakeFiles/project.dir/C_/Users/YongYao/.pico-sdk/sdk/2.0.0/src/rp2_common/hardware_irq/irq.c.obj
                0x10000a10                irq_add_tail_to_free_list
 .text.user_irq_claim_unused
                0x10000b04       0x28 CMakeFiles/project.dir/C_/Users/YongYao/.pico-sdk/sdk/2.0.0/src/rp2_common/hardware_irq/irq.c.obj
                0x10000b04                user_irq_claim_unused
 .text.sem_init
                0x10000b2c       0x1e CMakeFiles/project.dir/C_/Users/YongYao/.pico-sdk/sdk/2.0.0/src/common/pico_sync/sem.c.obj
                0x10000b2c                sem_init
 *fill*         0x10000b4a        0x2 
 .text.lock_init
                0x10000b4c       0x10 CMakeFiles/project.dir/C_/Users/YongYao/.pico-sdk/sdk/2.0.0/src/common/pico_sync/lock_core.c.obj
                0x10000b4c                lock_init
 .text.mutex_init
                0x10000b5c       0x1a CMakeFiles/project.dir/C_/Users/YongYao/.pico-sdk/sdk/2.0.0/src/common/pico_sync/mutex.c.obj
                0x10000b5c                mutex_init
 .text.recursive_mutex_init
                0x10000b76       0x1e CMakeFiles/project.dir/C_/Users/YongYao/.pico-sdk/sdk/2.0.0/src/common/pico_sync/mutex.c.obj
                0x10000b76                recursive_mutex_init
 .text.runtime_init_mutex
                0x10000b94       0x4c CMakeFiles/project.dir/C_/Users/YongYao/.pico-sdk/sdk/2.0.0/src/common/pico_sync/mutex.c.obj
                0x10000b94                runtime_init_mutex
 .text.critical_section_init_with_lock_num
                0x10000be0       0x14 CMakeFiles/project.dir/C_/Users/YongYao/.pico-sdk/sdk/2.0.0/src/common/pico_sync/critical_section.c.obj
                0x10000be0                critical_section_init_with_lock_num
 .text.critical_section_init
                0x10000bf4       0x14 CMakeFiles/project.dir/C_/Users/YongYao/.pico-sdk/sdk/2.0.0/src/common/pico_sync/critical_section.c.obj
                0x10000bf4                critical_section_init
 .text.make_alarm_id
                0x10000c08        0x6 CMakeFiles/project.dir/C_/Users/YongYao/.pico-sdk/sdk/2.0.0/src/common/pico_time/time.c.obj
 *fill*         0x10000c0e        0x2 
 .text.sleep_until_callback
                0x10000c10       0x30 CMakeFiles/project.dir/C_/Users/YongYao/.pico-sdk/sdk/2.0.0/src/common/pico_time/time.c.obj
 .text.alarm_pool_irq_handler
                0x10000c40      0x2e4 CMakeFiles/project.dir/C_/Users/YongYao/.pico-sdk/sdk/2.0.0/src/common/pico_time/time.c.obj
 .text.alarm_pool_post_alloc_init
                0x10000f24       0x94 CMakeFiles/project.dir/C_/Users/YongYao/.pico-sdk/sdk/2.0.0/src/common/pico_time/time.c.obj
 .text.alarm_pool_get_default
                0x10000fb8       0x2c CMakeFiles/project.dir/C_/Users/YongYao/.pico-sdk/sdk/2.0.0/src/common/pico_time/time.c.obj
                0x10000fb8                alarm_pool_get_default
 .text.alarm_pool_add_alarm_at_force_in_context
                0x10000fe4       0xb0 CMakeFiles/project.dir/C_/Users/YongYao/.pico-sdk/sdk/2.0.0/src/common/pico_time/time.c.obj
                0x10000fe4                alarm_pool_add_alarm_at_force_in_context
 .text.alarm_pool_add_alarm_at
                0x10001094       0x3c CMakeFiles/project.dir/C_/Users/YongYao/.pico-sdk/sdk/2.0.0/src/common/pico_time/time.c.obj
                0x10001094                alarm_pool_add_alarm_at
 .text.alarm_pool_cancel_alarm
                0x100010d0       0x78 CMakeFiles/project.dir/C_/Users/YongYao/.pico-sdk/sdk/2.0.0/src/common/pico_time/time.c.obj
                0x100010d0                alarm_pool_cancel_alarm
 .text.alarm_pool_core_num
                0x10001148        0x4 CMakeFiles/project.dir/C_/Users/YongYao/.pico-sdk/sdk/2.0.0/src/common/pico_time/time.c.obj
                0x10001148                alarm_pool_core_num
 .text.sleep_until
                0x1000114c       0xc8 CMakeFiles/project.dir/C_/Users/YongYao/.pico-sdk/sdk/2.0.0/src/common/pico_time/time.c.obj
                0x1000114c                sleep_until
 .text.sleep_us
                0x10001214       0x24 CMakeFiles/project.dir/C_/Users/YongYao/.pico-sdk/sdk/2.0.0/src/common/pico_time/time.c.obj
                0x10001214                sleep_us
 .text.sleep_ms
                0x10001238       0x14 CMakeFiles/project.dir/C_/Users/YongYao/.pico-sdk/sdk/2.0.0/src/common/pico_time/time.c.obj
                0x10001238                sleep_ms
 .text.best_effort_wfe_or_timeout
                0x1000124c       0xd8 CMakeFiles/project.dir/C_/Users/YongYao/.pico-sdk/sdk/2.0.0/src/common/pico_time/time.c.obj
                0x1000124c                best_effort_wfe_or_timeout
 .text.alarm_pool_get_default_timer
                0x10001324        0x8 CMakeFiles/project.dir/C_/Users/YongYao/.pico-sdk/sdk/2.0.0/src/common/pico_time/time.c.obj
                0x10001324                alarm_pool_get_default_timer
 .text.runtime_init_default_alarm_pool
                0x1000132c       0x38 CMakeFiles/project.dir/C_/Users/YongYao/.pico-sdk/sdk/2.0.0/src/common/pico_time/time.c.obj
                0x1000132c                runtime_init_default_alarm_pool
 .text.timer_hardware_alarm_claim
                0x10001364       0x14 CMakeFiles/project.dir/C_/Users/YongYao/.pico-sdk/sdk/2.0.0/src/rp2_common/hardware_timer/timer.c.obj
                0x10001364                timer_hardware_alarm_claim
 .text.timer_time_us_64
                0x10001378       0x10 CMakeFiles/project.dir/C_/Users/YongYao/.pico-sdk/sdk/2.0.0/src/rp2_common/hardware_timer/timer.c.obj
                0x10001378                timer_time_us_64
 .text.timer_busy_wait_until
                0x10001388       0x1a CMakeFiles/project.dir/C_/Users/YongYao/.pico-sdk/sdk/2.0.0/src/rp2_common/hardware_timer/timer.c.obj
                0x10001388                timer_busy_wait_until
 .text.timer_busy_wait_us
                0x100013a2       0x38 CMakeFiles/project.dir/C_/Users/YongYao/.pico-sdk/sdk/2.0.0/src/rp2_common/hardware_timer/timer.c.obj
                0x100013a2                timer_busy_wait_us
 *fill*         0x100013da        0x2 
 .text.time_us_64
                0x100013dc       0x10 CMakeFiles/project.dir/C_/Users/YongYao/.pico-sdk/sdk/2.0.0/src/rp2_common/hardware_timer/timer.c.obj
                0x100013dc                time_us_64
 .text.busy_wait_us
                0x100013ec       0x14 CMakeFiles/project.dir/C_/Users/YongYao/.pico-sdk/sdk/2.0.0/src/rp2_common/hardware_timer/timer.c.obj
                0x100013ec                busy_wait_us
 .text.busy_wait_until
                0x10001400       0x14 CMakeFiles/project.dir/C_/Users/YongYao/.pico-sdk/sdk/2.0.0/src/rp2_common/hardware_timer/timer.c.obj
                0x10001400                busy_wait_until
 .text.clock_configure_internal
                0x10001414       0xc4 CMakeFiles/project.dir/C_/Users/YongYao/.pico-sdk/sdk/2.0.0/src/rp2_common/hardware_clocks/clocks.c.obj
 .text.clock_configure_int_divider
                0x100014d8       0x28 CMakeFiles/project.dir/C_/Users/YongYao/.pico-sdk/sdk/2.0.0/src/rp2_common/hardware_clocks/clocks.c.obj
                0x100014d8                clock_configure_int_divider
 .text.clock_configure_undivided
                0x10001500       0x12 CMakeFiles/project.dir/C_/Users/YongYao/.pico-sdk/sdk/2.0.0/src/rp2_common/hardware_clocks/clocks.c.obj
                0x10001500                clock_configure_undivided
 *fill*         0x10001512        0x2 
 .text.clock_get_hz
                0x10001514        0xc CMakeFiles/project.dir/C_/Users/YongYao/.pico-sdk/sdk/2.0.0/src/rp2_common/hardware_clocks/clocks.c.obj
                0x10001514                clock_get_hz
 .text.pll_init
                0x10001520      0x120 CMakeFiles/project.dir/C_/Users/YongYao/.pico-sdk/sdk/2.0.0/src/rp2_common/hardware_pll/pll.c.obj
                0x10001520                pll_init
 .text.watchdog_update
                0x10001640       0x14 CMakeFiles/project.dir/C_/Users/YongYao/.pico-sdk/sdk/2.0.0/src/rp2_common/hardware_watchdog/watchdog.c.obj
                0x10001640                watchdog_update
 .text._watchdog_enable
                0x10001654       0x7c CMakeFiles/project.dir/C_/Users/YongYao/.pico-sdk/sdk/2.0.0/src/rp2_common/hardware_watchdog/watchdog.c.obj
                0x10001654                _watchdog_enable
 .text.watchdog_reboot
                0x100016d0       0x48 CMakeFiles/project.dir/C_/Users/YongYao/.pico-sdk/sdk/2.0.0/src/rp2_common/hardware_watchdog/watchdog.c.obj
                0x100016d0                watchdog_reboot
 .text.tick_start
                0x10001718       0x10 CMakeFiles/project.dir/C_/Users/YongYao/.pico-sdk/sdk/2.0.0/src/rp2_common/hardware_ticks/ticks.c.obj
                0x10001718                tick_start
 .text.xosc_init
                0x10001728       0x28 CMakeFiles/project.dir/C_/Users/YongYao/.pico-sdk/sdk/2.0.0/src/rp2_common/hardware_xosc/xosc.c.obj
                0x10001728                xosc_init
 .text.runtime_run_initializers_from
                0x10001750       0x18 CMakeFiles/project.dir/C_/Users/YongYao/.pico-sdk/sdk/2.0.0/src/rp2_common/pico_runtime/runtime.c.obj
 .text.first_per_core_initializer
                0x10001768        0x2 CMakeFiles/project.dir/C_/Users/YongYao/.pico-sdk/sdk/2.0.0/src/rp2_common/pico_runtime/runtime.c.obj
 *fill*         0x1000176a        0x2 
 .text.runtime_run_initializers
                0x1000176c       0x10 CMakeFiles/project.dir/C_/Users/YongYao/.pico-sdk/sdk/2.0.0/src/rp2_common/pico_runtime/runtime.c.obj
                0x1000176c                runtime_run_initializers
 .text.runtime_init_early_resets
                0x1000177c       0x2c CMakeFiles/project.dir/C_/Users/YongYao/.pico-sdk/sdk/2.0.0/src/rp2_common/pico_runtime_init/runtime_init.c.obj
                0x1000177c                runtime_init_early_resets
 .text.runtime_init_usb_power_down
                0x100017a8       0x1c CMakeFiles/project.dir/C_/Users/YongYao/.pico-sdk/sdk/2.0.0/src/rp2_common/pico_runtime_init/runtime_init.c.obj
                0x100017a8                runtime_init_usb_power_down
 .text.runtime_init_post_clock_resets
                0x100017c4       0x20 CMakeFiles/project.dir/C_/Users/YongYao/.pico-sdk/sdk/2.0.0/src/rp2_common/pico_runtime_init/runtime_init.c.obj
                0x100017c4                runtime_init_post_clock_resets
 .text.runtime_init_rp2040_gpio_ie_disable
                0x100017e4       0x14 CMakeFiles/project.dir/C_/Users/YongYao/.pico-sdk/sdk/2.0.0/src/rp2_common/pico_runtime_init/runtime_init.c.obj
                0x100017e4                runtime_init_rp2040_gpio_ie_disable
 .text.runtime_init_spin_locks_reset
                0x100017f8        0x8 CMakeFiles/project.dir/C_/Users/YongYao/.pico-sdk/sdk/2.0.0/src/rp2_common/pico_runtime_init/runtime_init.c.obj
                0x100017f8                runtime_init_spin_locks_reset
 .text.runtime_init_install_ram_vector_table
                0x10001800       0x1c CMakeFiles/project.dir/C_/Users/YongYao/.pico-sdk/sdk/2.0.0/src/rp2_common/pico_runtime_init/runtime_init.c.obj
                0x10001800                runtime_init_install_ram_vector_table
 .text.start_all_ticks
                0x1000181c       0x28 CMakeFiles/project.dir/C_/Users/YongYao/.pico-sdk/sdk/2.0.0/src/rp2_common/pico_runtime_init/runtime_init_clocks.c.obj
 .text.runtime_init_clocks
                0x10001844       0xcc CMakeFiles/project.dir/C_/Users/YongYao/.pico-sdk/sdk/2.0.0/src/rp2_common/pico_runtime_init/runtime_init_clocks.c.obj
                0x10001844                runtime_init_clocks
 .text          0x10001910       0x10 CMakeFiles/project.dir/C_/Users/YongYao/.pico-sdk/sdk/2.0.0/src/rp2_common/pico_bit_ops/bit_ops_aeabi.S.obj
 .text.rom_func_lookup
                0x10001920       0x10 CMakeFiles/project.dir/C_/Users/YongYao/.pico-sdk/sdk/2.0.0/src/rp2_common/pico_bootrom/bootrom.c.obj
                0x10001920                rom_func_lookup
 .text.rom_data_lookup
                0x10001930       0x10 CMakeFiles/project.dir/C_/Users/YongYao/.pico-sdk/sdk/2.0.0/src/rp2_common/pico_bootrom/bootrom.c.obj
                0x10001930                rom_data_lookup
 .text.rom_funcs_lookup
                0x10001940       0x36 CMakeFiles/project.dir/C_/Users/YongYao/.pico-sdk/sdk/2.0.0/src/rp2_common/pico_bootrom/bootrom.c.obj
                0x10001940                rom_funcs_lookup
 *fill*         0x10001976        0x2 
 .text.rom_reset_usb_boot
                0x10001978       0x18 CMakeFiles/project.dir/C_/Users/YongYao/.pico-sdk/sdk/2.0.0/src/rp2_common/pico_bootrom/bootrom.c.obj
                0x10001978                rom_reset_usb_boot
 .text.__wrap___aeabi_idiv
                0x10001990       0x50 CMakeFiles/project.dir/C_/Users/YongYao/.pico-sdk/sdk/2.0.0/src/rp2_common/pico_divider/divider_hardware.S.obj
                0x10001990                __wrap___aeabi_idivmod
                0x10001990                divmod_s32s32
                0x10001990                div_s32s32
                0x10001990                __wrap___aeabi_idiv
                0x10001998                divmod_s32s32_unsafe
                0x100019c4                divmod_s32s32_savestate
 .text.__wrap___aeabi_uidiv
                0x100019e0       0x4c CMakeFiles/project.dir/C_/Users/YongYao/.pico-sdk/sdk/2.0.0/src/rp2_common/pico_divider/divider_hardware.S.obj
                0x100019e0                __wrap___aeabi_uidiv
                0x100019e0                __wrap___aeabi_uidivmod
                0x100019e0                div_u32u32
                0x100019e0                divmod_u32u32
                0x100019e8                divmod_u32u32_unsafe
                0x10001a10                divmod_u32u32_savestate
 .text.__wrap___aeabi_ldiv
                0x10001a2c      0x424 CMakeFiles/project.dir/C_/Users/YongYao/.pico-sdk/sdk/2.0.0/src/rp2_common/pico_divider/divider_hardware.S.obj
                0x10001a2c                div_s64s64
                0x10001a2c                divmod_s64s64
                0x10001a2c                __wrap___aeabi_ldivmod
                0x10001a5c                divmod_u64u64
                0x10001a5c                div_u64u64
                0x10001a5c                __wrap___aeabi_uldivmod
                0x10001a6c                divmod_u64u64_savestate
                0x10001a8c                divmod_s64s64_unsafe
                0x10001b14                divmod_u64u64_unsafe
 .text.__wrap___aeabi_darithmetic
                0x10001e50       0x60 CMakeFiles/project.dir/C_/Users/YongYao/.pico-sdk/sdk/2.0.0/src/rp2_common/pico_double/double_aeabi_rp2040.S.obj
                0x10001e50                __wrap___aeabi_drsub
                0x10001e56                __wrap___aeabi_dsub
                0x10001e60                __wrap___aeabi_dadd
                0x10001e6a                __wrap___aeabi_ddiv
                0x10001e9e                __wrap___aeabi_dmul
 .text.__wrap___aeabi_cdcmple
                0x10001eb0       0x6c CMakeFiles/project.dir/C_/Users/YongYao/.pico-sdk/sdk/2.0.0/src/rp2_common/pico_double/double_aeabi_rp2040.S.obj
                0x10001eb0                __wrap___aeabi_cdrcmple
                0x10001ec0                __wrap___aeabi_cdcmpeq
                0x10001ec0                __wrap___aeabi_cdcmple
 .text.__wrap___aeabi_dcmpeq
                0x10001f1c       0x10 CMakeFiles/project.dir/C_/Users/YongYao/.pico-sdk/sdk/2.0.0/src/rp2_common/pico_double/double_aeabi_rp2040.S.obj
                0x10001f1c                __wrap___aeabi_dcmpeq
 .text.__wrap___aeabi_dcmplt
                0x10001f2c        0xc CMakeFiles/project.dir/C_/Users/YongYao/.pico-sdk/sdk/2.0.0/src/rp2_common/pico_double/double_aeabi_rp2040.S.obj
                0x10001f2c                __wrap___aeabi_dcmplt
 .text.__wrap___aeabi_dcmple
                0x10001f38       0x10 CMakeFiles/project.dir/C_/Users/YongYao/.pico-sdk/sdk/2.0.0/src/rp2_common/pico_double/double_aeabi_rp2040.S.obj
                0x10001f38                __wrap___aeabi_dcmple
 .text.__wrap___aeabi_dcmpge
                0x10001f48       0x10 CMakeFiles/project.dir/C_/Users/YongYao/.pico-sdk/sdk/2.0.0/src/rp2_common/pico_double/double_aeabi_rp2040.S.obj
                0x10001f48                __wrap___aeabi_dcmpge
 .text.__wrap___aeabi_dcmpgt
                0x10001f58        0xa CMakeFiles/project.dir/C_/Users/YongYao/.pico-sdk/sdk/2.0.0/src/rp2_common/pico_double/double_aeabi_rp2040.S.obj
                0x10001f58                __wrap___aeabi_dcmpgt
 .text.__wrap___aeabi_dcmpun
                0x10001f62       0x18 CMakeFiles/project.dir/C_/Users/YongYao/.pico-sdk/sdk/2.0.0/src/rp2_common/pico_double/double_aeabi_rp2040.S.obj
                0x10001f62                __wrap___aeabi_dcmpun
 *fill*         0x10001f7a        0x2 
 .text.__wrap___aeabi_i2d
                0x10001f7c       0x38 CMakeFiles/project.dir/C_/Users/YongYao/.pico-sdk/sdk/2.0.0/src/rp2_common/pico_double/double_aeabi_rp2040.S.obj
                0x10001f7c                __wrap___aeabi_ui2d
                0x10001f84                __wrap___aeabi_i2d
 .text.__wrap___aeabi_d2iz
                0x10001fb4       0x48 CMakeFiles/project.dir/C_/Users/YongYao/.pico-sdk/sdk/2.0.0/src/rp2_common/pico_double/double_aeabi_rp2040.S.obj
                0x10001fb4                double2int_z
                0x10001fb4                __wrap___aeabi_d2iz
 .text.__wrap___aeabi_d2uiz
                0x10001ffc       0x10 CMakeFiles/project.dir/C_/Users/YongYao/.pico-sdk/sdk/2.0.0/src/rp2_common/pico_double/double_aeabi_rp2040.S.obj
                0x10001ffc                __wrap___aeabi_d2uiz
                0x10001ffc                double2uint
 .text.missing_double_func_shim
                0x1000200c        0xc CMakeFiles/project.dir/C_/Users/YongYao/.pico-sdk/sdk/2.0.0/src/rp2_common/pico_double/double_init_rom_rp2040.c.obj
 .text.__aeabi_double_init
                0x10002018       0xcc CMakeFiles/project.dir/C_/Users/YongYao/.pico-sdk/sdk/2.0.0/src/rp2_common/pico_double/double_init_rom_rp2040.c.obj
                0x10002018                __aeabi_double_init
 .text.double_table_shim_on_use_helper
                0x100020e4       0x34 CMakeFiles/project.dir/C_/Users/YongYao/.pico-sdk/sdk/2.0.0/src/rp2_common/pico_double/double_v1_rom_shim_rp2040.S.obj
                0x100020e4                double_table_shim_on_use_helper
 .text.__aeabi_lmul
                0x10002118       0x32 CMakeFiles/project.dir/C_/Users/YongYao/.pico-sdk/sdk/2.0.0/src/rp2_common/pico_int64_ops/pico_int64_ops_aeabi.S.obj
                0x10002118                __wrap___aeabi_lmul
 *fill*         0x1000214a        0x2 
 .text.missing_float_func_shim
                0x1000214c        0xc CMakeFiles/project.dir/C_/Users/YongYao/.pico-sdk/sdk/2.0.0/src/rp2_common/pico_float/float_init_rom_rp2040.c.obj
 .text.__aeabi_float_init
                0x10002158       0x88 CMakeFiles/project.dir/C_/Users/YongYao/.pico-sdk/sdk/2.0.0/src/rp2_common/pico_float/float_init_rom_rp2040.c.obj
                0x10002158                __aeabi_float_init
 .text.__wrap_malloc
                0x100021e0       0x24 CMakeFiles/project.dir/C_/Users/YongYao/.pico-sdk/sdk/2.0.0/src/rp2_common/pico_malloc/malloc.c.obj
                0x100021e0                __wrap_malloc
 .text.__wrap_free
                0x10002204        0x8 CMakeFiles/project.dir/C_/Users/YongYao/.pico-sdk/sdk/2.0.0/src/rp2_common/pico_malloc/malloc.c.obj
                0x10002204                __wrap_free
 .text          0x1000220c       0x10 CMakeFiles/project.dir/C_/Users/YongYao/.pico-sdk/sdk/2.0.0/src/rp2_common/pico_mem_ops/mem_ops_aeabi.S.obj
                0x1000220c                __aeabi_mem_init
 .text.memset   0x1000221c        0xc CMakeFiles/project.dir/C_/Users/YongYao/.pico-sdk/sdk/2.0.0/src/rp2_common/pico_mem_ops/mem_ops_aeabi.S.obj
                0x1000221c                __wrap_memset
 .text.memcpy   0x10002228        0xc CMakeFiles/project.dir/C_/Users/YongYao/.pico-sdk/sdk/2.0.0/src/rp2_common/pico_mem_ops/mem_ops_aeabi.S.obj
                0x10002228                __wrap_memcpy
                0x10002228                __wrap___aeabi_memcpy
 .text._out_buffer
                0x10002234        0x8 CMakeFiles/project.dir/C_/Users/YongYao/.pico-sdk/sdk/2.0.0/src/rp2_common/pico_printf/printf.c.obj
 .text._out_null
                0x1000223c        0x2 CMakeFiles/project.dir/C_/Users/YongYao/.pico-sdk/sdk/2.0.0/src/rp2_common/pico_printf/printf.c.obj
 .text._out_fct
                0x1000223e        0xe CMakeFiles/project.dir/C_/Users/YongYao/.pico-sdk/sdk/2.0.0/src/rp2_common/pico_printf/printf.c.obj
 .text._atoi    0x1000224c       0x24 CMakeFiles/project.dir/C_/Users/YongYao/.pico-sdk/sdk/2.0.0/src/rp2_common/pico_printf/printf.c.obj
 .text._out_rev
                0x10002270       0xae CMakeFiles/project.dir/C_/Users/YongYao/.pico-sdk/sdk/2.0.0/src/rp2_common/pico_printf/printf.c.obj
 .text._ntoa_format
                0x1000231e      0x112 CMakeFiles/project.dir/C_/Users/YongYao/.pico-sdk/sdk/2.0.0/src/rp2_common/pico_printf/printf.c.obj
 .text._ntoa_long
                0x10002430       0xbc CMakeFiles/project.dir/C_/Users/YongYao/.pico-sdk/sdk/2.0.0/src/rp2_common/pico_printf/printf.c.obj
 .text._ntoa_long_long
                0x100024ec       0xe2 CMakeFiles/project.dir/C_/Users/YongYao/.pico-sdk/sdk/2.0.0/src/rp2_common/pico_printf/printf.c.obj
 *fill*         0x100025ce        0x2 
 .text._etoa    0x100025d0      0x414 CMakeFiles/project.dir/C_/Users/YongYao/.pico-sdk/sdk/2.0.0/src/rp2_common/pico_printf/printf.c.obj
 .text._ftoa    0x100029e4      0x354 CMakeFiles/project.dir/C_/Users/YongYao/.pico-sdk/sdk/2.0.0/src/rp2_common/pico_printf/printf.c.obj
 .text._vsnprintf
                0x10002d38      0x624 CMakeFiles/project.dir/C_/Users/YongYao/.pico-sdk/sdk/2.0.0/src/rp2_common/pico_printf/printf.c.obj
 .text.__wrap_vsnprintf
                0x1000335c       0x1c CMakeFiles/project.dir/C_/Users/YongYao/.pico-sdk/sdk/2.0.0/src/rp2_common/pico_printf/printf.c.obj
                0x1000335c                __wrap_vsnprintf
 .text.vfctprintf
                0x10003378       0x20 CMakeFiles/project.dir/C_/Users/YongYao/.pico-sdk/sdk/2.0.0/src/rp2_common/pico_printf/printf.c.obj
                0x10003378                vfctprintf
 .text._exit    0x10003398        0x4 CMakeFiles/project.dir/C_/Users/YongYao/.pico-sdk/sdk/2.0.0/src/rp2_common/pico_clib_interface/newlib_interface.c.obj
                0x10003398                _exit
 .text._sbrk    0x1000339c       0x38 CMakeFiles/project.dir/C_/Users/YongYao/.pico-sdk/sdk/2.0.0/src/rp2_common/pico_clib_interface/newlib_interface.c.obj
                0x1000339c                _sbrk
 .text._read    0x100033d4       0x24 CMakeFiles/project.dir/C_/Users/YongYao/.pico-sdk/sdk/2.0.0/src/rp2_common/pico_clib_interface/newlib_interface.c.obj
                0x100033d4                _read
 .text._write   0x100033f8       0x22 CMakeFiles/project.dir/C_/Users/YongYao/.pico-sdk/sdk/2.0.0/src/rp2_common/pico_clib_interface/newlib_interface.c.obj
                0x100033f8                _write
 .text._close   0x1000341a        0x6 CMakeFiles/project.dir/C_/Users/YongYao/.pico-sdk/sdk/2.0.0/src/rp2_common/pico_clib_interface/newlib_interface.c.obj
                0x1000341a                _close
 .text._lseek   0x10003420        0x6 CMakeFiles/project.dir/C_/Users/YongYao/.pico-sdk/sdk/2.0.0/src/rp2_common/pico_clib_interface/newlib_interface.c.obj
                0x10003420                _lseek
 .text.exit     0x10003426        0x6 CMakeFiles/project.dir/C_/Users/YongYao/.pico-sdk/sdk/2.0.0/src/rp2_common/pico_clib_interface/newlib_interface.c.obj
                0x10003426                exit
 .text.__assert_func
                0x1000342c       0x3c CMakeFiles/project.dir/C_/Users/YongYao/.pico-sdk/sdk/2.0.0/src/rp2_common/pico_clib_interface/newlib_interface.c.obj
                0x1000342c                __assert_func
 .text.runtime_init
                0x10003468       0x28 CMakeFiles/project.dir/C_/Users/YongYao/.pico-sdk/sdk/2.0.0/src/rp2_common/pico_clib_interface/newlib_interface.c.obj
                0x10003468                runtime_init
 .text.stdio_out_chars_no_crlf
                0x10003490        0xe CMakeFiles/project.dir/C_/Users/YongYao/.pico-sdk/sdk/2.0.0/src/rp2_common/pico_stdio/stdio.c.obj
 *fill*         0x1000349e        0x2 
 .text.stdio_out_chars_crlf
                0x100034a0       0x80 CMakeFiles/project.dir/C_/Users/YongYao/.pico-sdk/sdk/2.0.0/src/rp2_common/pico_stdio/stdio.c.obj
 .text.stdio_stack_buffer_flush
                0x10003520       0x44 CMakeFiles/project.dir/C_/Users/YongYao/.pico-sdk/sdk/2.0.0/src/rp2_common/pico_stdio/stdio.c.obj
 .text.stdio_buffered_printer
                0x10003564       0x20 CMakeFiles/project.dir/C_/Users/YongYao/.pico-sdk/sdk/2.0.0/src/rp2_common/pico_stdio/stdio.c.obj
 .text.stdout_serialize_begin
                0x10003584       0x30 CMakeFiles/project.dir/C_/Users/YongYao/.pico-sdk/sdk/2.0.0/src/rp2_common/pico_stdio/stdio.c.obj
                0x10003584                stdout_serialize_begin
 .text.stdout_serialize_end
                0x100035b4       0x10 CMakeFiles/project.dir/C_/Users/YongYao/.pico-sdk/sdk/2.0.0/src/rp2_common/pico_stdio/stdio.c.obj
                0x100035b4                stdout_serialize_end
 .text.stdio_put_string
                0x100035c4       0x94 CMakeFiles/project.dir/C_/Users/YongYao/.pico-sdk/sdk/2.0.0/src/rp2_common/pico_stdio/stdio.c.obj
                0x100035c4                stdio_put_string
 .text.stdio_get_until
                0x10003658       0x88 CMakeFiles/project.dir/C_/Users/YongYao/.pico-sdk/sdk/2.0.0/src/rp2_common/pico_stdio/stdio.c.obj
                0x10003658                stdio_get_until
 .text.stdio_set_driver_enabled
                0x100036e0       0x2c CMakeFiles/project.dir/C_/Users/YongYao/.pico-sdk/sdk/2.0.0/src/rp2_common/pico_stdio/stdio.c.obj
                0x100036e0                stdio_set_driver_enabled
 .text.stdio_flush
                0x1000370c       0x20 CMakeFiles/project.dir/C_/Users/YongYao/.pico-sdk/sdk/2.0.0/src/rp2_common/pico_stdio/stdio.c.obj
                0x1000370c                stdio_flush
 .text.stdio_init_all
                0x1000372c        0x8 CMakeFiles/project.dir/C_/Users/YongYao/.pico-sdk/sdk/2.0.0/src/rp2_common/pico_stdio/stdio.c.obj
                0x1000372c                stdio_init_all
 .text.__wrap_getchar
                0x10003734       0x40 CMakeFiles/project.dir/C_/Users/YongYao/.pico-sdk/sdk/2.0.0/src/rp2_common/pico_stdio/stdio.c.obj
                0x10003734                stdio_getchar
                0x10003734                __wrap_getchar
 .text.__wrap_puts
                0x10003774       0x1e CMakeFiles/project.dir/C_/Users/YongYao/.pico-sdk/sdk/2.0.0/src/rp2_common/pico_stdio/stdio.c.obj
                0x10003774                stdio_puts
                0x10003774                __wrap_puts
 *fill*         0x10003792        0x2 
 .text.__wrap_vprintf
                0x10003794       0x40 CMakeFiles/project.dir/C_/Users/YongYao/.pico-sdk/sdk/2.0.0/src/rp2_common/pico_stdio/stdio.c.obj
                0x10003794                stdio_vprintf
                0x10003794                __wrap_vprintf
 .text.__wrap_printf
                0x100037d4       0x18 CMakeFiles/project.dir/C_/Users/YongYao/.pico-sdk/sdk/2.0.0/src/rp2_common/pico_stdio/stdio.c.obj
                0x100037d4                __wrap_printf
                0x100037d4                stdio_printf
 .text.resetd_init
                0x100037ec        0x2 CMakeFiles/project.dir/C_/Users/YongYao/.pico-sdk/sdk/2.0.0/src/rp2_common/pico_stdio_usb/reset_interface.c.obj
 *fill*         0x100037ee        0x2 
 .text.resetd_reset
                0x100037f0        0xc CMakeFiles/project.dir/C_/Users/YongYao/.pico-sdk/sdk/2.0.0/src/rp2_common/pico_stdio_usb/reset_interface.c.obj
 .text.resetd_open
                0x100037fc       0x34 CMakeFiles/project.dir/C_/Users/YongYao/.pico-sdk/sdk/2.0.0/src/rp2_common/pico_stdio_usb/reset_interface.c.obj
 .text.resetd_xfer_cb
                0x10003830        0x4 CMakeFiles/project.dir/C_/Users/YongYao/.pico-sdk/sdk/2.0.0/src/rp2_common/pico_stdio_usb/reset_interface.c.obj
 .text.resetd_control_xfer_cb
                0x10003834       0x5c CMakeFiles/project.dir/C_/Users/YongYao/.pico-sdk/sdk/2.0.0/src/rp2_common/pico_stdio_usb/reset_interface.c.obj
 .text.tud_descriptor_bos_cb
                0x10003890        0x8 CMakeFiles/project.dir/C_/Users/YongYao/.pico-sdk/sdk/2.0.0/src/rp2_common/pico_stdio_usb/reset_interface.c.obj
                0x10003890                tud_descriptor_bos_cb
 .text.tud_vendor_control_xfer_cb
                0x10003898       0x38 CMakeFiles/project.dir/C_/Users/YongYao/.pico-sdk/sdk/2.0.0/src/rp2_common/pico_stdio_usb/reset_interface.c.obj
                0x10003898                tud_vendor_control_xfer_cb
 .text.usbd_app_driver_get_cb
                0x100038d0        0xc CMakeFiles/project.dir/C_/Users/YongYao/.pico-sdk/sdk/2.0.0/src/rp2_common/pico_stdio_usb/reset_interface.c.obj
                0x100038d0                usbd_app_driver_get_cb
 .text.tud_cdc_line_coding_cb
                0x100038dc       0x28 CMakeFiles/project.dir/C_/Users/YongYao/.pico-sdk/sdk/2.0.0/src/rp2_common/pico_stdio_usb/reset_interface.c.obj
                0x100038dc                tud_cdc_line_coding_cb
 .text.stdio_usb_set_chars_available_callback
                0x10003904       0x14 CMakeFiles/project.dir/C_/Users/YongYao/.pico-sdk/sdk/2.0.0/src/rp2_common/pico_stdio_usb/stdio_usb.c.obj
                0x10003904                stdio_usb_set_chars_available_callback
 .text.stdio_usb_out_flush
                0x10003918       0x4c CMakeFiles/project.dir/C_/Users/YongYao/.pico-sdk/sdk/2.0.0/src/rp2_common/pico_stdio_usb/stdio_usb.c.obj
 .text.usb_irq  0x10003964       0x10 CMakeFiles/project.dir/C_/Users/YongYao/.pico-sdk/sdk/2.0.0/src/rp2_common/pico_stdio_usb/stdio_usb.c.obj
 .text.low_priority_worker_irq
                0x10003974       0xd0 CMakeFiles/project.dir/C_/Users/YongYao/.pico-sdk/sdk/2.0.0/src/rp2_common/pico_stdio_usb/stdio_usb.c.obj
 .text.timer_task
                0x10003a44       0x6c CMakeFiles/project.dir/C_/Users/YongYao/.pico-sdk/sdk/2.0.0/src/rp2_common/pico_stdio_usb/stdio_usb.c.obj
 .text.stdio_usb_init
                0x10003ab0       0xfc CMakeFiles/project.dir/C_/Users/YongYao/.pico-sdk/sdk/2.0.0/src/rp2_common/pico_stdio_usb/stdio_usb.c.obj
                0x10003ab0                stdio_usb_init
 .text.stdio_usb_connected
                0x10003bac        0xa CMakeFiles/project.dir/C_/Users/YongYao/.pico-sdk/sdk/2.0.0/src/rp2_common/pico_stdio_usb/stdio_usb.c.obj
                0x10003bac                stdio_usb_connected
 *fill*         0x10003bb6        0x2 
 .text.stdio_usb_in_chars
                0x10003bb8       0x98 CMakeFiles/project.dir/C_/Users/YongYao/.pico-sdk/sdk/2.0.0/src/rp2_common/pico_stdio_usb/stdio_usb.c.obj
                0x10003bb8                stdio_usb_in_chars
 .text.stdio_usb_out_chars
                0x10003c50       0xe8 CMakeFiles/project.dir/C_/Users/YongYao/.pico-sdk/sdk/2.0.0/src/rp2_common/pico_stdio_usb/stdio_usb.c.obj
 .text.tud_descriptor_device_cb
                0x10003d38        0x8 CMakeFiles/project.dir/C_/Users/YongYao/.pico-sdk/sdk/2.0.0/src/rp2_common/pico_stdio_usb/stdio_usb_descriptors.c.obj
                0x10003d38                tud_descriptor_device_cb
 .text.tud_descriptor_configuration_cb
                0x10003d40        0x8 CMakeFiles/project.dir/C_/Users/YongYao/.pico-sdk/sdk/2.0.0/src/rp2_common/pico_stdio_usb/stdio_usb_descriptors.c.obj
                0x10003d40                tud_descriptor_configuration_cb
 .text.tud_descriptor_string_cb
                0x10003d48       0x6c CMakeFiles/project.dir/C_/Users/YongYao/.pico-sdk/sdk/2.0.0/src/rp2_common/pico_stdio_usb/stdio_usb_descriptors.c.obj
                0x10003d48                tud_descriptor_string_cb
 .text._retrieve_unique_id_on_boot
                0x10003db4       0x10 CMakeFiles/project.dir/C_/Users/YongYao/.pico-sdk/sdk/2.0.0/src/rp2_common/pico_unique_id/unique_id.c.obj
 .text.pico_get_unique_board_id_string
                0x10003dc4       0x60 CMakeFiles/project.dir/C_/Users/YongYao/.pico-sdk/sdk/2.0.0/src/rp2_common/pico_unique_id/unique_id.c.obj
                0x10003dc4                pico_get_unique_board_id_string
 .text.flash_get_unique_id
                0x10003e24       0x46 CMakeFiles/project.dir/C_/Users/YongYao/.pico-sdk/sdk/2.0.0/src/rp2_common/hardware_flash/flash.c.obj
                0x10003e24                flash_get_unique_id
 *fill*         0x10003e6a        0x2 
 .text._hw_endpoint_alloc
                0x10003e6c       0x70 CMakeFiles/project.dir/C_/Users/YongYao/.pico-sdk/sdk/2.0.0/lib/tinyusb/src/portable/raspberrypi/rp2040/dcd_rp2040.c.obj
 .text.hw_endpoint_init
                0x10003edc       0xc4 CMakeFiles/project.dir/C_/Users/YongYao/.pico-sdk/sdk/2.0.0/lib/tinyusb/src/portable/raspberrypi/rp2040/dcd_rp2040.c.obj
 .text.hw_endpoint_xfer
                0x10003fa0       0x20 CMakeFiles/project.dir/C_/Users/YongYao/.pico-sdk/sdk/2.0.0/lib/tinyusb/src/portable/raspberrypi/rp2040/dcd_rp2040.c.obj
 .text.dcd_int_enable
                0x10003fc0       0x2c CMakeFiles/project.dir/C_/Users/YongYao/.pico-sdk/sdk/2.0.0/lib/tinyusb/src/portable/raspberrypi/rp2040/dcd_rp2040.c.obj
                0x10003fc0                dcd_int_enable
 .text.dcd_set_address
                0x10003fec       0x2c CMakeFiles/project.dir/C_/Users/YongYao/.pico-sdk/sdk/2.0.0/lib/tinyusb/src/portable/raspberrypi/rp2040/dcd_rp2040.c.obj
                0x10003fec                dcd_set_address
 .text.dcd_connect
                0x10004018       0x10 CMakeFiles/project.dir/C_/Users/YongYao/.pico-sdk/sdk/2.0.0/lib/tinyusb/src/portable/raspberrypi/rp2040/dcd_rp2040.c.obj
                0x10004018                dcd_connect
 .text.dcd_init
                0x10004028       0x80 CMakeFiles/project.dir/C_/Users/YongYao/.pico-sdk/sdk/2.0.0/lib/tinyusb/src/portable/raspberrypi/rp2040/dcd_rp2040.c.obj
                0x10004028                dcd_init
 .text.dcd_sof_enable
                0x100040a8       0x1c CMakeFiles/project.dir/C_/Users/YongYao/.pico-sdk/sdk/2.0.0/lib/tinyusb/src/portable/raspberrypi/rp2040/dcd_rp2040.c.obj
                0x100040a8                dcd_sof_enable
 .text.dcd_edpt0_status_complete
                0x100040c4       0x1c CMakeFiles/project.dir/C_/Users/YongYao/.pico-sdk/sdk/2.0.0/lib/tinyusb/src/portable/raspberrypi/rp2040/dcd_rp2040.c.obj
                0x100040c4                dcd_edpt0_status_complete
 .text.dcd_edpt_open
                0x100040e0       0x40 CMakeFiles/project.dir/C_/Users/YongYao/.pico-sdk/sdk/2.0.0/lib/tinyusb/src/portable/raspberrypi/rp2040/dcd_rp2040.c.obj
                0x100040e0                dcd_edpt_open
 .text.dcd_edpt_close_all
                0x10004120        0x8 CMakeFiles/project.dir/C_/Users/YongYao/.pico-sdk/sdk/2.0.0/lib/tinyusb/src/portable/raspberrypi/rp2040/dcd_rp2040.c.obj
                0x10004120                dcd_edpt_close_all
 .text.dcd_edpt_xfer
                0x10004128       0x30 CMakeFiles/project.dir/C_/Users/YongYao/.pico-sdk/sdk/2.0.0/lib/tinyusb/src/portable/raspberrypi/rp2040/dcd_rp2040.c.obj
                0x10004128                dcd_edpt_xfer
 .text.dcd_edpt_stall
                0x10004158       0x3c CMakeFiles/project.dir/C_/Users/YongYao/.pico-sdk/sdk/2.0.0/lib/tinyusb/src/portable/raspberrypi/rp2040/dcd_rp2040.c.obj
                0x10004158                dcd_edpt_stall
 .text.dcd_edpt_clear_stall
                0x10004194       0x30 CMakeFiles/project.dir/C_/Users/YongYao/.pico-sdk/sdk/2.0.0/lib/tinyusb/src/portable/raspberrypi/rp2040/dcd_rp2040.c.obj
                0x10004194                dcd_edpt_clear_stall
 .text.unaligned_memcpy
                0x100041c4       0x14 CMakeFiles/project.dir/C_/Users/YongYao/.pico-sdk/sdk/2.0.0/lib/tinyusb/src/portable/raspberrypi/rp2040/rp2040_usb.c.obj
 .text.rp2040_usb_init
                0x100041d8       0x44 CMakeFiles/project.dir/C_/Users/YongYao/.pico-sdk/sdk/2.0.0/lib/tinyusb/src/portable/raspberrypi/rp2040/rp2040_usb.c.obj
                0x100041d8                rp2040_usb_init
 .text.hw_endpoint_xfer_start
                0x1000421c       0x60 CMakeFiles/project.dir/C_/Users/YongYao/.pico-sdk/sdk/2.0.0/lib/tinyusb/src/portable/raspberrypi/rp2040/rp2040_usb.c.obj
                0x1000421c                hw_endpoint_xfer_start
 .text.configuration_reset
                0x1000427c       0x84 CMakeFiles/project.dir/C_/Users/YongYao/.pico-sdk/sdk/2.0.0/lib/tinyusb/src/device/usbd.c.obj
 .text.usbd_reset
                0x10004300        0xc CMakeFiles/project.dir/C_/Users/YongYao/.pico-sdk/sdk/2.0.0/lib/tinyusb/src/device/usbd.c.obj
 .text.invoke_class_control
                0x1000430c       0x1a CMakeFiles/project.dir/C_/Users/YongYao/.pico-sdk/sdk/2.0.0/lib/tinyusb/src/device/usbd.c.obj
 *fill*         0x10004326        0x2 
 .text.process_set_config
                0x10004328      0x19c CMakeFiles/project.dir/C_/Users/YongYao/.pico-sdk/sdk/2.0.0/lib/tinyusb/src/device/usbd.c.obj
 .text.tud_event_hook_cb
                0x100044c4        0x2 CMakeFiles/project.dir/C_/Users/YongYao/.pico-sdk/sdk/2.0.0/lib/tinyusb/src/device/usbd.c.obj
                0x100044c4                tud_event_hook_cb
 .text.tud_sof_cb
                0x100044c6        0x2 CMakeFiles/project.dir/C_/Users/YongYao/.pico-sdk/sdk/2.0.0/lib/tinyusb/src/device/usbd.c.obj
                0x100044c6                tud_sof_cb
 .text.tud_descriptor_device_qualifier_cb
                0x100044c8        0x4 CMakeFiles/project.dir/C_/Users/YongYao/.pico-sdk/sdk/2.0.0/lib/tinyusb/src/device/usbd.c.obj
                0x100044c8                tud_descriptor_device_qualifier_cb
 .text.tud_descriptor_other_speed_configuration_cb
                0x100044cc        0x4 CMakeFiles/project.dir/C_/Users/YongYao/.pico-sdk/sdk/2.0.0/lib/tinyusb/src/device/usbd.c.obj
                0x100044cc                tud_descriptor_other_speed_configuration_cb
 .text.process_get_descriptor
                0x100044d0       0xe0 CMakeFiles/project.dir/C_/Users/YongYao/.pico-sdk/sdk/2.0.0/lib/tinyusb/src/device/usbd.c.obj
 .text.tud_mount_cb
                0x100045b0        0x2 CMakeFiles/project.dir/C_/Users/YongYao/.pico-sdk/sdk/2.0.0/lib/tinyusb/src/device/usbd.c.obj
                0x100045b0                tud_mount_cb
 .text.tud_umount_cb
                0x100045b2        0x2 CMakeFiles/project.dir/C_/Users/YongYao/.pico-sdk/sdk/2.0.0/lib/tinyusb/src/device/usbd.c.obj
                0x100045b2                tud_umount_cb
 .text.tud_suspend_cb
                0x100045b4        0x2 CMakeFiles/project.dir/C_/Users/YongYao/.pico-sdk/sdk/2.0.0/lib/tinyusb/src/device/usbd.c.obj
                0x100045b4                tud_suspend_cb
 .text.tud_resume_cb
                0x100045b6        0x2 CMakeFiles/project.dir/C_/Users/YongYao/.pico-sdk/sdk/2.0.0/lib/tinyusb/src/device/usbd.c.obj
                0x100045b6                tud_resume_cb
 .text.tud_mounted
                0x100045b8       0x10 CMakeFiles/project.dir/C_/Users/YongYao/.pico-sdk/sdk/2.0.0/lib/tinyusb/src/device/usbd.c.obj
                0x100045b8                tud_mounted
 .text.tud_suspended
                0x100045c8       0x10 CMakeFiles/project.dir/C_/Users/YongYao/.pico-sdk/sdk/2.0.0/lib/tinyusb/src/device/usbd.c.obj
                0x100045c8                tud_suspended
 .text.tud_inited
                0x100045d8       0x14 CMakeFiles/project.dir/C_/Users/YongYao/.pico-sdk/sdk/2.0.0/lib/tinyusb/src/device/usbd.c.obj
                0x100045d8                tud_inited
 .text.tud_init
                0x100045ec       0xdc CMakeFiles/project.dir/C_/Users/YongYao/.pico-sdk/sdk/2.0.0/lib/tinyusb/src/device/usbd.c.obj
                0x100045ec                tud_init
 .text.usbd_edpt_open
                0x100046c8       0x60 CMakeFiles/project.dir/C_/Users/YongYao/.pico-sdk/sdk/2.0.0/lib/tinyusb/src/device/usbd.c.obj
                0x100046c8                usbd_edpt_open
 .text.usbd_open_edpt_pair
                0x10004728       0x8c CMakeFiles/project.dir/C_/Users/YongYao/.pico-sdk/sdk/2.0.0/lib/tinyusb/src/device/usbd.c.obj
                0x10004728                usbd_open_edpt_pair
 .text.usbd_edpt_claim
                0x100047b4       0x28 CMakeFiles/project.dir/C_/Users/YongYao/.pico-sdk/sdk/2.0.0/lib/tinyusb/src/device/usbd.c.obj
                0x100047b4                usbd_edpt_claim
 .text.usbd_edpt_release
                0x100047dc       0x28 CMakeFiles/project.dir/C_/Users/YongYao/.pico-sdk/sdk/2.0.0/lib/tinyusb/src/device/usbd.c.obj
                0x100047dc                usbd_edpt_release
 .text.usbd_edpt_xfer
                0x10004804       0x88 CMakeFiles/project.dir/C_/Users/YongYao/.pico-sdk/sdk/2.0.0/lib/tinyusb/src/device/usbd.c.obj
                0x10004804                usbd_edpt_xfer
 .text.usbd_edpt_stall
                0x1000488c       0x34 CMakeFiles/project.dir/C_/Users/YongYao/.pico-sdk/sdk/2.0.0/lib/tinyusb/src/device/usbd.c.obj
                0x1000488c                usbd_edpt_stall
 .text.usbd_edpt_clear_stall
                0x100048c0       0x34 CMakeFiles/project.dir/C_/Users/YongYao/.pico-sdk/sdk/2.0.0/lib/tinyusb/src/device/usbd.c.obj
                0x100048c0                usbd_edpt_clear_stall
 .text.usbd_edpt_stalled
                0x100048f4       0x1c CMakeFiles/project.dir/C_/Users/YongYao/.pico-sdk/sdk/2.0.0/lib/tinyusb/src/device/usbd.c.obj
                0x100048f4                usbd_edpt_stalled
 .text.process_control_request
                0x10004910      0x394 CMakeFiles/project.dir/C_/Users/YongYao/.pico-sdk/sdk/2.0.0/lib/tinyusb/src/device/usbd.c.obj
 .text.tud_task_ext
                0x10004ca4      0x1d8 CMakeFiles/project.dir/C_/Users/YongYao/.pico-sdk/sdk/2.0.0/lib/tinyusb/src/device/usbd.c.obj
                0x10004ca4                tud_task_ext
 .text._data_stage_xact
                0x10004e7c       0x60 CMakeFiles/project.dir/C_/Users/YongYao/.pico-sdk/sdk/2.0.0/lib/tinyusb/src/device/usbd_control.c.obj
 .text.tud_control_status
                0x10004edc       0x38 CMakeFiles/project.dir/C_/Users/YongYao/.pico-sdk/sdk/2.0.0/lib/tinyusb/src/device/usbd_control.c.obj
                0x10004edc                tud_control_status
 .text.tud_control_xfer
                0x10004f14       0xa8 CMakeFiles/project.dir/C_/Users/YongYao/.pico-sdk/sdk/2.0.0/lib/tinyusb/src/device/usbd_control.c.obj
                0x10004f14                tud_control_xfer
 .text.usbd_control_reset
                0x10004fbc       0x14 CMakeFiles/project.dir/C_/Users/YongYao/.pico-sdk/sdk/2.0.0/lib/tinyusb/src/device/usbd_control.c.obj
                0x10004fbc                usbd_control_reset
 .text.usbd_control_set_complete_callback
                0x10004fd0        0xc CMakeFiles/project.dir/C_/Users/YongYao/.pico-sdk/sdk/2.0.0/lib/tinyusb/src/device/usbd_control.c.obj
                0x10004fd0                usbd_control_set_complete_callback
 .text.usbd_control_set_request
                0x10004fdc       0x1c CMakeFiles/project.dir/C_/Users/YongYao/.pico-sdk/sdk/2.0.0/lib/tinyusb/src/device/usbd_control.c.obj
                0x10004fdc                usbd_control_set_request
 .text.usbd_control_xfer_cb
                0x10004ff8       0xf4 CMakeFiles/project.dir/C_/Users/YongYao/.pico-sdk/sdk/2.0.0/lib/tinyusb/src/device/usbd_control.c.obj
                0x10004ff8                usbd_control_xfer_cb
 .text._prep_out_transaction
                0x100050ec       0x72 CMakeFiles/project.dir/C_/Users/YongYao/.pico-sdk/sdk/2.0.0/lib/tinyusb/src/class/cdc/cdc_device.c.obj
 *fill*         0x1000515e        0x2 
 .text.tud_cdc_n_connected
                0x10005160       0x44 CMakeFiles/project.dir/C_/Users/YongYao/.pico-sdk/sdk/2.0.0/lib/tinyusb/src/class/cdc/cdc_device.c.obj
                0x10005160                tud_cdc_n_connected
 .text.tud_cdc_n_available
                0x100051a4       0x18 CMakeFiles/project.dir/C_/Users/YongYao/.pico-sdk/sdk/2.0.0/lib/tinyusb/src/class/cdc/cdc_device.c.obj
                0x100051a4                tud_cdc_n_available
 .text.tud_cdc_n_read
                0x100051bc       0x38 CMakeFiles/project.dir/C_/Users/YongYao/.pico-sdk/sdk/2.0.0/lib/tinyusb/src/class/cdc/cdc_device.c.obj
                0x100051bc                tud_cdc_n_read
 .text.tud_cdc_n_write_flush
                0x100051f4       0xcc CMakeFiles/project.dir/C_/Users/YongYao/.pico-sdk/sdk/2.0.0/lib/tinyusb/src/class/cdc/cdc_device.c.obj
                0x100051f4                tud_cdc_n_write_flush
 .text.tud_cdc_n_write
                0x100052c0       0x48 CMakeFiles/project.dir/C_/Users/YongYao/.pico-sdk/sdk/2.0.0/lib/tinyusb/src/class/cdc/cdc_device.c.obj
                0x100052c0                tud_cdc_n_write
 .text.tud_cdc_n_write_available
                0x10005308       0x1c CMakeFiles/project.dir/C_/Users/YongYao/.pico-sdk/sdk/2.0.0/lib/tinyusb/src/class/cdc/cdc_device.c.obj
                0x10005308                tud_cdc_n_write_available
 .text.cdcd_init
                0x10005324       0xc0 CMakeFiles/project.dir/C_/Users/YongYao/.pico-sdk/sdk/2.0.0/lib/tinyusb/src/class/cdc/cdc_device.c.obj
                0x10005324                cdcd_init
 .text.cdcd_deinit
                0x100053e4       0x50 CMakeFiles/project.dir/C_/Users/YongYao/.pico-sdk/sdk/2.0.0/lib/tinyusb/src/class/cdc/cdc_device.c.obj
                0x100053e4                cdcd_deinit
 .text.cdcd_reset
                0x10005434       0x78 CMakeFiles/project.dir/C_/Users/YongYao/.pico-sdk/sdk/2.0.0/lib/tinyusb/src/class/cdc/cdc_device.c.obj
                0x10005434                cdcd_reset
 .text.cdcd_open
                0x100054ac       0xf8 CMakeFiles/project.dir/C_/Users/YongYao/.pico-sdk/sdk/2.0.0/lib/tinyusb/src/class/cdc/cdc_device.c.obj
                0x100054ac                cdcd_open
 .text.cdcd_control_xfer_cb
                0x100055a4      0x138 CMakeFiles/project.dir/C_/Users/YongYao/.pico-sdk/sdk/2.0.0/lib/tinyusb/src/class/cdc/cdc_device.c.obj
                0x100055a4                cdcd_control_xfer_cb
 .text.cdcd_xfer_cb
                0x100056dc      0x144 CMakeFiles/project.dir/C_/Users/YongYao/.pico-sdk/sdk/2.0.0/lib/tinyusb/src/class/cdc/cdc_device.c.obj
                0x100056dc                cdcd_xfer_cb
 .text._prep_out_transaction
                0x10005820       0x3a CMakeFiles/project.dir/C_/Users/YongYao/.pico-sdk/sdk/2.0.0/lib/tinyusb/src/class/vendor/vendor_device.c.obj
 *fill*         0x1000585a        0x2 
 .text.tud_vendor_n_write_flush
                0x1000585c       0xcc CMakeFiles/project.dir/C_/Users/YongYao/.pico-sdk/sdk/2.0.0/lib/tinyusb/src/class/vendor/vendor_device.c.obj
                0x1000585c                tud_vendor_n_write_flush
 .text.vendord_init
                0x10005928       0xa0 CMakeFiles/project.dir/C_/Users/YongYao/.pico-sdk/sdk/2.0.0/lib/tinyusb/src/class/vendor/vendor_device.c.obj
                0x10005928                vendord_init
 .text.vendord_deinit
                0x100059c8       0x50 CMakeFiles/project.dir/C_/Users/YongYao/.pico-sdk/sdk/2.0.0/lib/tinyusb/src/class/vendor/vendor_device.c.obj
                0x100059c8                vendord_deinit
 .text.vendord_reset
                0x10005a18       0x38 CMakeFiles/project.dir/C_/Users/YongYao/.pico-sdk/sdk/2.0.0/lib/tinyusb/src/class/vendor/vendor_device.c.obj
                0x10005a18                vendord_reset
 .text.vendord_open
                0x10005a50       0xd8 CMakeFiles/project.dir/C_/Users/YongYao/.pico-sdk/sdk/2.0.0/lib/tinyusb/src/class/vendor/vendor_device.c.obj
                0x10005a50                vendord_open
 .text.vendord_xfer_cb
                0x10005b28       0xc8 CMakeFiles/project.dir/C_/Users/YongYao/.pico-sdk/sdk/2.0.0/lib/tinyusb/src/class/vendor/vendor_device.c.obj
                0x10005b28                vendord_xfer_cb
 .text.tusb_init
                0x10005bf0       0x24 CMakeFiles/project.dir/C_/Users/YongYao/.pico-sdk/sdk/2.0.0/lib/tinyusb/src/tusb.c.obj
                0x10005bf0                tusb_init
 .text.tu_edpt_claim
                0x10005c14       0x50 CMakeFiles/project.dir/C_/Users/YongYao/.pico-sdk/sdk/2.0.0/lib/tinyusb/src/tusb.c.obj
                0x10005c14                tu_edpt_claim
 .text.tu_edpt_release
                0x10005c64       0x3c CMakeFiles/project.dir/C_/Users/YongYao/.pico-sdk/sdk/2.0.0/lib/tinyusb/src/tusb.c.obj
                0x10005c64                tu_edpt_release
 .text.tu_edpt_validate
                0x10005ca0       0xac CMakeFiles/project.dir/C_/Users/YongYao/.pico-sdk/sdk/2.0.0/lib/tinyusb/src/tusb.c.obj
                0x10005ca0                tu_edpt_validate
 .text.tu_edpt_bind_driver
                0x10005d4c       0x26 CMakeFiles/project.dir/C_/Users/YongYao/.pico-sdk/sdk/2.0.0/lib/tinyusb/src/tusb.c.obj
                0x10005d4c                tu_edpt_bind_driver
 .text.advance_index
                0x10005d72       0x1a CMakeFiles/project.dir/C_/Users/YongYao/.pico-sdk/sdk/2.0.0/lib/tinyusb/src/common/tusb_fifo.c.obj
 .text._tu_fifo_peek
                0x10005d8c       0x56 CMakeFiles/project.dir/C_/Users/YongYao/.pico-sdk/sdk/2.0.0/lib/tinyusb/src/common/tusb_fifo.c.obj
 .text._ff_pull_n
                0x10005de2       0x68 CMakeFiles/project.dir/C_/Users/YongYao/.pico-sdk/sdk/2.0.0/lib/tinyusb/src/common/tusb_fifo.c.obj
 .text._tu_fifo_peek_n
                0x10005e4a       0x6a CMakeFiles/project.dir/C_/Users/YongYao/.pico-sdk/sdk/2.0.0/lib/tinyusb/src/common/tusb_fifo.c.obj
 .text._tu_fifo_read_n
                0x10005eb4       0x4e CMakeFiles/project.dir/C_/Users/YongYao/.pico-sdk/sdk/2.0.0/lib/tinyusb/src/common/tusb_fifo.c.obj
 .text._ff_push_n
                0x10005f02       0x68 CMakeFiles/project.dir/C_/Users/YongYao/.pico-sdk/sdk/2.0.0/lib/tinyusb/src/common/tusb_fifo.c.obj
 .text._tu_fifo_write_n
                0x10005f6a       0xf0 CMakeFiles/project.dir/C_/Users/YongYao/.pico-sdk/sdk/2.0.0/lib/tinyusb/src/common/tusb_fifo.c.obj
 .text.tu_fifo_config
                0x1000605a       0x7c CMakeFiles/project.dir/C_/Users/YongYao/.pico-sdk/sdk/2.0.0/lib/tinyusb/src/common/tusb_fifo.c.obj
                0x1000605a                tu_fifo_config
 .text.tu_fifo_count
                0x100060d6       0x2a CMakeFiles/project.dir/C_/Users/YongYao/.pico-sdk/sdk/2.0.0/lib/tinyusb/src/common/tusb_fifo.c.obj
                0x100060d6                tu_fifo_count
 .text.tu_fifo_empty
                0x10006100       0x10 CMakeFiles/project.dir/C_/Users/YongYao/.pico-sdk/sdk/2.0.0/lib/tinyusb/src/common/tusb_fifo.c.obj
                0x10006100                tu_fifo_empty
 .text.tu_fifo_full
                0x10006110       0x28 CMakeFiles/project.dir/C_/Users/YongYao/.pico-sdk/sdk/2.0.0/lib/tinyusb/src/common/tusb_fifo.c.obj
                0x10006110                tu_fifo_full
 .text.tu_fifo_remaining
                0x10006138       0x2c CMakeFiles/project.dir/C_/Users/YongYao/.pico-sdk/sdk/2.0.0/lib/tinyusb/src/common/tusb_fifo.c.obj
                0x10006138                tu_fifo_remaining
 .text.tu_fifo_read
                0x10006164       0x42 CMakeFiles/project.dir/C_/Users/YongYao/.pico-sdk/sdk/2.0.0/lib/tinyusb/src/common/tusb_fifo.c.obj
                0x10006164                tu_fifo_read
 .text.tu_fifo_read_n
                0x100061a6        0xa CMakeFiles/project.dir/C_/Users/YongYao/.pico-sdk/sdk/2.0.0/lib/tinyusb/src/common/tusb_fifo.c.obj
                0x100061a6                tu_fifo_read_n
 .text.tu_fifo_write
                0x100061b0       0x64 CMakeFiles/project.dir/C_/Users/YongYao/.pico-sdk/sdk/2.0.0/lib/tinyusb/src/common/tusb_fifo.c.obj
                0x100061b0                tu_fifo_write
 .text.tu_fifo_write_n
                0x10006214        0xa CMakeFiles/project.dir/C_/Users/YongYao/.pico-sdk/sdk/2.0.0/lib/tinyusb/src/common/tusb_fifo.c.obj
                0x10006214                tu_fifo_write_n
 .text.tu_fifo_clear
                0x1000621e       0x3e CMakeFiles/project.dir/C_/Users/YongYao/.pico-sdk/sdk/2.0.0/lib/tinyusb/src/common/tusb_fifo.c.obj
                0x1000621e                tu_fifo_clear
 .text.tu_fifo_set_overwritable
                0x1000625c       0x46 CMakeFiles/project.dir/C_/Users/YongYao/.pico-sdk/sdk/2.0.0/lib/tinyusb/src/common/tusb_fifo.c.obj
                0x1000625c                tu_fifo_set_overwritable
 .text.ff_memalloc
                0x100062a2        0x8 CMakeFiles/project.dir/lib/no-OS-FatFS-SD-SPI-RPi-Pico/FatFs_SPI/ff15/source/ffsystem.c.obj
                0x100062a2                ff_memalloc
 .text.ff_memfree
                0x100062aa        0x8 CMakeFiles/project.dir/lib/no-OS-FatFS-SD-SPI-RPi-Pico/FatFs_SPI/ff15/source/ffsystem.c.obj
                0x100062aa                ff_memfree
 *fill*         0x100062b2        0x2 
 .text.ff_uni2oem
                0x100062b4       0x44 CMakeFiles/project.dir/lib/no-OS-FatFS-SD-SPI-RPi-Pico/FatFs_SPI/ff15/source/ffunicode.c.obj
                0x100062b4                ff_uni2oem
 .text.ff_wtoupper
                0x100062f8       0xa8 CMakeFiles/project.dir/lib/no-OS-FatFS-SD-SPI-RPi-Pico/FatFs_SPI/ff15/source/ffunicode.c.obj
                0x100062f8                ff_wtoupper
 .text.ld_word  0x100063a0        0xa CMakeFiles/project.dir/lib/no-OS-FatFS-SD-SPI-RPi-Pico/FatFs_SPI/ff15/source/ff.c.obj
 .text.ld_dword
                0x100063aa       0x18 CMakeFiles/project.dir/lib/no-OS-FatFS-SD-SPI-RPi-Pico/FatFs_SPI/ff15/source/ff.c.obj
 .text.ld_qword
                0x100063c2       0x42 CMakeFiles/project.dir/lib/no-OS-FatFS-SD-SPI-RPi-Pico/FatFs_SPI/ff15/source/ff.c.obj
 .text.st_word  0x10006404        0x8 CMakeFiles/project.dir/lib/no-OS-FatFS-SD-SPI-RPi-Pico/FatFs_SPI/ff15/source/ff.c.obj
 .text.st_dword
                0x1000640c       0x10 CMakeFiles/project.dir/lib/no-OS-FatFS-SD-SPI-RPi-Pico/FatFs_SPI/ff15/source/ff.c.obj
 .text.st_qword
                0x1000641c       0x1e CMakeFiles/project.dir/lib/no-OS-FatFS-SD-SPI-RPi-Pico/FatFs_SPI/ff15/source/ff.c.obj
 .text.dbc_1st  0x1000643a        0x4 CMakeFiles/project.dir/lib/no-OS-FatFS-SD-SPI-RPi-Pico/FatFs_SPI/ff15/source/ff.c.obj
 *fill*         0x1000643e        0x2 
 .text.tchar2uni
                0x10006440       0xd0 CMakeFiles/project.dir/lib/no-OS-FatFS-SD-SPI-RPi-Pico/FatFs_SPI/ff15/source/ff.c.obj
 .text.chk_share
                0x10006510       0x78 CMakeFiles/project.dir/lib/no-OS-FatFS-SD-SPI-RPi-Pico/FatFs_SPI/ff15/source/ff.c.obj
 .text.enq_share
                0x10006588       0x20 CMakeFiles/project.dir/lib/no-OS-FatFS-SD-SPI-RPi-Pico/FatFs_SPI/ff15/source/ff.c.obj
 .text.inc_share
                0x100065a8       0xa8 CMakeFiles/project.dir/lib/no-OS-FatFS-SD-SPI-RPi-Pico/FatFs_SPI/ff15/source/ff.c.obj
 .text.dec_share
                0x10006650       0x44 CMakeFiles/project.dir/lib/no-OS-FatFS-SD-SPI-RPi-Pico/FatFs_SPI/ff15/source/ff.c.obj
 .text.clear_share
                0x10006694       0x24 CMakeFiles/project.dir/lib/no-OS-FatFS-SD-SPI-RPi-Pico/FatFs_SPI/ff15/source/ff.c.obj
 .text.clst2sect
                0x100066b8       0x28 CMakeFiles/project.dir/lib/no-OS-FatFS-SD-SPI-RPi-Pico/FatFs_SPI/ff15/source/ff.c.obj
 .text.clmt_clust
                0x100066e0       0x30 CMakeFiles/project.dir/lib/no-OS-FatFS-SD-SPI-RPi-Pico/FatFs_SPI/ff15/source/ff.c.obj
 .text.ld_clust
                0x10006710       0x26 CMakeFiles/project.dir/lib/no-OS-FatFS-SD-SPI-RPi-Pico/FatFs_SPI/ff15/source/ff.c.obj
 .text.st_clust
                0x10006736       0x26 CMakeFiles/project.dir/lib/no-OS-FatFS-SD-SPI-RPi-Pico/FatFs_SPI/ff15/source/ff.c.obj
 .text.pick_lfn
                0x1000675c       0x94 CMakeFiles/project.dir/lib/no-OS-FatFS-SD-SPI-RPi-Pico/FatFs_SPI/ff15/source/ff.c.obj
 .text.put_lfn  0x100067f0       0x8c CMakeFiles/project.dir/lib/no-OS-FatFS-SD-SPI-RPi-Pico/FatFs_SPI/ff15/source/ff.c.obj
 .text.sum_sfn  0x1000687c       0x20 CMakeFiles/project.dir/lib/no-OS-FatFS-SD-SPI-RPi-Pico/FatFs_SPI/ff15/source/ff.c.obj
 .text.xdir_sum
                0x1000689c       0x2e CMakeFiles/project.dir/lib/no-OS-FatFS-SD-SPI-RPi-Pico/FatFs_SPI/ff15/source/ff.c.obj
 .text.init_alloc_info
                0x100068ca       0x2e CMakeFiles/project.dir/lib/no-OS-FatFS-SD-SPI-RPi-Pico/FatFs_SPI/ff15/source/ff.c.obj
 .text.get_ldnumber
                0x100068f8       0x5c CMakeFiles/project.dir/lib/no-OS-FatFS-SD-SPI-RPi-Pico/FatFs_SPI/ff15/source/ff.c.obj
 .text.crc32    0x10006954       0x2c CMakeFiles/project.dir/lib/no-OS-FatFS-SD-SPI-RPi-Pico/FatFs_SPI/ff15/source/ff.c.obj
 .text.ilog10   0x10006980       0xb0 CMakeFiles/project.dir/lib/no-OS-FatFS-SD-SPI-RPi-Pico/FatFs_SPI/ff15/source/ff.c.obj
 .text.i10x     0x10006a30       0x54 CMakeFiles/project.dir/lib/no-OS-FatFS-SD-SPI-RPi-Pico/FatFs_SPI/ff15/source/ff.c.obj
 .text.ftoa     0x10006a84      0x294 CMakeFiles/project.dir/lib/no-OS-FatFS-SD-SPI-RPi-Pico/FatFs_SPI/ff15/source/ff.c.obj
 .text.validate
                0x10006d18       0x52 CMakeFiles/project.dir/lib/no-OS-FatFS-SD-SPI-RPi-Pico/FatFs_SPI/ff15/source/ff.c.obj
 *fill*         0x10006d6a        0x2 
 .text.test_gpt_header
                0x10006d6c       0x7c CMakeFiles/project.dir/lib/no-OS-FatFS-SD-SPI-RPi-Pico/FatFs_SPI/ff15/source/ff.c.obj
 .text.sync_window
                0x10006de8       0x70 CMakeFiles/project.dir/lib/no-OS-FatFS-SD-SPI-RPi-Pico/FatFs_SPI/ff15/source/ff.c.obj
 .text.move_window
                0x10006e58       0x4c CMakeFiles/project.dir/lib/no-OS-FatFS-SD-SPI-RPi-Pico/FatFs_SPI/ff15/source/ff.c.obj
 .text.check_fs
                0x10006ea4      0x100 CMakeFiles/project.dir/lib/no-OS-FatFS-SD-SPI-RPi-Pico/FatFs_SPI/ff15/source/ff.c.obj
 .text.find_volume
                0x10006fa4      0x14c CMakeFiles/project.dir/lib/no-OS-FatFS-SD-SPI-RPi-Pico/FatFs_SPI/ff15/source/ff.c.obj
 .text.mount_volume
                0x100070f0      0x540 CMakeFiles/project.dir/lib/no-OS-FatFS-SD-SPI-RPi-Pico/FatFs_SPI/ff15/source/ff.c.obj
 .text.find_bitmap
                0x10007630       0xa6 CMakeFiles/project.dir/lib/no-OS-FatFS-SD-SPI-RPi-Pico/FatFs_SPI/ff15/source/ff.c.obj
 .text.change_bitmap
                0x100076d6       0x96 CMakeFiles/project.dir/lib/no-OS-FatFS-SD-SPI-RPi-Pico/FatFs_SPI/ff15/source/ff.c.obj
 .text.put_fat  0x1000776c      0x176 CMakeFiles/project.dir/lib/no-OS-FatFS-SD-SPI-RPi-Pico/FatFs_SPI/ff15/source/ff.c.obj
 .text.fill_last_frag
                0x100078e2       0x32 CMakeFiles/project.dir/lib/no-OS-FatFS-SD-SPI-RPi-Pico/FatFs_SPI/ff15/source/ff.c.obj
 .text.fill_first_frag
                0x10007914       0x32 CMakeFiles/project.dir/lib/no-OS-FatFS-SD-SPI-RPi-Pico/FatFs_SPI/ff15/source/ff.c.obj
 *fill*         0x10007946        0x2 
 .text.get_fat  0x10007948      0x1ac CMakeFiles/project.dir/lib/no-OS-FatFS-SD-SPI-RPi-Pico/FatFs_SPI/ff15/source/ff.c.obj
 .text.create_chain
                0x10007af4      0x1c6 CMakeFiles/project.dir/lib/no-OS-FatFS-SD-SPI-RPi-Pico/FatFs_SPI/ff15/source/ff.c.obj
 .text.dir_sdi  0x10007cba       0xd4 CMakeFiles/project.dir/lib/no-OS-FatFS-SD-SPI-RPi-Pico/FatFs_SPI/ff15/source/ff.c.obj
 .text.remove_chain
                0x10007d8e      0x14c CMakeFiles/project.dir/lib/no-OS-FatFS-SD-SPI-RPi-Pico/FatFs_SPI/ff15/source/ff.c.obj
 .text.putc_init
                0x10007eda       0x12 CMakeFiles/project.dir/lib/no-OS-FatFS-SD-SPI-RPi-Pico/FatFs_SPI/ff15/source/ff.c.obj
 .text.dir_clear
                0x10007eec       0xf0 CMakeFiles/project.dir/lib/no-OS-FatFS-SD-SPI-RPi-Pico/FatFs_SPI/ff15/source/ff.c.obj
 .text.dir_next
                0x10007fdc      0x104 CMakeFiles/project.dir/lib/no-OS-FatFS-SD-SPI-RPi-Pico/FatFs_SPI/ff15/source/ff.c.obj
 .text.dir_alloc
                0x100080e0       0x70 CMakeFiles/project.dir/lib/no-OS-FatFS-SD-SPI-RPi-Pico/FatFs_SPI/ff15/source/ff.c.obj
 .text.load_xdir
                0x10008150      0x10c CMakeFiles/project.dir/lib/no-OS-FatFS-SD-SPI-RPi-Pico/FatFs_SPI/ff15/source/ff.c.obj
 .text.load_obj_xdir
                0x1000825c       0x36 CMakeFiles/project.dir/lib/no-OS-FatFS-SD-SPI-RPi-Pico/FatFs_SPI/ff15/source/ff.c.obj
 .text.dir_read
                0x10008292      0x114 CMakeFiles/project.dir/lib/no-OS-FatFS-SD-SPI-RPi-Pico/FatFs_SPI/ff15/source/ff.c.obj
 *fill*         0x100083a6        0x2 
 .text.gen_numname
                0x100083a8       0xac CMakeFiles/project.dir/lib/no-OS-FatFS-SD-SPI-RPi-Pico/FatFs_SPI/ff15/source/ff.c.obj
 .text.store_xdir
                0x10008454       0x66 CMakeFiles/project.dir/lib/no-OS-FatFS-SD-SPI-RPi-Pico/FatFs_SPI/ff15/source/ff.c.obj
 *fill*         0x100084ba        0x2 
 .text.create_name
                0x100084bc      0x324 CMakeFiles/project.dir/lib/no-OS-FatFS-SD-SPI-RPi-Pico/FatFs_SPI/ff15/source/ff.c.obj
 .text.xname_sum
                0x100087e0       0x38 CMakeFiles/project.dir/lib/no-OS-FatFS-SD-SPI-RPi-Pico/FatFs_SPI/ff15/source/ff.c.obj
 .text.create_xdir
                0x10008818       0x90 CMakeFiles/project.dir/lib/no-OS-FatFS-SD-SPI-RPi-Pico/FatFs_SPI/ff15/source/ff.c.obj
 .text.cmp_lfn  0x100088a8       0xb0 CMakeFiles/project.dir/lib/no-OS-FatFS-SD-SPI-RPi-Pico/FatFs_SPI/ff15/source/ff.c.obj
 .text.dir_find
                0x10008958      0x18c CMakeFiles/project.dir/lib/no-OS-FatFS-SD-SPI-RPi-Pico/FatFs_SPI/ff15/source/ff.c.obj
 .text.follow_path
                0x10008ae4      0x11a CMakeFiles/project.dir/lib/no-OS-FatFS-SD-SPI-RPi-Pico/FatFs_SPI/ff15/source/ff.c.obj
 .text.dir_register
                0x10008bfe      0x202 CMakeFiles/project.dir/lib/no-OS-FatFS-SD-SPI-RPi-Pico/FatFs_SPI/ff15/source/ff.c.obj
 .text.sync_fs  0x10008e00       0xa8 CMakeFiles/project.dir/lib/no-OS-FatFS-SD-SPI-RPi-Pico/FatFs_SPI/ff15/source/ff.c.obj
 .text.f_mount  0x10008ea8       0x60 CMakeFiles/project.dir/lib/no-OS-FatFS-SD-SPI-RPi-Pico/FatFs_SPI/ff15/source/ff.c.obj
                0x10008ea8                f_mount
 .text.f_open   0x10008f08      0x366 CMakeFiles/project.dir/lib/no-OS-FatFS-SD-SPI-RPi-Pico/FatFs_SPI/ff15/source/ff.c.obj
                0x10008f08                f_open
 .text.f_read   0x1000926e      0x250 CMakeFiles/project.dir/lib/no-OS-FatFS-SD-SPI-RPi-Pico/FatFs_SPI/ff15/source/ff.c.obj
                0x1000926e                f_read
 .text.f_write  0x100094be      0x2a0 CMakeFiles/project.dir/lib/no-OS-FatFS-SD-SPI-RPi-Pico/FatFs_SPI/ff15/source/ff.c.obj
                0x100094be                f_write
 .text.putc_bfd
                0x1000975e      0x18e CMakeFiles/project.dir/lib/no-OS-FatFS-SD-SPI-RPi-Pico/FatFs_SPI/ff15/source/ff.c.obj
 .text.putc_flush
                0x100098ec       0x3c CMakeFiles/project.dir/lib/no-OS-FatFS-SD-SPI-RPi-Pico/FatFs_SPI/ff15/source/ff.c.obj
 .text.f_sync   0x10009928      0x17e CMakeFiles/project.dir/lib/no-OS-FatFS-SD-SPI-RPi-Pico/FatFs_SPI/ff15/source/ff.c.obj
                0x10009928                f_sync
 .text.f_close  0x10009aa6       0x2e CMakeFiles/project.dir/lib/no-OS-FatFS-SD-SPI-RPi-Pico/FatFs_SPI/ff15/source/ff.c.obj
                0x10009aa6                f_close
 .text.f_gets   0x10009ad4      0x17c CMakeFiles/project.dir/lib/no-OS-FatFS-SD-SPI-RPi-Pico/FatFs_SPI/ff15/source/ff.c.obj
                0x10009ad4                f_gets
 .text.f_printf
                0x10009c50      0x450 CMakeFiles/project.dir/lib/no-OS-FatFS-SD-SPI-RPi-Pico/FatFs_SPI/ff15/source/ff.c.obj
                0x10009c50                f_printf
 .text.sd_spi_deselect
                0x1000a0a0       0x26 CMakeFiles/project.dir/lib/no-OS-FatFS-SD-SPI-RPi-Pico/FatFs_SPI/sd_driver/sd_spi.c.obj
 .text.sd_spi_select
                0x1000a0c6       0x26 CMakeFiles/project.dir/lib/no-OS-FatFS-SD-SPI-RPi-Pico/FatFs_SPI/sd_driver/sd_spi.c.obj
 .text.sd_spi_lock
                0x1000a0ec        0xa CMakeFiles/project.dir/lib/no-OS-FatFS-SD-SPI-RPi-Pico/FatFs_SPI/sd_driver/sd_spi.c.obj
 .text.sd_spi_unlock
                0x1000a0f6        0xa CMakeFiles/project.dir/lib/no-OS-FatFS-SD-SPI-RPi-Pico/FatFs_SPI/sd_driver/sd_spi.c.obj
 .text.sd_spi_go_high_frequency
                0x1000a100        0xe CMakeFiles/project.dir/lib/no-OS-FatFS-SD-SPI-RPi-Pico/FatFs_SPI/sd_driver/sd_spi.c.obj
                0x1000a100                sd_spi_go_high_frequency
 *fill*         0x1000a10e        0x2 
 .text.sd_spi_go_low_frequency
                0x1000a110       0x14 CMakeFiles/project.dir/lib/no-OS-FatFS-SD-SPI-RPi-Pico/FatFs_SPI/sd_driver/sd_spi.c.obj
                0x1000a110                sd_spi_go_low_frequency
 .text.sd_spi_deselect_pulse
                0x1000a124       0x10 CMakeFiles/project.dir/lib/no-OS-FatFS-SD-SPI-RPi-Pico/FatFs_SPI/sd_driver/sd_spi.c.obj
                0x1000a124                sd_spi_deselect_pulse
 .text.sd_spi_acquire
                0x1000a134       0x10 CMakeFiles/project.dir/lib/no-OS-FatFS-SD-SPI-RPi-Pico/FatFs_SPI/sd_driver/sd_spi.c.obj
                0x1000a134                sd_spi_acquire
 .text.sd_spi_release
                0x1000a144       0x10 CMakeFiles/project.dir/lib/no-OS-FatFS-SD-SPI-RPi-Pico/FatFs_SPI/sd_driver/sd_spi.c.obj
                0x1000a144                sd_spi_release
 .text.sd_spi_transfer
                0x1000a154        0xa CMakeFiles/project.dir/lib/no-OS-FatFS-SD-SPI-RPi-Pico/FatFs_SPI/sd_driver/sd_spi.c.obj
                0x1000a154                sd_spi_transfer
 *fill*         0x1000a15e        0x2 
 .text.sd_spi_write
                0x1000a160       0x44 CMakeFiles/project.dir/lib/no-OS-FatFS-SD-SPI-RPi-Pico/FatFs_SPI/sd_driver/sd_spi.c.obj
                0x1000a160                sd_spi_write
 .text.sd_spi_send_initializing_sequence
                0x1000a1a4       0x7c CMakeFiles/project.dir/lib/no-OS-FatFS-SD-SPI-RPi-Pico/FatFs_SPI/sd_driver/sd_spi.c.obj
                0x1000a1a4                sd_spi_send_initializing_sequence
 .text.sd_get_num
                0x1000a220        0x4 CMakeFiles/project.dir/lib/no-OS-FatFS-SD-SPI-RPi-Pico/FatFs_SPI/sd_driver/hw_config.c.obj
                0x1000a220                sd_get_num
 .text.sd_get_by_num
                0x1000a224       0x34 CMakeFiles/project.dir/lib/no-OS-FatFS-SD-SPI-RPi-Pico/FatFs_SPI/sd_driver/hw_config.c.obj
                0x1000a224                sd_get_by_num
 .text.spi_get_num
                0x1000a258        0x4 CMakeFiles/project.dir/lib/no-OS-FatFS-SD-SPI-RPi-Pico/FatFs_SPI/sd_driver/hw_config.c.obj
                0x1000a258                spi_get_num
 .text.spi_get_by_num
                0x1000a25c       0x34 CMakeFiles/project.dir/lib/no-OS-FatFS-SD-SPI-RPi-Pico/FatFs_SPI/sd_driver/hw_config.c.obj
                0x1000a25c                spi_get_by_num
 .text.in_spi_irq_handler
                0x1000a290       0x90 CMakeFiles/project.dir/lib/no-OS-FatFS-SD-SPI-RPi-Pico/FatFs_SPI/sd_driver/spi.c.obj
 .text.spi_lock
                0x1000a320       0x28 CMakeFiles/project.dir/lib/no-OS-FatFS-SD-SPI-RPi-Pico/FatFs_SPI/sd_driver/spi.c.obj
                0x1000a320                spi_lock
 .text.spi_unlock
                0x1000a348       0x28 CMakeFiles/project.dir/lib/no-OS-FatFS-SD-SPI-RPi-Pico/FatFs_SPI/sd_driver/spi.c.obj
                0x1000a348                spi_unlock
 .text.my_spi_init
                0x1000a370      0x2b8 CMakeFiles/project.dir/lib/no-OS-FatFS-SD-SPI-RPi-Pico/FatFs_SPI/sd_driver/spi.c.obj
                0x1000a370                my_spi_init
 .text.ext_bits
                0x1000a628       0x30 CMakeFiles/project.dir/lib/no-OS-FatFS-SD-SPI-RPi-Pico/FatFs_SPI/sd_driver/sd_card.c.obj
 .text.sd_ctor  0x1000a658       0x30 CMakeFiles/project.dir/lib/no-OS-FatFS-SD-SPI-RPi-Pico/FatFs_SPI/sd_driver/sd_card.c.obj
 .text.sd_lock  0x1000a688       0x30 CMakeFiles/project.dir/lib/no-OS-FatFS-SD-SPI-RPi-Pico/FatFs_SPI/sd_driver/sd_card.c.obj
 .text.sd_acquire
                0x1000a6b8       0x10 CMakeFiles/project.dir/lib/no-OS-FatFS-SD-SPI-RPi-Pico/FatFs_SPI/sd_driver/sd_card.c.obj
 .text.sd_cmd_spi
                0x1000a6c8       0x74 CMakeFiles/project.dir/lib/no-OS-FatFS-SD-SPI-RPi-Pico/FatFs_SPI/sd_driver/sd_card.c.obj
 .text.sd_wait_ready
                0x1000a73c       0x7c CMakeFiles/project.dir/lib/no-OS-FatFS-SD-SPI-RPi-Pico/FatFs_SPI/sd_driver/sd_card.c.obj
 .text.sd_cmd   0x1000a7b8      0x2f0 CMakeFiles/project.dir/lib/no-OS-FatFS-SD-SPI-RPi-Pico/FatFs_SPI/sd_driver/sd_card.c.obj
 .text.sd_cmd8  0x1000aaa8       0x50 CMakeFiles/project.dir/lib/no-OS-FatFS-SD-SPI-RPi-Pico/FatFs_SPI/sd_driver/sd_card.c.obj
 .text.sd_wait_token
                0x1000aaf8       0x5c CMakeFiles/project.dir/lib/no-OS-FatFS-SD-SPI-RPi-Pico/FatFs_SPI/sd_driver/sd_card.c.obj
 .text.sd_read_bytes
                0x1000ab54       0x90 CMakeFiles/project.dir/lib/no-OS-FatFS-SD-SPI-RPi-Pico/FatFs_SPI/sd_driver/sd_card.c.obj
 .text.sd_sectors_nolock
                0x1000abe4      0x148 CMakeFiles/project.dir/lib/no-OS-FatFS-SD-SPI-RPi-Pico/FatFs_SPI/sd_driver/sd_card.c.obj
 .text.sd_unlock
                0x1000ad2c       0x30 CMakeFiles/project.dir/lib/no-OS-FatFS-SD-SPI-RPi-Pico/FatFs_SPI/sd_driver/sd_card.c.obj
 .text.sd_release
                0x1000ad5c       0x10 CMakeFiles/project.dir/lib/no-OS-FatFS-SD-SPI-RPi-Pico/FatFs_SPI/sd_driver/sd_card.c.obj
 .text.sd_read_block
                0x1000ad6c       0x8c CMakeFiles/project.dir/lib/no-OS-FatFS-SD-SPI-RPi-Pico/FatFs_SPI/sd_driver/sd_card.c.obj
 .text.in_sd_read_blocks
                0x1000adf8       0xbc CMakeFiles/project.dir/lib/no-OS-FatFS-SD-SPI-RPi-Pico/FatFs_SPI/sd_driver/sd_card.c.obj
 .text.sd_read_blocks
                0x1000aeb4       0x2e CMakeFiles/project.dir/lib/no-OS-FatFS-SD-SPI-RPi-Pico/FatFs_SPI/sd_driver/sd_card.c.obj
                0x1000aeb4                sd_read_blocks
 *fill*         0x1000aee2        0x2 
 .text.sd_write_block
                0x1000aee4       0x8c CMakeFiles/project.dir/lib/no-OS-FatFS-SD-SPI-RPi-Pico/FatFs_SPI/sd_driver/sd_card.c.obj
 .text.in_sd_write_blocks
                0x1000af70       0xf8 CMakeFiles/project.dir/lib/no-OS-FatFS-SD-SPI-RPi-Pico/FatFs_SPI/sd_driver/sd_card.c.obj
 .text.sd_write_blocks
                0x1000b068       0x2e CMakeFiles/project.dir/lib/no-OS-FatFS-SD-SPI-RPi-Pico/FatFs_SPI/sd_driver/sd_card.c.obj
                0x1000b068                sd_write_blocks
 .text.sd_test_com
                0x1000b096       0x9a CMakeFiles/project.dir/lib/no-OS-FatFS-SD-SPI-RPi-Pico/FatFs_SPI/sd_driver/sd_card.c.obj
 .text.sd_go_idle_state
                0x1000b130       0x44 CMakeFiles/project.dir/lib/no-OS-FatFS-SD-SPI-RPi-Pico/FatFs_SPI/sd_driver/sd_card.c.obj
 .text.sd_init_medium
                0x1000b174      0x148 CMakeFiles/project.dir/lib/no-OS-FatFS-SD-SPI-RPi-Pico/FatFs_SPI/sd_driver/sd_card.c.obj
 .text.sd_card_detect
                0x1000b2bc       0x54 CMakeFiles/project.dir/lib/no-OS-FatFS-SD-SPI-RPi-Pico/FatFs_SPI/sd_driver/sd_card.c.obj
                0x1000b2bc                sd_card_detect
 .text.sd_init  0x1000b310       0xe8 CMakeFiles/project.dir/lib/no-OS-FatFS-SD-SPI-RPi-Pico/FatFs_SPI/sd_driver/sd_card.c.obj
 .text.sd_sectors
                0x1000b3f8       0x1e CMakeFiles/project.dir/lib/no-OS-FatFS-SD-SPI-RPi-Pico/FatFs_SPI/sd_driver/sd_card.c.obj
                0x1000b3f8                sd_sectors
 *fill*         0x1000b416        0x2 
 .text.sd_init_driver
                0x1000b418       0xc0 CMakeFiles/project.dir/lib/no-OS-FatFS-SD-SPI-RPi-Pico/FatFs_SPI/sd_driver/sd_card.c.obj
                0x1000b418                sd_init_driver
 .text.crc7     0x1000b4d8       0x20 CMakeFiles/project.dir/lib/no-OS-FatFS-SD-SPI-RPi-Pico/FatFs_SPI/sd_driver/crc.c.obj
                0x1000b4d8                crc7
 .text.crc16    0x1000b4f8       0x28 CMakeFiles/project.dir/lib/no-OS-FatFS-SD-SPI-RPi-Pico/FatFs_SPI/sd_driver/crc.c.obj
                0x1000b4f8                crc16
 .text.sdrc2dresult
                0x1000b520       0x60 CMakeFiles/project.dir/lib/no-OS-FatFS-SD-SPI-RPi-Pico/FatFs_SPI/src/glue.c.obj
 .text.disk_status
                0x1000b580       0x16 CMakeFiles/project.dir/lib/no-OS-FatFS-SD-SPI-RPi-Pico/FatFs_SPI/src/glue.c.obj
                0x1000b580                disk_status
 .text.disk_initialize
                0x1000b596       0x2a CMakeFiles/project.dir/lib/no-OS-FatFS-SD-SPI-RPi-Pico/FatFs_SPI/src/glue.c.obj
                0x1000b596                disk_initialize
 .text.disk_read
                0x1000b5c0       0x32 CMakeFiles/project.dir/lib/no-OS-FatFS-SD-SPI-RPi-Pico/FatFs_SPI/src/glue.c.obj
                0x1000b5c0                disk_read
 .text.disk_write
                0x1000b5f2       0x32 CMakeFiles/project.dir/lib/no-OS-FatFS-SD-SPI-RPi-Pico/FatFs_SPI/src/glue.c.obj
                0x1000b5f2                disk_write
 .text.disk_ioctl
                0x1000b624       0x4c CMakeFiles/project.dir/lib/no-OS-FatFS-SD-SPI-RPi-Pico/FatFs_SPI/src/glue.c.obj
                0x1000b624                disk_ioctl
 .text.my_printf
                0x1000b670       0x4c CMakeFiles/project.dir/lib/no-OS-FatFS-SD-SPI-RPi-Pico/FatFs_SPI/src/my_debug.c.obj
                0x1000b670                my_printf
 .text.my_assert_func
                0x1000b6bc       0x2c CMakeFiles/project.dir/lib/no-OS-FatFS-SD-SPI-RPi-Pico/FatFs_SPI/src/my_debug.c.obj
                0x1000b6bc                my_assert_func
 .text.get_fattime
                0x1000b6e8       0x6c CMakeFiles/project.dir/lib/no-OS-FatFS-SD-SPI-RPi-Pico/FatFs_SPI/src/rtc.c.obj
                0x1000b6e8                get_fattime
 .text.spi_set_baudrate
                0x1000b754       0xb4 CMakeFiles/project.dir/C_/Users/YongYao/.pico-sdk/sdk/2.0.0/src/rp2_common/hardware_spi/spi.c.obj
                0x1000b754                spi_set_baudrate
 .text.spi_init
                0x1000b808       0x8c CMakeFiles/project.dir/C_/Users/YongYao/.pico-sdk/sdk/2.0.0/src/rp2_common/hardware_spi/spi.c.obj
                0x1000b808                spi_init
 .text.dma_claim_unused_channel
                0x1000b894       0x20 CMakeFiles/project.dir/C_/Users/YongYao/.pico-sdk/sdk/2.0.0/src/rp2_common/hardware_dma/dma.c.obj
                0x1000b894                dma_claim_unused_channel
 .text.rtc_running
                0x1000b8b4       0x10 CMakeFiles/project.dir/C_/Users/YongYao/.pico-sdk/sdk/2.0.0/src/rp2_common/hardware_rtc/rtc.c.obj
                0x1000b8b4                rtc_running
 .text.rtc_get_datetime
                0x1000b8c4       0x4c CMakeFiles/project.dir/C_/Users/YongYao/.pico-sdk/sdk/2.0.0/src/rp2_common/hardware_rtc/rtc.c.obj
                0x1000b8c4                rtc_get_datetime
 .text.__sflush_r
                0x1000b910      0x140 c:/progra~1/raspbe~1/picosd~1.1/gcc-ar~1/bin/../lib/gcc/arm-none-eabi/10.3.1/../../../../arm-none-eabi/lib/thumb/v6-m/nofp\libg.a(lib_a-fflush.o)
                0x1000b910                __sflush_r
 .text._fflush_r
                0x1000ba50       0x6c c:/progra~1/raspbe~1/picosd~1.1/gcc-ar~1/bin/../lib/gcc/arm-none-eabi/10.3.1/../../../../arm-none-eabi/lib/thumb/v6-m/nofp\libg.a(lib_a-fflush.o)
                0x1000ba50                _fflush_r
 .text.fflush   0x1000babc       0x78 c:/progra~1/raspbe~1/picosd~1.1/gcc-ar~1/bin/../lib/gcc/arm-none-eabi/10.3.1/../../../../arm-none-eabi/lib/thumb/v6-m/nofp\libg.a(lib_a-fflush.o)
                0x1000babc                fflush
 .text._cleanup_r
                0x1000bb34       0x10 c:/progra~1/raspbe~1/picosd~1.1/gcc-ar~1/bin/../lib/gcc/arm-none-eabi/10.3.1/../../../../arm-none-eabi/lib/thumb/v6-m/nofp\libg.a(lib_a-findfp.o)
                0x1000bb34                _cleanup_r
 .text.__sinit  0x1000bb44      0x120 c:/progra~1/raspbe~1/picosd~1.1/gcc-ar~1/bin/../lib/gcc/arm-none-eabi/10.3.1/../../../../arm-none-eabi/lib/thumb/v6-m/nofp\libg.a(lib_a-findfp.o)
                0x1000bb44                __sinit
 .text.__sfp_lock_acquire
                0x1000bc64       0x10 c:/progra~1/raspbe~1/picosd~1.1/gcc-ar~1/bin/../lib/gcc/arm-none-eabi/10.3.1/../../../../arm-none-eabi/lib/thumb/v6-m/nofp\libg.a(lib_a-findfp.o)
                0x1000bc64                __sfp_lock_acquire
 .text.__sfp_lock_release
                0x1000bc74       0x10 c:/progra~1/raspbe~1/picosd~1.1/gcc-ar~1/bin/../lib/gcc/arm-none-eabi/10.3.1/../../../../arm-none-eabi/lib/thumb/v6-m/nofp\libg.a(lib_a-findfp.o)
                0x1000bc74                __sfp_lock_release
 .text._malloc_trim_r
                0x1000bc84       0x9c c:/progra~1/raspbe~1/picosd~1.1/gcc-ar~1/bin/../lib/gcc/arm-none-eabi/10.3.1/../../../../arm-none-eabi/lib/thumb/v6-m/nofp\libg.a(lib_a-freer.o)
                0x1000bc84                _malloc_trim_r
 .text._free_r  0x1000bd20      0x1c4 c:/progra~1/raspbe~1/picosd~1.1/gcc-ar~1/bin/../lib/gcc/arm-none-eabi/10.3.1/../../../../arm-none-eabi/lib/thumb/v6-m/nofp\libg.a(lib_a-freer.o)
                0x1000bd20                _free_r
 .text._fwalk_reent
                0x1000bee4       0x48 c:/progra~1/raspbe~1/picosd~1.1/gcc-ar~1/bin/../lib/gcc/arm-none-eabi/10.3.1/../../../../arm-none-eabi/lib/thumb/v6-m/nofp\libg.a(lib_a-fwalk.o)
                0x1000bee4                _fwalk_reent
 .text.__retarget_lock_init_recursive
                0x1000bf2c        0x4 c:/progra~1/raspbe~1/picosd~1.1/gcc-ar~1/bin/../lib/gcc/arm-none-eabi/10.3.1/../../../../arm-none-eabi/lib/thumb/v6-m/nofp\libg.a(lib_a-lock.o)
                0x1000bf2c                __retarget_lock_init_recursive
 .text.__retarget_lock_close_recursive
                0x1000bf30        0x4 c:/progra~1/raspbe~1/picosd~1.1/gcc-ar~1/bin/../lib/gcc/arm-none-eabi/10.3.1/../../../../arm-none-eabi/lib/thumb/v6-m/nofp\libg.a(lib_a-lock.o)
                0x1000bf30                __retarget_lock_close_recursive
 .text.__retarget_lock_acquire_recursive
                0x1000bf34        0x4 c:/progra~1/raspbe~1/picosd~1.1/gcc-ar~1/bin/../lib/gcc/arm-none-eabi/10.3.1/../../../../arm-none-eabi/lib/thumb/v6-m/nofp\libg.a(lib_a-lock.o)
                0x1000bf34                __retarget_lock_acquire_recursive
 .text.__retarget_lock_release_recursive
                0x1000bf38        0x4 c:/progra~1/raspbe~1/picosd~1.1/gcc-ar~1/bin/../lib/gcc/arm-none-eabi/10.3.1/../../../../arm-none-eabi/lib/thumb/v6-m/nofp\libg.a(lib_a-lock.o)
                0x1000bf38                __retarget_lock_release_recursive
 .text.malloc   0x1000bf3c       0x14 c:/progra~1/raspbe~1/picosd~1.1/gcc-ar~1/bin/../lib/gcc/arm-none-eabi/10.3.1/../../../../arm-none-eabi/lib/thumb/v6-m/nofp\libg.a(lib_a-malloc.o)
                0x1000bf3c                malloc
 .text.free     0x1000bf50       0x14 c:/progra~1/raspbe~1/picosd~1.1/gcc-ar~1/bin/../lib/gcc/arm-none-eabi/10.3.1/../../../../arm-none-eabi/lib/thumb/v6-m/nofp\libg.a(lib_a-malloc.o)
                0x1000bf50                free
 .text._malloc_r
                0x1000bf64      0x584 c:/progra~1/raspbe~1/picosd~1.1/gcc-ar~1/bin/../lib/gcc/arm-none-eabi/10.3.1/../../../../arm-none-eabi/lib/thumb/v6-m/nofp\libg.a(lib_a-mallocr.o)
                0x1000bf64                _malloc_r
 .text.memcmp   0x1000c4e8       0x48 c:/progra~1/raspbe~1/picosd~1.1/gcc-ar~1/bin/../lib/gcc/arm-none-eabi/10.3.1/../../../../arm-none-eabi/lib/thumb/v6-m/nofp\libg.a(lib_a-memcmp.o)
                0x1000c4e8                memcmp
 .text.__malloc_lock
                0x1000c530       0x10 c:/progra~1/raspbe~1/picosd~1.1/gcc-ar~1/bin/../lib/gcc/arm-none-eabi/10.3.1/../../../../arm-none-eabi/lib/thumb/v6-m/nofp\libg.a(lib_a-mlock.o)
                0x1000c530                __malloc_lock
 .text.__malloc_unlock
                0x1000c540       0x10 c:/progra~1/raspbe~1/picosd~1.1/gcc-ar~1/bin/../lib/gcc/arm-none-eabi/10.3.1/../../../../arm-none-eabi/lib/thumb/v6-m/nofp\libg.a(lib_a-mlock.o)
                0x1000c540                __malloc_unlock
 .text._sbrk_r  0x1000c550       0x24 c:/progra~1/raspbe~1/picosd~1.1/gcc-ar~1/bin/../lib/gcc/arm-none-eabi/10.3.1/../../../../arm-none-eabi/lib/thumb/v6-m/nofp\libg.a(lib_a-sbrkr.o)
                0x1000c550                _sbrk_r
 .text.__sread  0x1000c574       0x28 c:/progra~1/raspbe~1/picosd~1.1/gcc-ar~1/bin/../lib/gcc/arm-none-eabi/10.3.1/../../../../arm-none-eabi/lib/thumb/v6-m/nofp\libg.a(lib_a-stdio.o)
                0x1000c574                __sread
 .text.__swrite
                0x1000c59c       0x40 c:/progra~1/raspbe~1/picosd~1.1/gcc-ar~1/bin/../lib/gcc/arm-none-eabi/10.3.1/../../../../arm-none-eabi/lib/thumb/v6-m/nofp\libg.a(lib_a-stdio.o)
                0x1000c59c                __swrite
 .text.__sseek  0x1000c5dc       0x2c c:/progra~1/raspbe~1/picosd~1.1/gcc-ar~1/bin/../lib/gcc/arm-none-eabi/10.3.1/../../../../arm-none-eabi/lib/thumb/v6-m/nofp\libg.a(lib_a-stdio.o)
                0x1000c5dc                __sseek
 .text.__sclose
                0x1000c608        0xc c:/progra~1/raspbe~1/picosd~1.1/gcc-ar~1/bin/../lib/gcc/arm-none-eabi/10.3.1/../../../../arm-none-eabi/lib/thumb/v6-m/nofp\libg.a(lib_a-stdio.o)
                0x1000c608                __sclose
 .text.strchr   0x1000c614       0xc0 c:/progra~1/raspbe~1/picosd~1.1/gcc-ar~1/bin/../lib/gcc/arm-none-eabi/10.3.1/../../../../arm-none-eabi/lib/thumb/v6-m/nofp\libg.a(lib_a-strchr.o)
                0x1000c614                strchr
 .text.strlen   0x1000c6d4       0x5c c:/progra~1/raspbe~1/picosd~1.1/gcc-ar~1/bin/../lib/gcc/arm-none-eabi/10.3.1/../../../../arm-none-eabi/lib/thumb/v6-m/nofp\libg.a(lib_a-strlen-stub.o)
                0x1000c6d4                strlen
 .text._write_r
                0x1000c730       0x28 c:/progra~1/raspbe~1/picosd~1.1/gcc-ar~1/bin/../lib/gcc/arm-none-eabi/10.3.1/../../../../arm-none-eabi/lib/thumb/v6-m/nofp\libg.a(lib_a-writer.o)
                0x1000c730                _write_r
 .text._close_r
                0x1000c758       0x24 c:/progra~1/raspbe~1/picosd~1.1/gcc-ar~1/bin/../lib/gcc/arm-none-eabi/10.3.1/../../../../arm-none-eabi/lib/thumb/v6-m/nofp\libg.a(lib_a-closer.o)
                0x1000c758                _close_r
 .text._fclose_r
                0x1000c77c       0xdc c:/progra~1/raspbe~1/picosd~1.1/gcc-ar~1/bin/../lib/gcc/arm-none-eabi/10.3.1/../../../../arm-none-eabi/lib/thumb/v6-m/nofp\libg.a(lib_a-fclose.o)
                0x1000c77c                _fclose_r
 .text._lseek_r
                0x1000c858       0x28 c:/progra~1/raspbe~1/picosd~1.1/gcc-ar~1/bin/../lib/gcc/arm-none-eabi/10.3.1/../../../../arm-none-eabi/lib/thumb/v6-m/nofp\libg.a(lib_a-lseekr.o)
                0x1000c858                _lseek_r
 .text._read_r  0x1000c880       0x28 c:/progra~1/raspbe~1/picosd~1.1/gcc-ar~1/bin/../lib/gcc/arm-none-eabi/10.3.1/../../../../arm-none-eabi/lib/thumb/v6-m/nofp\libg.a(lib_a-readr.o)
                0x1000c880                _read_r
 *(.fini)
 .fini          0x1000c8a8        0x4 c:/progra~1/raspbe~1/picosd~1.1/gcc-ar~1/bin/../lib/gcc/arm-none-eabi/10.3.1/thumb/v6-m/nofp/crti.o
                0x1000c8a8                _fini
 *fill*         0x1000c8ac        0x4 
 .fini.__stub   0x1000c8b0      0x120 linker stubs
 *crtbegin.o(.ctors)
 *crtbegin?.o(.ctors)
 *(EXCLUDE_FILE(*crtend.o *crtend?.o) .ctors)
 *(SORT_BY_NAME(.ctors.*))
 *(.ctors)
 *crtbegin.o(.dtors)
 *crtbegin?.o(.dtors)
 *(EXCLUDE_FILE(*crtend.o *crtend?.o) .dtors)
 *(SORT_BY_NAME(.dtors.*))
 *(.dtors)
                0x1000c9d0                . = ALIGN (0x4)
                0x1000c9d0                PROVIDE (__preinit_array_start = .)
 *(SORT_BY_NAME(.preinit_array.*))
 .preinit_array.00100
                0x1000c9d0        0x4 CMakeFiles/project.dir/C_/Users/YongYao/.pico-sdk/sdk/2.0.0/src/rp2_common/pico_runtime_init/runtime_init.c.obj
                0x1000c9d0                __pre_init_runtime_init_early_resets
 .preinit_array.00101
                0x1000c9d4        0x4 CMakeFiles/project.dir/C_/Users/YongYao/.pico-sdk/sdk/2.0.0/src/rp2_common/pico_runtime_init/runtime_init.c.obj
                0x1000c9d4                __pre_init_runtime_init_usb_power_down
 .preinit_array.00275
                0x1000c9d8        0x4 CMakeFiles/project.dir/C_/Users/YongYao/.pico-sdk/sdk/2.0.0/src/rp2_common/pico_bit_ops/bit_ops_aeabi.S.obj
 .preinit_array.00300