Archive member included to satisfy reference by file (symbol)

c:/progra~1/raspbe~1/picosd~1.1/gcc-ar~1/bin/../lib/gcc/arm-none-eabi/10.3.1/thumb/v6-m/nofp\libgcc.a(_dvmd_tls.o)
                              CMakeFiles/test.dir/C_/Program_Files/Raspberry_Pi/Pico_SDK_v1.5.1/pico-sdk/src/rp2_common/pico_divider/divider.S.obj (__aeabi_idiv0)
c:/progra~1/raspbe~1/picosd~1.1/gcc-ar~1/bin/../lib/gcc/arm-none-eabi/10.3.1/../../../../arm-none-eabi/lib/thumb/v6-m/nofp\libg.a(lib_a-calloc.o)
                              CMakeFiles/test.dir/C_/Program_Files/Raspberry_Pi/Pico_SDK_v1.5.1/pico-sdk/src/rp2_common/pico_malloc/pico_malloc.c.obj (calloc)
c:/progra~1/raspbe~1/picosd~1.1/gcc-ar~1/bin/../lib/gcc/arm-none-eabi/10.3.1/../../../../arm-none-eabi/lib/thumb/v6-m/nofp\libg.a(lib_a-callocr.o)
                              c:/progra~1/raspbe~1/picosd~1.1/gcc-ar~1/bin/../lib/gcc/arm-none-eabi/10.3.1/../../../../arm-none-eabi/lib/thumb/v6-m/nofp\libg.a(lib_a-calloc.o) (_calloc_r)
c:/progra~1/raspbe~1/picosd~1.1/gcc-ar~1/bin/../lib/gcc/arm-none-eabi/10.3.1/../../../../arm-none-eabi/lib/thumb/v6-m/nofp\libg.a(lib_a-errno.o)
                              CMakeFiles/test.dir/lib/no-OS-FatFS-SD-SPI-RPi-Pico/FatFs_SPI/src/ff_stdio.c.obj (__errno)
c:/progra~1/raspbe~1/picosd~1.1/gcc-ar~1/bin/../lib/gcc/arm-none-eabi/10.3.1/../../../../arm-none-eabi/lib/thumb/v6-m/nofp\libg.a(lib_a-fflush.o)
                              CMakeFiles/test.dir/lib/no-OS-FatFS-SD-SPI-RPi-Pico/FatFs_SPI/sd_driver/demo_logging.c.obj (fflush)
c:/progra~1/raspbe~1/picosd~1.1/gcc-ar~1/bin/../lib/gcc/arm-none-eabi/10.3.1/../../../../arm-none-eabi/lib/thumb/v6-m/nofp\libg.a(lib_a-findfp.o)
                              c:/progra~1/raspbe~1/picosd~1.1/gcc-ar~1/bin/../lib/gcc/arm-none-eabi/10.3.1/../../../../arm-none-eabi/lib/thumb/v6-m/nofp\libg.a(lib_a-fflush.o) (__sinit)
c:/progra~1/raspbe~1/picosd~1.1/gcc-ar~1/bin/../lib/gcc/arm-none-eabi/10.3.1/../../../../arm-none-eabi/lib/thumb/v6-m/nofp\libg.a(lib_a-freer.o)
                              c:/progra~1/raspbe~1/picosd~1.1/gcc-ar~1/bin/../lib/gcc/arm-none-eabi/10.3.1/../../../../arm-none-eabi/lib/thumb/v6-m/nofp\libg.a(lib_a-fflush.o) (_free_r)
c:/progra~1/raspbe~1/picosd~1.1/gcc-ar~1/bin/../lib/gcc/arm-none-eabi/10.3.1/../../../../arm-none-eabi/lib/thumb/v6-m/nofp\libg.a(lib_a-fwalk.o)
                              c:/progra~1/raspbe~1/picosd~1.1/gcc-ar~1/bin/../lib/gcc/arm-none-eabi/10.3.1/../../../../arm-none-eabi/lib/thumb/v6-m/nofp\libg.a(lib_a-findfp.o) (_fwalk)
c:/progra~1/raspbe~1/picosd~1.1/gcc-ar~1/bin/../lib/gcc/arm-none-eabi/10.3.1/../../../../arm-none-eabi/lib/thumb/v6-m/nofp\libg.a(lib_a-impure.o)
                              c:/progra~1/raspbe~1/picosd~1.1/gcc-ar~1/bin/../lib/gcc/arm-none-eabi/10.3.1/../../../../arm-none-eabi/lib/thumb/v6-m/nofp\libg.a(lib_a-fflush.o) (_global_impure_ptr)
c:/progra~1/raspbe~1/picosd~1.1/gcc-ar~1/bin/../lib/gcc/arm-none-eabi/10.3.1/../../../../arm-none-eabi/lib/thumb/v6-m/nofp\libg.a(lib_a-init.o)
                              c:/progra~1/raspbe~1/picosd~1.1/gcc-ar~1/bin/../lib/gcc/arm-none-eabi/10.3.1/../../../../arm-none-eabi/lib/thumb/v6-m/nofp/crt0.o (__libc_init_array)
c:/progra~1/raspbe~1/picosd~1.1/gcc-ar~1/bin/../lib/gcc/arm-none-eabi/10.3.1/../../../../arm-none-eabi/lib/thumb/v6-m/nofp\libg.a(lib_a-lock.o)
                              c:/progra~1/raspbe~1/picosd~1.1/gcc-ar~1/bin/../lib/gcc/arm-none-eabi/10.3.1/../../../../arm-none-eabi/lib/thumb/v6-m/nofp\libg.a(lib_a-findfp.o) (__retarget_lock_init_recursive)
c:/progra~1/raspbe~1/picosd~1.1/gcc-ar~1/bin/../lib/gcc/arm-none-eabi/10.3.1/../../../../arm-none-eabi/lib/thumb/v6-m/nofp\libg.a(lib_a-malloc.o)
                              CMakeFiles/test.dir/C_/Program_Files/Raspberry_Pi/Pico_SDK_v1.5.1/pico-sdk/src/rp2_common/pico_malloc/pico_malloc.c.obj (malloc)
c:/progra~1/raspbe~1/picosd~1.1/gcc-ar~1/bin/../lib/gcc/arm-none-eabi/10.3.1/../../../../arm-none-eabi/lib/thumb/v6-m/nofp\libg.a(lib_a-mallocr.o)
                              c:/progra~1/raspbe~1/picosd~1.1/gcc-ar~1/bin/../lib/gcc/arm-none-eabi/10.3.1/../../../../arm-none-eabi/lib/thumb/v6-m/nofp\libg.a(lib_a-callocr.o) (_malloc_r)
c:/progra~1/raspbe~1/picosd~1.1/gcc-ar~1/bin/../lib/gcc/arm-none-eabi/10.3.1/../../../../arm-none-eabi/lib/thumb/v6-m/nofp\libg.a(lib_a-memcmp.o)
                              CMakeFiles/test.dir/lib/no-OS-FatFS-SD-SPI-RPi-Pico/FatFs_SPI/ff15/source/ff.c.obj (memcmp)
c:/progra~1/raspbe~1/picosd~1.1/gcc-ar~1/bin/../lib/gcc/arm-none-eabi/10.3.1/../../../../arm-none-eabi/lib/thumb/v6-m/nofp\libg.a(lib_a-mktime.o)
                              CMakeFiles/test.dir/lib/no-OS-FatFS-SD-SPI-RPi-Pico/FatFs_SPI/src/rtc.c.obj (mktime)
c:/progra~1/raspbe~1/picosd~1.1/gcc-ar~1/bin/../lib/gcc/arm-none-eabi/10.3.1/../../../../arm-none-eabi/lib/thumb/v6-m/nofp\libg.a(lib_a-mlock.o)
[...]
Memory Configuration

Name             Origin             Length             Attributes
FLASH            0x10000000         0x00200000         xr
RAM              0x20000000         0x00040000         xrw
SCRATCH_X        0x20040000         0x00001000         xrw
SCRATCH_Y        0x20041000         0x00001000         xrw
*default*        0x00000000         0xffffffff

Linker script and memory map

LOAD c:/progra~1/raspbe~1/picosd~1.1/gcc-ar~1/bin/../lib/gcc/arm-none-eabi/10.3.1/thumb/v6-m/nofp/crti.o
LOAD c:/progra~1/raspbe~1/picosd~1.1/gcc-ar~1/bin/../lib/gcc/arm-none-eabi/10.3.1/thumb/v6-m/nofp/crtbegin.o
LOAD c:/progra~1/raspbe~1/picosd~1.1/gcc-ar~1/bin/../lib/gcc/arm-none-eabi/10.3.1/../../../../arm-none-eabi/lib/thumb/v6-m/nofp/crt0.o

.flash_begin    0x10000000        0x0
                0x10000000                __flash_binary_start = .

.boot2          0x10000000      0x100
                0x10000000                __boot2_start__ = .
 *(.boot2)
 .boot2         0x10000000      0x100 C:\Users\YongYao\AppData\Local\Temp\ccKdaarE.o
                0x10000100                __boot2_end__ = .
                0x00000001                ASSERT (((__boot2_end__ - __boot2_start__) == 0x100), ERROR: Pico second stage bootloader must be 256 bytes in size)

.text           0x10000100     0xd568
                0x10000100                __logical_binary_start = .
 *(.vectors)
 .vectors       0x10000100       0xd4 CMakeFiles/test.dir/C_/Program_Files/Raspberry_Pi/Pico_SDK_v1.5.1/pico-sdk/src/rp2_common/pico_standard_link/crt0.S.obj
                0x10000100                __VECTOR_TABLE
                0x10000100                __vectors
                0x100001c0                isr_invalid
                0x100001c0                __default_isrs_start
                0x100001c2                isr_nmi
                0x100001c4                isr_hardfault
                0x100001c6                isr_svcall
                0x100001c8                isr_pendsv
                0x100001ca                isr_systick
                0x100001cc                isr_irq23
                0x100001cc                isr_irq18
                0x100001cc                isr_irq11
                0x100001cc                isr_irq28
                0x100001cc                isr_irq19
                0x100001cc                isr_irq0
                0x100001cc                isr_irq6
                0x100001cc                isr_irq5
                0x100001cc                isr_irq12
                0x100001cc                isr_irq22
                0x100001cc                isr_irq31
                0x100001cc                isr_irq17
                0x100001cc                isr_irq27
                0x100001cc                isr_irq30
                0x100001cc                isr_irq2
                0x100001cc                isr_irq10
                0x100001cc                isr_irq8
                0x100001cc                isr_irq24
                0x100001cc                isr_irq1
                0x100001cc                isr_irq7
                0x100001cc                isr_irq21
                0x100001cc                isr_irq20
                0x100001cc                isr_irq15
                0x100001cc                isr_irq25
                0x100001cc                isr_irq13
                0x100001cc                __unhandled_user_irq
                0x100001cc                isr_irq4
                0x100001cc                isr_irq16
                0x100001cc                isr_irq29
                0x100001cc                isr_irq26
                0x100001cc                __default_isrs_end
                0x100001cc                isr_irq3
                0x100001cc                isr_irq14
                0x100001cc                isr_irq9
                0x100001d2                unhandled_user_irq_num_in_r0
 *(.binary_info_header)
 .binary_info_header
                0x100001d4       0x14 CMakeFiles/test.dir/C_/Program_Files/Raspberry_Pi/Pico_SDK_v1.5.1/pico-sdk/src/rp2_common/pico_standard_link/crt0.S.obj
                0x100001e8                __binary_info_header_end = .
 *(.reset)
 .reset         0x100001e8       0xa0 CMakeFiles/test.dir/C_/Program_Files/Raspberry_Pi/Pico_SDK_v1.5.1/pico-sdk/src/rp2_common/pico_standard_link/crt0.S.obj
                0x100001e8                _entry_point
 .reset         0x10000288       0x30 CMakeFiles/test.dir/C_/Program_Files/Raspberry_Pi/Pico_SDK_v1.5.1/pico-sdk/src/rp2_common/pico_standard_link/binary_info.c.obj
 *(.init)
 .init          0x100002b8        0x4 c:/progra~1/raspbe~1/picosd~1.1/gcc-ar~1/bin/../lib/gcc/arm-none-eabi/10.3.1/thumb/v6-m/nofp/crti.o
                0x100002b8                _init
 *(EXCLUDE_FILE(*libm.a: *libc.a:*lib_a-mem*.o *libgcc.a:) .text*)
 .text          0x100002bc       0x48 c:/progra~1/raspbe~1/picosd~1.1/gcc-ar~1/bin/../lib/gcc/arm-none-eabi/10.3.1/thumb/v6-m/nofp/crtbegin.o
 .text.readfile
                0x10000304       0x80 CMakeFiles/test.dir/test.c.obj
                0x10000304                readfile
 .text.writefile
                0x10000384       0x84 CMakeFiles/test.dir/test.c.obj
                0x10000384                writefile
 .text.main     0x10000408       0xc8 CMakeFiles/test.dir/test.c.obj
                0x10000408                main
 .text.gpio_set_function
                0x100004d0       0x30 CMakeFiles/test.dir/C_/Program_Files/Raspberry_Pi/Pico_SDK_v1.5.1/pico-sdk/src/rp2_common/hardware_gpio/gpio.c.obj
                0x100004d0                gpio_set_function
 .text.gpio_set_pulls
                0x10000500       0x34 CMakeFiles/test.dir/C_/Program_Files/Raspberry_Pi/Pico_SDK_v1.5.1/pico-sdk/src/rp2_common/hardware_gpio/gpio.c.obj
                0x10000500                gpio_set_pulls
 .text.gpio_set_drive_strength
                0x10000534       0x20 CMakeFiles/test.dir/C_/Program_Files/Raspberry_Pi/Pico_SDK_v1.5.1/pico-sdk/src/rp2_common/hardware_gpio/gpio.c.obj
                0x10000534                gpio_set_drive_strength
 .text.gpio_init
                0x10000554       0x16 CMakeFiles/test.dir/C_/Program_Files/Raspberry_Pi/Pico_SDK_v1.5.1/pico-sdk/src/rp2_common/hardware_gpio/gpio.c.obj
                0x10000554                gpio_init
 *fill*         0x1000056a        0x2 
 .text.running_on_fpga
                0x1000056c       0x14 CMakeFiles/test.dir/C_/Program_Files/Raspberry_Pi/Pico_SDK_v1.5.1/pico-sdk/src/rp2_common/pico_platform/platform.c.obj
                0x1000056c                running_on_fpga
 .text.hw_claim_lock
                0x10000580       0x18 CMakeFiles/test.dir/C_/Program_Files/Raspberry_Pi/Pico_SDK_v1.5.1/pico-sdk/src/rp2_common/hardware_claim/claim.c.obj
                0x10000580                hw_claim_lock
 .text.hw_claim_unlock
                0x10000598       0x14 CMakeFiles/test.dir/C_/Program_Files/Raspberry_Pi/Pico_SDK_v1.5.1/pico-sdk/src/rp2_common/hardware_claim/claim.c.obj
                0x10000598                hw_claim_unlock
 .text.hw_claim_or_assert
                0x100005ac       0x32 CMakeFiles/test.dir/C_/Program_Files/Raspberry_Pi/Pico_SDK_v1.5.1/pico-sdk/src/rp2_common/hardware_claim/claim.c.obj
                0x100005ac                hw_claim_or_assert
 .text.hw_claim_unused_from_range
                0x100005de       0x50 CMakeFiles/test.dir/C_/Program_Files/Raspberry_Pi/Pico_SDK_v1.5.1/pico-sdk/src/rp2_common/hardware_claim/claim.c.obj
                0x100005de                hw_claim_unused_from_range
 *fill*         0x1000062e        0x2 
 .text.spin_locks_reset
                0x10000630       0x20 CMakeFiles/test.dir/C_/Program_Files/Raspberry_Pi/Pico_SDK_v1.5.1/pico-sdk/src/rp2_common/hardware_sync/sync.c.obj
                0x10000630                spin_locks_reset
 .text.next_striped_spin_lock_num
                0x10000650       0x1c CMakeFiles/test.dir/C_/Program_Files/Raspberry_Pi/Pico_SDK_v1.5.1/pico-sdk/src/rp2_common/hardware_sync/sync.c.obj
                0x10000650                next_striped_spin_lock_num
 .text.spin_lock_claim_unused
                0x1000066c       0x20 CMakeFiles/test.dir/C_/Program_Files/Raspberry_Pi/Pico_SDK_v1.5.1/pico-sdk/src/rp2_common/hardware_sync/sync.c.obj
                0x1000066c                spin_lock_claim_unused
 .text.set_raw_irq_handler_and_unlock
                0x1000068c       0x28 CMakeFiles/test.dir/C_/Program_Files/Raspberry_Pi/Pico_SDK_v1.5.1/pico-sdk/src/rp2_common/hardware_irq/irq.c.obj
 .text.make_branch
                0x100006b4       0x48 CMakeFiles/test.dir/C_/Program_Files/Raspberry_Pi/Pico_SDK_v1.5.1/pico-sdk/src/rp2_common/hardware_irq/irq.c.obj
 .text.insert_branch_and_link
                0x100006fc       0x40 CMakeFiles/test.dir/C_/Program_Files/Raspberry_Pi/Pico_SDK_v1.5.1/pico-sdk/src/rp2_common/hardware_irq/irq.c.obj
 .text.irq_is_enabled
                0x1000073c       0x18 CMakeFiles/test.dir/C_/Program_Files/Raspberry_Pi/Pico_SDK_v1.5.1/pico-sdk/src/rp2_common/hardware_irq/irq.c.obj
                0x1000073c                irq_is_enabled
 .text.irq_set_mask_enabled
                0x10000754       0x20 CMakeFiles/test.dir/C_/Program_Files/Raspberry_Pi/Pico_SDK_v1.5.1/pico-sdk/src/rp2_common/hardware_irq/irq.c.obj
                0x10000754                irq_set_mask_enabled
 .text.irq_set_enabled
                0x10000774        0xe CMakeFiles/test.dir/C_/Program_Files/Raspberry_Pi/Pico_SDK_v1.5.1/pico-sdk/src/rp2_common/hardware_irq/irq.c.obj
                0x10000774                irq_set_enabled
 *fill*         0x10000782        0x2 
 .text.irq_set_pending
                0x10000784       0x10 CMakeFiles/test.dir/C_/Program_Files/Raspberry_Pi/Pico_SDK_v1.5.1/pico-sdk/src/rp2_common/hardware_irq/irq.c.obj
                0x10000784                irq_set_pending
 .text.irq_get_vtable_handler
                0x10000794       0x10 CMakeFiles/test.dir/C_/Program_Files/Raspberry_Pi/Pico_SDK_v1.5.1/pico-sdk/src/rp2_common/hardware_irq/irq.c.obj
                0x10000794                irq_get_vtable_handler
 .text.irq_has_shared_handler
                0x100007a4       0x24 CMakeFiles/test.dir/C_/Program_Files/Raspberry_Pi/Pico_SDK_v1.5.1/pico-sdk/src/rp2_common/hardware_irq/irq.c.obj
                0x100007a4                irq_has_shared_handler
 .text.irq_set_exclusive_handler
                0x100007c8       0x54 CMakeFiles/test.dir/C_/Program_Files/Raspberry_Pi/Pico_SDK_v1.5.1/pico-sdk/src/rp2_common/hardware_irq/irq.c.obj
                0x100007c8                irq_set_exclusive_handler
 .text.irq_add_shared_handler
                0x1000081c      0x234 CMakeFiles/test.dir/C_/Program_Files/Raspberry_Pi/Pico_SDK_v1.5.1/pico-sdk/src/rp2_common/hardware_irq/irq.c.obj
                0x1000081c                irq_add_shared_handler
 .text.irq_remove_handler
                0x10000a50      0x1ac CMakeFiles/test.dir/C_/Program_Files/Raspberry_Pi/Pico_SDK_v1.5.1/pico-sdk/src/rp2_common/hardware_irq/irq.c.obj
                0x10000a50                irq_remove_handler
 .text.irq_add_tail_to_free_list
                0x10000bfc       0xf0 CMakeFiles/test.dir/C_/Program_Files/Raspberry_Pi/Pico_SDK_v1.5.1/pico-sdk/src/rp2_common/hardware_irq/irq.c.obj
                0x10000bfc                irq_add_tail_to_free_list
 .text.irq_init_priorities
                0x10000cec       0x1c CMakeFiles/test.dir/C_/Program_Files/Raspberry_Pi/Pico_SDK_v1.5.1/pico-sdk/src/rp2_common/hardware_irq/irq.c.obj
                0x10000cec                irq_init_priorities
 .text.user_irq_claim_unused
                0x10000d08       0x28 CMakeFiles/test.dir/C_/Program_Files/Raspberry_Pi/Pico_SDK_v1.5.1/pico-sdk/src/rp2_common/hardware_irq/irq.c.obj
                0x10000d08                user_irq_claim_unused
 .text.sem_init
                0x10000d30       0x1e CMakeFiles/test.dir/C_/Program_Files/Raspberry_Pi/Pico_SDK_v1.5.1/pico-sdk/src/common/pico_sync/sem.c.obj
                0x10000d30                sem_init
 *fill*         0x10000d4e        0x2 
 .text.lock_init
                0x10000d50       0x10 CMakeFiles/test.dir/C_/Program_Files/Raspberry_Pi/Pico_SDK_v1.5.1/pico-sdk/src/common/pico_sync/lock_core.c.obj
                0x10000d50                lock_init
 .text.mutex_init
                0x10000d60       0x1a CMakeFiles/test.dir/C_/Program_Files/Raspberry_Pi/Pico_SDK_v1.5.1/pico-sdk/src/common/pico_sync/mutex.c.obj
                0x10000d60                mutex_init
 .text.recursive_mutex_init
                0x10000d7a       0x1e CMakeFiles/test.dir/C_/Program_Files/Raspberry_Pi/Pico_SDK_v1.5.1/pico-sdk/src/common/pico_sync/mutex.c.obj
                0x10000d7a                recursive_mutex_init
 .text.critical_section_init_with_lock_num
                0x10000d98       0x14 CMakeFiles/test.dir/C_/Program_Files/Raspberry_Pi/Pico_SDK_v1.5.1/pico-sdk/src/common/pico_sync/critical_section.c.obj
                0x10000d98                critical_section_init_with_lock_num
 .text.critical_section_init
                0x10000dac       0x14 CMakeFiles/test.dir/C_/Program_Files/Raspberry_Pi/Pico_SDK_v1.5.1/pico-sdk/src/common/pico_sync/critical_section.c.obj
                0x10000dac                critical_section_init
 .text.alarm_pool_post_alloc_init
                0x10000dc0       0x40 CMakeFiles/test.dir/C_/Program_Files/Raspberry_Pi/Pico_SDK_v1.5.1/pico-sdk/src/common/pico_time/time.c.obj
 .text.sleep_until_callback
                0x10000e00       0x30 CMakeFiles/test.dir/C_/Program_Files/Raspberry_Pi/Pico_SDK_v1.5.1/pico-sdk/src/common/pico_time/time.c.obj
 .text.timer_pool_entry_comparator
                0x10000e30       0x7c CMakeFiles/test.dir/C_/Program_Files/Raspberry_Pi/Pico_SDK_v1.5.1/pico-sdk/src/common/pico_time/time.c.obj
                0x10000e30                timer_pool_entry_comparator
 .text.ph_add_child_node
                0x10000eac       0xa4 CMakeFiles/test.dir/C_/Program_Files/Raspberry_Pi/Pico_SDK_v1.5.1/pico-sdk/src/common/pico_time/time.c.obj
 .text.ph_merge_nodes
                0x10000f50       0x3e CMakeFiles/test.dir/C_/Program_Files/Raspberry_Pi/Pico_SDK_v1.5.1/pico-sdk/src/common/pico_time/time.c.obj
 *fill*         0x10000f8e        0x2 
 .text.add_alarm_under_lock
                0x10000f90      0x174 CMakeFiles/test.dir/C_/Program_Files/Raspberry_Pi/Pico_SDK_v1.5.1/pico-sdk/src/common/pico_time/time.c.obj
 .text.alarm_pool_alarm_callback
                0x10001104      0x33c CMakeFiles/test.dir/C_/Program_Files/Raspberry_Pi/Pico_SDK_v1.5.1/pico-sdk/src/common/pico_time/time.c.obj
 .text.alarm_pool_init_default
                0x10001440       0x40 CMakeFiles/test.dir/C_/Program_Files/Raspberry_Pi/Pico_SDK_v1.5.1/pico-sdk/src/common/pico_time/time.c.obj
                0x10001440                alarm_pool_init_default
 .text.alarm_pool_get_default
                0x10001480       0x2c CMakeFiles/test.dir/C_/Program_Files/Raspberry_Pi/Pico_SDK_v1.5.1/pico-sdk/src/common/pico_time/time.c.obj
                0x10001480                alarm_pool_get_default
 .text.alarm_pool_add_alarm_at
                0x100014ac      0x168 CMakeFiles/test.dir/C_/Program_Files/Raspberry_Pi/Pico_SDK_v1.5.1/pico-sdk/src/common/pico_time/time.c.obj
                0x100014ac                alarm_pool_add_alarm_at
 .text.alarm_pool_cancel_alarm
                0x10001614       0xf8 CMakeFiles/test.dir/C_/Program_Files/Raspberry_Pi/Pico_SDK_v1.5.1/pico-sdk/src/common/pico_time/time.c.obj
                0x10001614                alarm_pool_cancel_alarm
 .text.alarm_pool_core_num
                0x1000170c        0x4 CMakeFiles/test.dir/C_/Program_Files/Raspberry_Pi/Pico_SDK_v1.5.1/pico-sdk/src/common/pico_time/time.c.obj
                0x1000170c                alarm_pool_core_num
 .text.sleep_until
                0x10001710       0xfc CMakeFiles/test.dir/C_/Program_Files/Raspberry_Pi/Pico_SDK_v1.5.1/pico-sdk/src/common/pico_time/time.c.obj
                0x10001710                sleep_until
 .text.sleep_us
                0x1000180c       0x58 CMakeFiles/test.dir/C_/Program_Files/Raspberry_Pi/Pico_SDK_v1.5.1/pico-sdk/src/common/pico_time/time.c.obj
                0x1000180c                sleep_us
 .text.sleep_ms
                0x10001864       0x14 CMakeFiles/test.dir/C_/Program_Files/Raspberry_Pi/Pico_SDK_v1.5.1/pico-sdk/src/common/pico_time/time.c.obj
                0x10001864                sleep_ms
 .text.best_effort_wfe_or_timeout
                0x10001878       0xac CMakeFiles/test.dir/C_/Program_Files/Raspberry_Pi/Pico_SDK_v1.5.1/pico-sdk/src/common/pico_time/time.c.obj
                0x10001878                best_effort_wfe_or_timeout
 .text.hardware_alarm_irq_handler
                0x10001924       0x90 CMakeFiles/test.dir/C_/Program_Files/Raspberry_Pi/Pico_SDK_v1.5.1/pico-sdk/src/rp2_common/hardware_timer/timer.c.obj
 .text.hardware_alarm_claim
                0x100019b4       0x18 CMakeFiles/test.dir/C_/Program_Files/Raspberry_Pi/Pico_SDK_v1.5.1/pico-sdk/src/rp2_common/hardware_timer/timer.c.obj
                0x100019b4                hardware_alarm_claim
 .text.time_us_64
                0x100019cc       0x18 CMakeFiles/test.dir/C_/Program_Files/Raspberry_Pi/Pico_SDK_v1.5.1/pico-sdk/src/rp2_common/hardware_timer/timer.c.obj
                0x100019cc                time_us_64
 .text.busy_wait_until
                0x100019e4       0x28 CMakeFiles/test.dir/C_/Program_Files/Raspberry_Pi/Pico_SDK_v1.5.1/pico-sdk/src/rp2_common/hardware_timer/timer.c.obj
                0x100019e4                busy_wait_until
 .text.busy_wait_us
                0x10001a0c       0x48 CMakeFiles/test.dir/C_/Program_Files/Raspberry_Pi/Pico_SDK_v1.5.1/pico-sdk/src/rp2_common/hardware_timer/timer.c.obj
                0x10001a0c                busy_wait_us
 .text.hardware_alarm_set_callback
                0x10001a54       0x90 CMakeFiles/test.dir/C_/Program_Files/Raspberry_Pi/Pico_SDK_v1.5.1/pico-sdk/src/rp2_common/hardware_timer/timer.c.obj
                0x10001a54                hardware_alarm_set_callback
 .text.hardware_alarm_set_target
                0x10001ae4       0xe8 CMakeFiles/test.dir/C_/Program_Files/Raspberry_Pi/Pico_SDK_v1.5.1/pico-sdk/src/rp2_common/hardware_timer/timer.c.obj
                0x10001ae4                hardware_alarm_set_target
 .text.hardware_alarm_cancel
                0x10001bcc       0x40 CMakeFiles/test.dir/C_/Program_Files/Raspberry_Pi/Pico_SDK_v1.5.1/pico-sdk/src/rp2_common/hardware_timer/timer.c.obj
                0x10001bcc                hardware_alarm_cancel
 .text.ph_add_child_node
                0x10001c0c       0xa4 CMakeFiles/test.dir/C_/Program_Files/Raspberry_Pi/Pico_SDK_v1.5.1/pico-sdk/src/common/pico_util/pheap.c.obj
 .text.ph_merge_nodes
                0x10001cb0       0x3e CMakeFiles/test.dir/C_/Program_Files/Raspberry_Pi/Pico_SDK_v1.5.1/pico-sdk/src/common/pico_util/pheap.c.obj
 *fill*         0x10001cee        0x2 
 .text.ph_clear
                0x10001cf0       0x70 CMakeFiles/test.dir/C_/Program_Files/Raspberry_Pi/Pico_SDK_v1.5.1/pico-sdk/src/common/pico_util/pheap.c.obj
                0x10001cf0                ph_clear
 .text.ph_post_alloc_init
                0x10001d60        0xe CMakeFiles/test.dir/C_/Program_Files/Raspberry_Pi/Pico_SDK_v1.5.1/pico-sdk/src/common/pico_util/pheap.c.obj
                0x10001d60                ph_post_alloc_init
 *fill*         0x10001d6e        0x2 
 .text.ph_merge_two_pass
                0x10001d70       0xa8 CMakeFiles/test.dir/C_/Program_Files/Raspberry_Pi/Pico_SDK_v1.5.1/pico-sdk/src/common/pico_util/pheap.c.obj
                0x10001d70                ph_merge_two_pass
 .text.ph_remove_any_head
                0x10001e18      0x128 CMakeFiles/test.dir/C_/Program_Files/Raspberry_Pi/Pico_SDK_v1.5.1/pico-sdk/src/common/pico_util/pheap.c.obj
 .text.ph_remove_head
                0x10001f40       0x14 CMakeFiles/test.dir/C_/Program_Files/Raspberry_Pi/Pico_SDK_v1.5.1/pico-sdk/src/common/pico_util/pheap.c.obj
                0x10001f40                ph_remove_head
 .text.ph_remove_and_free_node
                0x10001f54       0xf8 CMakeFiles/test.dir/C_/Program_Files/Raspberry_Pi/Pico_SDK_v1.5.1/pico-sdk/src/common/pico_util/pheap.c.obj
                0x10001f54                ph_remove_and_free_node
 .text.uart_disable_before_lcr_write
                0x1000204c       0x48 CMakeFiles/test.dir/C_/Program_Files/Raspberry_Pi/Pico_SDK_v1.5.1/pico-sdk/src/rp2_common/hardware_uart/uart.c.obj
 .text.uart_write_lcr_bits_masked
                0x10002094       0x22 CMakeFiles/test.dir/C_/Program_Files/Raspberry_Pi/Pico_SDK_v1.5.1/pico-sdk/src/rp2_common/hardware_uart/uart.c.obj
 *fill*         0x100020b6        0x2 
 .text.uart_set_baudrate
                0x100020b8       0x5c CMakeFiles/test.dir/C_/Program_Files/Raspberry_Pi/Pico_SDK_v1.5.1/pico-sdk/src/rp2_common/hardware_uart/uart.c.obj
                0x100020b8                uart_set_baudrate
 .text.uart_set_format
                0x10002114       0x2c CMakeFiles/test.dir/C_/Program_Files/Raspberry_Pi/Pico_SDK_v1.5.1/pico-sdk/src/rp2_common/hardware_uart/uart.c.obj
                0x10002114                uart_set_format
 .text.uart_set_translate_crlf
                0x10002140       0x28 CMakeFiles/test.dir/C_/Program_Files/Raspberry_Pi/Pico_SDK_v1.5.1/pico-sdk/src/rp2_common/hardware_uart/uart.c.obj
                0x10002140                uart_set_translate_crlf
 .text.uart_init
                0x10002168       0x80 CMakeFiles/test.dir/C_/Program_Files/Raspberry_Pi/Pico_SDK_v1.5.1/pico-sdk/src/rp2_common/hardware_uart/uart.c.obj
                0x10002168                uart_init
 .text.clock_configure
                0x100021e8      0x108 CMakeFiles/test.dir/C_/Program_Files/Raspberry_Pi/Pico_SDK_v1.5.1/pico-sdk/src/rp2_common/hardware_clocks/clocks.c.obj
                0x100021e8                clock_configure
 .text.clocks_init
                0x100022f0      0x100 CMakeFiles/test.dir/C_/Program_Files/Raspberry_Pi/Pico_SDK_v1.5.1/pico-sdk/src/rp2_common/hardware_clocks/clocks.c.obj
                0x100022f0                clocks_init
 .text.clock_get_hz
                0x100023f0        0xc CMakeFiles/test.dir/C_/Program_Files/Raspberry_Pi/Pico_SDK_v1.5.1/pico-sdk/src/rp2_common/hardware_clocks/clocks.c.obj
                0x100023f0                clock_get_hz
 .text.pll_init
                0x100023fc      0x120 CMakeFiles/test.dir/C_/Program_Files/Raspberry_Pi/Pico_SDK_v1.5.1/pico-sdk/src/rp2_common/hardware_pll/pll.c.obj
                0x100023fc                pll_init
 .text.watchdog_start_tick
                0x1000251c       0x10 CMakeFiles/test.dir/C_/Program_Files/Raspberry_Pi/Pico_SDK_v1.5.1/pico-sdk/src/rp2_common/hardware_watchdog/watchdog.c.obj
                0x1000251c                watchdog_start_tick
 .text.watchdog_update
                0x1000252c       0x14 CMakeFiles/test.dir/C_/Program_Files/Raspberry_Pi/Pico_SDK_v1.5.1/pico-sdk/src/rp2_common/hardware_watchdog/watchdog.c.obj
                0x1000252c                watchdog_update
 .text._watchdog_enable
                0x10002540       0x78 CMakeFiles/test.dir/C_/Program_Files/Raspberry_Pi/Pico_SDK_v1.5.1/pico-sdk/src/rp2_common/hardware_watchdog/watchdog.c.obj
                0x10002540                _watchdog_enable
 .text.watchdog_reboot
                0x100025b8       0x48 CMakeFiles/test.dir/C_/Program_Files/Raspberry_Pi/Pico_SDK_v1.5.1/pico-sdk/src/rp2_common/hardware_watchdog/watchdog.c.obj
                0x100025b8                watchdog_reboot
 .text.xosc_init
                0x10002600       0x28 CMakeFiles/test.dir/C_/Program_Files/Raspberry_Pi/Pico_SDK_v1.5.1/pico-sdk/src/rp2_common/hardware_xosc/xosc.c.obj
                0x10002600                xosc_init
 .text._exit    0x10002628        0x4 CMakeFiles/test.dir/C_/Program_Files/Raspberry_Pi/Pico_SDK_v1.5.1/pico-sdk/src/rp2_common/pico_runtime/runtime.c.obj
                0x10002628                _exit
 .text._sbrk    0x1000262c       0x38 CMakeFiles/test.dir/C_/Program_Files/Raspberry_Pi/Pico_SDK_v1.5.1/pico-sdk/src/rp2_common/pico_runtime/runtime.c.obj
                0x1000262c                _sbrk
 .text.exit     0x10002664        0x6 CMakeFiles/test.dir/C_/Program_Files/Raspberry_Pi/Pico_SDK_v1.5.1/pico-sdk/src/rp2_common/pico_runtime/runtime.c.obj
                0x10002664                exit
 *fill*         0x1000266a        0x2 
 .text.__assert_func
                0x1000266c       0x3c CMakeFiles/test.dir/C_/Program_Files/Raspberry_Pi/Pico_SDK_v1.5.1/pico-sdk/src/rp2_common/pico_runtime/runtime.c.obj
                0x1000266c                __assert_func
 .text.runtime_init
                0x100026a8       0xf8 CMakeFiles/test.dir/C_/Program_Files/Raspberry_Pi/Pico_SDK_v1.5.1/pico-sdk/src/rp2_common/pico_runtime/runtime.c.obj
                0x100026a8                runtime_init
 .text.panic    0x100027a0       0x30 CMakeFiles/test.dir/C_/Program_Files/Raspberry_Pi/Pico_SDK_v1.5.1/pico-sdk/src/rp2_common/pico_runtime/runtime.c.obj
                0x100027a0                panic
 .text._out_buffer
                0x100027d0        0x8 CMakeFiles/test.dir/C_/Program_Files/Raspberry_Pi/Pico_SDK_v1.5.1/pico-sdk/src/rp2_common/pico_printf/printf.c.obj
 .text._out_null
                0x100027d8        0x2 CMakeFiles/test.dir/C_/Program_Files/Raspberry_Pi/Pico_SDK_v1.5.1/pico-sdk/src/rp2_common/pico_printf/printf.c.obj
 .text._out_fct
                0x100027da        0xe CMakeFiles/test.dir/C_/Program_Files/Raspberry_Pi/Pico_SDK_v1.5.1/pico-sdk/src/rp2_common/pico_printf/printf.c.obj
 .text._atoi    0x100027e8       0x24 CMakeFiles/test.dir/C_/Program_Files/Raspberry_Pi/Pico_SDK_v1.5.1/pico-sdk/src/rp2_common/pico_printf/printf.c.obj
 .text._out_rev
                0x1000280c       0xae CMakeFiles/test.dir/C_/Program_Files/Raspberry_Pi/Pico_SDK_v1.5.1/pico-sdk/src/rp2_common/pico_printf/printf.c.obj
 .text._ntoa_format
                0x100028ba      0x112 CMakeFiles/test.dir/C_/Program_Files/Raspberry_Pi/Pico_SDK_v1.5.1/pico-sdk/src/rp2_common/pico_printf/printf.c.obj
 .text._ntoa_long
                0x100029cc       0xbc CMakeFiles/test.dir/C_/Program_Files/Raspberry_Pi/Pico_SDK_v1.5.1/pico-sdk/src/rp2_common/pico_printf/printf.c.obj
 .text._ntoa_long_long
                0x10002a88       0xe2 CMakeFiles/test.dir/C_/Program_Files/Raspberry_Pi/Pico_SDK_v1.5.1/pico-sdk/src/rp2_common/pico_printf/printf.c.obj
 *fill*         0x10002b6a        0x2 
 .text._etoa    0x10002b6c      0x414 CMakeFiles/test.dir/C_/Program_Files/Raspberry_Pi/Pico_SDK_v1.5.1/pico-sdk/src/rp2_common/pico_printf/printf.c.obj
 .text._ftoa    0x10002f80      0x354 CMakeFiles/test.dir/C_/Program_Files/Raspberry_Pi/Pico_SDK_v1.5.1/pico-sdk/src/rp2_common/pico_printf/printf.c.obj
 .text._vsnprintf
                0x100032d4      0x624 CMakeFiles/test.dir/C_/Program_Files/Raspberry_Pi/Pico_SDK_v1.5.1/pico-sdk/src/rp2_common/pico_printf/printf.c.obj
 .text.__wrap_vsnprintf
                0x100038f8       0x1c CMakeFiles/test.dir/C_/Program_Files/Raspberry_Pi/Pico_SDK_v1.5.1/pico-sdk/src/rp2_common/pico_printf/printf.c.obj
                0x100038f8                __wrap_vsnprintf
 .text.vfctprintf
                0x10003914       0x20 CMakeFiles/test.dir/C_/Program_Files/Raspberry_Pi/Pico_SDK_v1.5.1/pico-sdk/src/rp2_common/pico_printf/printf.c.obj
                0x10003914                vfctprintf
 .text          0x10003934       0x10 CMakeFiles/test.dir/C_/Program_Files/Raspberry_Pi/Pico_SDK_v1.5.1/pico-sdk/src/rp2_common/pico_bit_ops/bit_ops_aeabi.S.obj
 .text.rom_func_lookup
                0x10003944       0x10 CMakeFiles/test.dir/C_/Program_Files/Raspberry_Pi/Pico_SDK_v1.5.1/pico-sdk/src/rp2_common/pico_bootrom/bootrom.c.obj
                0x10003944                rom_func_lookup
 .text.rom_data_lookup
                0x10003954       0x10 CMakeFiles/test.dir/C_/Program_Files/Raspberry_Pi/Pico_SDK_v1.5.1/pico-sdk/src/rp2_common/pico_bootrom/bootrom.c.obj
                0x10003954                rom_data_lookup
 .text.rom_funcs_lookup
                0x10003964       0x36 CMakeFiles/test.dir/C_/Program_Files/Raspberry_Pi/Pico_SDK_v1.5.1/pico-sdk/src/rp2_common/pico_bootrom/bootrom.c.obj
                0x10003964                rom_funcs_lookup
 *fill*         0x1000399a        0x2 
 .text.__wrap___aeabi_idiv
                0x1000399c       0x50 CMakeFiles/test.dir/C_/Program_Files/Raspberry_Pi/Pico_SDK_v1.5.1/pico-sdk/src/rp2_common/pico_divider/divider.S.obj
                0x1000399c                __wrap___aeabi_idivmod
                0x1000399c                divmod_s32s32
                0x1000399c                div_s32s32
                0x1000399c                __wrap___aeabi_idiv
                0x100039a4                divmod_s32s32_unsafe
                0x100039d0                divmod_s32s32_savestate
 .text.__wrap___aeabi_uidiv
                0x100039ec       0x4c CMakeFiles/test.dir/C_/Program_Files/Raspberry_Pi/Pico_SDK_v1.5.1/pico-sdk/src/rp2_common/pico_divider/divider.S.obj
                0x100039ec                __wrap___aeabi_uidiv
                0x100039ec                __wrap___aeabi_uidivmod
                0x100039ec                div_u32u32
                0x100039ec                divmod_u32u32
                0x100039f4                divmod_u32u32_unsafe
                0x10003a1c                divmod_u32u32_savestate
 .text.__wrap___aeabi_ldiv
                0x10003a38      0x424 CMakeFiles/test.dir/C_/Program_Files/Raspberry_Pi/Pico_SDK_v1.5.1/pico-sdk/src/rp2_common/pico_divider/divider.S.obj
                0x10003a38                div_s64s64
                0x10003a38                divmod_s64s64
                0x10003a38                __wrap___aeabi_ldivmod
                0x10003a68                divmod_u64u64
                0x10003a68                div_u64u64
                0x10003a68                __wrap___aeabi_uldivmod
                0x10003a78                divmod_u64u64_savestate
                0x10003a98                divmod_s64s64_unsafe
                0x10003b20                divmod_u64u64_unsafe
 .text.__wrap___aeabi_darithmetic
                0x10003e5c       0x60 CMakeFiles/test.dir/C_/Program_Files/Raspberry_Pi/Pico_SDK_v1.5.1/pico-sdk/src/rp2_common/pico_double/double_aeabi.S.obj
                0x10003e5c                __wrap___aeabi_drsub
                0x10003e62                __wrap___aeabi_dsub
                0x10003e6c                __wrap___aeabi_dadd
                0x10003e76                __wrap___aeabi_ddiv
                0x10003eaa                __wrap___aeabi_dmul
 .text.__wrap___aeabi_cdcmple
                0x10003ebc       0x6c CMakeFiles/test.dir/C_/Program_Files/Raspberry_Pi/Pico_SDK_v1.5.1/pico-sdk/src/rp2_common/pico_double/double_aeabi.S.obj
                0x10003ebc                __wrap___aeabi_cdrcmple
                0x10003ecc                __wrap___aeabi_cdcmpeq
                0x10003ecc                __wrap___aeabi_cdcmple
 .text.__wrap___aeabi_dcmpeq
                0x10003f28       0x10 CMakeFiles/test.dir/C_/Program_Files/Raspberry_Pi/Pico_SDK_v1.5.1/pico-sdk/src/rp2_common/pico_double/double_aeabi.S.obj
                0x10003f28                __wrap___aeabi_dcmpeq
 .text.__wrap___aeabi_dcmplt
                0x10003f38        0xc CMakeFiles/test.dir/C_/Program_Files/Raspberry_Pi/Pico_SDK_v1.5.1/pico-sdk/src/rp2_common/pico_double/double_aeabi.S.obj
                0x10003f38                __wrap___aeabi_dcmplt
 .text.__wrap___aeabi_dcmple
                0x10003f44       0x10 CMakeFiles/test.dir/C_/Program_Files/Raspberry_Pi/Pico_SDK_v1.5.1/pico-sdk/src/rp2_common/pico_double/double_aeabi.S.obj
                0x10003f44                __wrap___aeabi_dcmple
 .text.__wrap___aeabi_dcmpge
                0x10003f54       0x10 CMakeFiles/test.dir/C_/Program_Files/Raspberry_Pi/Pico_SDK_v1.5.1/pico-sdk/src/rp2_common/pico_double/double_aeabi.S.obj
                0x10003f54                __wrap___aeabi_dcmpge
 .text.__wrap___aeabi_dcmpgt
                0x10003f64        0xa CMakeFiles/test.dir/C_/Program_Files/Raspberry_Pi/Pico_SDK_v1.5.1/pico-sdk/src/rp2_common/pico_double/double_aeabi.S.obj
                0x10003f64                __wrap___aeabi_dcmpgt
 .text.__wrap___aeabi_dcmpun
                0x10003f6e       0x1c CMakeFiles/test.dir/C_/Program_Files/Raspberry_Pi/Pico_SDK_v1.5.1/pico-sdk/src/rp2_common/pico_double/double_aeabi.S.obj
                0x10003f6e                __wrap___aeabi_dcmpun
 *fill*         0x10003f8a        0x2 
 .text.__wrap___aeabi_i2d
                0x10003f8c       0x38 CMakeFiles/test.dir/C_/Program_Files/Raspberry_Pi/Pico_SDK_v1.5.1/pico-sdk/src/rp2_common/pico_double/double_aeabi.S.obj
                0x10003f8c                __wrap___aeabi_ui2d
                0x10003f94                __wrap___aeabi_i2d
 .text.__wrap___aeabi_d2iz
                0x10003fc4       0x48 CMakeFiles/test.dir/C_/Program_Files/Raspberry_Pi/Pico_SDK_v1.5.1/pico-sdk/src/rp2_common/pico_double/double_aeabi.S.obj
                0x10003fc4                double2int_z
                0x10003fc4                __wrap___aeabi_d2iz
 .text.__wrap___aeabi_d2uiz
                0x1000400c       0x10 CMakeFiles/test.dir/C_/Program_Files/Raspberry_Pi/Pico_SDK_v1.5.1/pico-sdk/src/rp2_common/pico_double/double_aeabi.S.obj
                0x1000400c                __wrap___aeabi_d2uiz
                0x1000400c                double2uint
 .text.missing_double_func_shim
                0x1000401c        0xc CMakeFiles/test.dir/C_/Program_Files/Raspberry_Pi/Pico_SDK_v1.5.1/pico-sdk/src/rp2_common/pico_double/double_init_rom.c.obj
 .text.__aeabi_double_init
                0x10004028       0xcc CMakeFiles/test.dir/C_/Program_Files/Raspberry_Pi/Pico_SDK_v1.5.1/pico-sdk/src/rp2_common/pico_double/double_init_rom.c.obj
                0x10004028                __aeabi_double_init
 .text.double_table_shim_on_use_helper
                0x100040f4       0x34 CMakeFiles/test.dir/C_/Program_Files/Raspberry_Pi/Pico_SDK_v1.5.1/pico-sdk/src/rp2_common/pico_double/double_v1_rom_shim.S.obj
                0x100040f4                double_table_shim_on_use_helper
 .text.__aeabi_lmul
                0x10004128       0x32 CMakeFiles/test.dir/C_/Program_Files/Raspberry_Pi/Pico_SDK_v1.5.1/pico-sdk/src/rp2_common/pico_int64_ops/pico_int64_ops_aeabi.S.obj
                0x10004128                __wrap___aeabi_lmul
 *fill*         0x1000415a        0x2 
 .text.missing_float_func_shim
                0x1000415c        0xc CMakeFiles/test.dir/C_/Program_Files/Raspberry_Pi/Pico_SDK_v1.5.1/pico-sdk/src/rp2_common/pico_float/float_init_rom.c.obj
 .text.__aeabi_float_init
                0x10004168       0x88 CMakeFiles/test.dir/C_/Program_Files/Raspberry_Pi/Pico_SDK_v1.5.1/pico-sdk/src/rp2_common/pico_float/float_init_rom.c.obj
                0x10004168                __aeabi_float_init
 .text.__wrap_malloc
                0x100041f0       0x24 CMakeFiles/test.dir/C_/Program_Files/Raspberry_Pi/Pico_SDK_v1.5.1/pico-sdk/src/rp2_common/pico_malloc/pico_malloc.c.obj
                0x100041f0                __wrap_malloc
 .text.__wrap_free
                0x10004214        0x8 CMakeFiles/test.dir/C_/Program_Files/Raspberry_Pi/Pico_SDK_v1.5.1/pico-sdk/src/rp2_common/pico_malloc/pico_malloc.c.obj
                0x10004214                __wrap_free
 .text          0x1000421c       0x10 CMakeFiles/test.dir/C_/Program_Files/Raspberry_Pi/Pico_SDK_v1.5.1/pico-sdk/src/rp2_common/pico_mem_ops/mem_ops_aeabi.S.obj
                0x1000421c                __aeabi_mem_init
 .text.memset   0x1000422c        0xc CMakeFiles/test.dir/C_/Program_Files/Raspberry_Pi/Pico_SDK_v1.5.1/pico-sdk/src/rp2_common/pico_mem_ops/mem_ops_aeabi.S.obj
                0x1000422c                __wrap_memset
 .text.memcpy   0x10004238        0xc CMakeFiles/test.dir/C_/Program_Files/Raspberry_Pi/Pico_SDK_v1.5.1/pico-sdk/src/rp2_common/pico_mem_ops/mem_ops_aeabi.S.obj
                0x10004238                __wrap_memcpy
                0x10004238                __wrap___aeabi_memcpy
 .text.stdio_out_chars_no_crlf
                0x10004244        0xe CMakeFiles/test.dir/C_/Program_Files/Raspberry_Pi/Pico_SDK_v1.5.1/pico-sdk/src/rp2_common/pico_stdio/stdio.c.obj
 *fill*         0x10004252        0x2 
 .text.stdio_out_chars_crlf
                0x10004254       0x80 CMakeFiles/test.dir/C_/Program_Files/Raspberry_Pi/Pico_SDK_v1.5.1/pico-sdk/src/rp2_common/pico_stdio/stdio.c.obj
 .text.stdio_stack_buffer_flush
                0x100042d4       0x44 CMakeFiles/test.dir/C_/Program_Files/Raspberry_Pi/Pico_SDK_v1.5.1/pico-sdk/src/rp2_common/pico_stdio/stdio.c.obj
 .text.stdio_buffered_printer
                0x10004318       0x20 CMakeFiles/test.dir/C_/Program_Files/Raspberry_Pi/Pico_SDK_v1.5.1/pico-sdk/src/rp2_common/pico_stdio/stdio.c.obj
 .text.stdio_get_until
                0x10004338       0x80 CMakeFiles/test.dir/C_/Program_Files/Raspberry_Pi/Pico_SDK_v1.5.1/pico-sdk/src/rp2_common/pico_stdio/stdio.c.obj
 .text.stdout_serialize_begin
                0x100043b8       0x5c CMakeFiles/test.dir/C_/Program_Files/Raspberry_Pi/Pico_SDK_v1.5.1/pico-sdk/src/rp2_common/pico_stdio/stdio.c.obj
                0x100043b8                stdout_serialize_begin
 .text.stdout_serialize_end
                0x10004414       0x10 CMakeFiles/test.dir/C_/Program_Files/Raspberry_Pi/Pico_SDK_v1.5.1/pico-sdk/src/rp2_common/pico_stdio/stdio.c.obj
                0x10004414                stdout_serialize_end
 .text.stdio_put_string
                0x10004424       0x98 CMakeFiles/test.dir/C_/Program_Files/Raspberry_Pi/Pico_SDK_v1.5.1/pico-sdk/src/rp2_common/pico_stdio/stdio.c.obj
 .text._read    0x100044bc       0x24 CMakeFiles/test.dir/C_/Program_Files/Raspberry_Pi/Pico_SDK_v1.5.1/pico-sdk/src/rp2_common/pico_stdio/stdio.c.obj
                0x100044bc                _read
 .text._write   0x100044e0       0x22 CMakeFiles/test.dir/C_/Program_Files/Raspberry_Pi/Pico_SDK_v1.5.1/pico-sdk/src/rp2_common/pico_stdio/stdio.c.obj
                0x100044e0                _write
 .text._close   0x10004502        0x6 CMakeFiles/test.dir/C_/Program_Files/Raspberry_Pi/Pico_SDK_v1.5.1/pico-sdk/src/rp2_common/pico_stdio/stdio.c.obj
                0x10004502                _close
 .text._lseek   0x10004508        0x6 CMakeFiles/test.dir/C_/Program_Files/Raspberry_Pi/Pico_SDK_v1.5.1/pico-sdk/src/rp2_common/pico_stdio/stdio.c.obj
                0x10004508                _lseek
 *fill*         0x1000450e        0x2 
 .text.stdio_set_driver_enabled
                0x10004510       0x2c CMakeFiles/test.dir/C_/Program_Files/Raspberry_Pi/Pico_SDK_v1.5.1/pico-sdk/src/rp2_common/pico_stdio/stdio.c.obj
                0x10004510                stdio_set_driver_enabled
 .text.stdio_flush
                0x1000453c       0x20 CMakeFiles/test.dir/C_/Program_Files/Raspberry_Pi/Pico_SDK_v1.5.1/pico-sdk/src/rp2_common/pico_stdio/stdio.c.obj
                0x1000453c                stdio_flush
 .text.__wrap_puts
                0x1000455c       0x1e CMakeFiles/test.dir/C_/Program_Files/Raspberry_Pi/Pico_SDK_v1.5.1/pico-sdk/src/rp2_common/pico_stdio/stdio.c.obj
                0x1000455c                __wrap_puts
 *fill*         0x1000457a        0x2 
 .text.__wrap_vprintf
                0x1000457c       0x40 CMakeFiles/test.dir/C_/Program_Files/Raspberry_Pi/Pico_SDK_v1.5.1/pico-sdk/src/rp2_common/pico_stdio/stdio.c.obj
                0x1000457c                __wrap_vprintf
 .text.__wrap_printf
                0x100045bc       0x18 CMakeFiles/test.dir/C_/Program_Files/Raspberry_Pi/Pico_SDK_v1.5.1/pico-sdk/src/rp2_common/pico_stdio/stdio.c.obj
                0x100045bc                __wrap_printf
 .text.stdio_init_all
                0x100045d4        0xe CMakeFiles/test.dir/C_/Program_Files/Raspberry_Pi/Pico_SDK_v1.5.1/pico-sdk/src/rp2_common/pico_stdio/stdio.c.obj
                0x100045d4                stdio_init_all
 *fill*         0x100045e2        0x2 
 .text.__wrap_getchar
                0x100045e4       0x40 CMakeFiles/test.dir/C_/Program_Files/Raspberry_Pi/Pico_SDK_v1.5.1/pico-sdk/src/rp2_common/pico_stdio/stdio.c.obj
                0x100045e4                __wrap_getchar
 .text.stdio_uart_out_chars
                0x10004624       0x74 CMakeFiles/test.dir/C_/Program_Files/Raspberry_Pi/Pico_SDK_v1.5.1/pico-sdk/src/rp2_common/pico_stdio_uart/stdio_uart.c.obj
 .text.stdio_uart_in_chars
                0x10004698       0x80 CMakeFiles/test.dir/C_/Program_Files/Raspberry_Pi/Pico_SDK_v1.5.1/pico-sdk/src/rp2_common/pico_stdio_uart/stdio_uart.c.obj
                0x10004698                stdio_uart_in_chars
 .text.on_uart_rx
                0x10004718       0x28 CMakeFiles/test.dir/C_/Program_Files/Raspberry_Pi/Pico_SDK_v1.5.1/pico-sdk/src/rp2_common/pico_stdio_uart/stdio_uart.c.obj
 .text.stdio_uart_set_chars_available_callback
                0x10004740       0x8c CMakeFiles/test.dir/C_/Program_Files/Raspberry_Pi/Pico_SDK_v1.5.1/pico-sdk/src/rp2_common/pico_stdio_uart/stdio_uart.c.obj
 .text.stdio_uart_init_full
                0x100047cc       0x44 CMakeFiles/test.dir/C_/Program_Files/Raspberry_Pi/Pico_SDK_v1.5.1/pico-sdk/src/rp2_common/pico_stdio_uart/stdio_uart.c.obj
                0x100047cc                stdio_uart_init_full
 .text.stdio_uart_init
                0x10004810       0x28 CMakeFiles/test.dir/C_/Program_Files/Raspberry_Pi/Pico_SDK_v1.5.1/pico-sdk/src/rp2_common/pico_stdio_uart/stdio_uart.c.obj
                0x10004810                stdio_uart_init
 .text.resetd_init
                0x10004838        0x2 CMakeFiles/test.dir/C_/Program_Files/Raspberry_Pi/Pico_SDK_v1.5.1/pico-sdk/src/rp2_common/pico_stdio_usb/reset_interface.c.obj
 *fill*         0x1000483a        0x2 
 .text.resetd_reset
                0x1000483c        0xc CMakeFiles/test.dir/C_/Program_Files/Raspberry_Pi/Pico_SDK_v1.5.1/pico-sdk/src/rp2_common/pico_stdio_usb/reset_interface.c.obj
 .text.resetd_open
                0x10004848       0x34 CMakeFiles/test.dir/C_/Program_Files/Raspberry_Pi/Pico_SDK_v1.5.1/pico-sdk/src/rp2_common/pico_stdio_usb/reset_interface.c.obj
 .text.resetd_xfer_cb
                0x1000487c        0x4 CMakeFiles/test.dir/C_/Program_Files/Raspberry_Pi/Pico_SDK_v1.5.1/pico-sdk/src/rp2_common/pico_stdio_usb/reset_interface.c.obj
 .text.reset_usb_boot
                0x10004880       0x18 CMakeFiles/test.dir/C_/Program_Files/Raspberry_Pi/Pico_SDK_v1.5.1/pico-sdk/src/rp2_common/pico_stdio_usb/reset_interface.c.obj
 .text.resetd_control_xfer_cb
                0x10004898       0x5c CMakeFiles/test.dir/C_/Program_Files/Raspberry_Pi/Pico_SDK_v1.5.1/pico-sdk/src/rp2_common/pico_stdio_usb/reset_interface.c.obj
 .text.usbd_app_driver_get_cb
                0x100048f4        0xc CMakeFiles/test.dir/C_/Program_Files/Raspberry_Pi/Pico_SDK_v1.5.1/pico-sdk/src/rp2_common/pico_stdio_usb/reset_interface.c.obj
                0x100048f4                usbd_app_driver_get_cb
 .text.tud_cdc_line_coding_cb
                0x10004900       0x28 CMakeFiles/test.dir/C_/Program_Files/Raspberry_Pi/Pico_SDK_v1.5.1/pico-sdk/src/rp2_common/pico_stdio_usb/reset_interface.c.obj
                0x10004900                tud_cdc_line_coding_cb
 .text.stdio_usb_set_chars_available_callback
                0x10004928       0x14 CMakeFiles/test.dir/C_/Program_Files/Raspberry_Pi/Pico_SDK_v1.5.1/pico-sdk/src/rp2_common/pico_stdio_usb/stdio_usb.c.obj
                0x10004928                stdio_usb_set_chars_available_callback
 .text.usb_irq  0x1000493c       0x10 CMakeFiles/test.dir/C_/Program_Files/Raspberry_Pi/Pico_SDK_v1.5.1/pico-sdk/src/rp2_common/pico_stdio_usb/stdio_usb.c.obj
 .text.timer_task
                0x1000494c       0x5c CMakeFiles/test.dir/C_/Program_Files/Raspberry_Pi/Pico_SDK_v1.5.1/pico-sdk/src/rp2_common/pico_stdio_usb/stdio_usb.c.obj
 .text.low_priority_worker_irq
                0x100049a8       0xdc CMakeFiles/test.dir/C_/Program_Files/Raspberry_Pi/Pico_SDK_v1.5.1/pico-sdk/src/rp2_common/pico_stdio_usb/stdio_usb.c.obj
 .text.tud_cdc_rx_cb
                0x10004a84       0x20 CMakeFiles/test.dir/C_/Program_Files/Raspberry_Pi/Pico_SDK_v1.5.1/pico-sdk/src/rp2_common/pico_stdio_usb/stdio_usb.c.obj
                0x10004a84                tud_cdc_rx_cb
 .text.stdio_usb_init
                0x10004aa4      0x11c CMakeFiles/test.dir/C_/Program_Files/Raspberry_Pi/Pico_SDK_v1.5.1/pico-sdk/src/rp2_common/pico_stdio_usb/stdio_usb.c.obj
                0x10004aa4                stdio_usb_init
 .text.stdio_usb_connected
                0x10004bc0        0xa CMakeFiles/test.dir/C_/Program_Files/Raspberry_Pi/Pico_SDK_v1.5.1/pico-sdk/src/rp2_common/pico_stdio_usb/stdio_usb.c.obj
                0x10004bc0                stdio_usb_connected
 *fill*         0x10004bca        0x2 
 .text.stdio_usb_in_chars
                0x10004bcc       0xc4 CMakeFiles/test.dir/C_/Program_Files/Raspberry_Pi/Pico_SDK_v1.5.1/pico-sdk/src/rp2_common/pico_stdio_usb/stdio_usb.c.obj
                0x10004bcc                stdio_usb_in_chars
 .text.stdio_usb_out_chars
                0x10004c90      0x114 CMakeFiles/test.dir/C_/Program_Files/Raspberry_Pi/Pico_SDK_v1.5.1/pico-sdk/src/rp2_common/pico_stdio_usb/stdio_usb.c.obj
 .text.tud_descriptor_device_cb
                0x10004da4        0x8 CMakeFiles/test.dir/C_/Program_Files/Raspberry_Pi/Pico_SDK_v1.5.1/pico-sdk/src/rp2_common/pico_stdio_usb/stdio_usb_descriptors.c.obj
                0x10004da4                tud_descriptor_device_cb
 .text.tud_descriptor_configuration_cb
                0x10004dac        0x8 CMakeFiles/test.dir/C_/Program_Files/Raspberry_Pi/Pico_SDK_v1.5.1/pico-sdk/src/rp2_common/pico_stdio_usb/stdio_usb_descriptors.c.obj
                0x10004dac                tud_descriptor_configuration_cb
 .text.tud_descriptor_string_cb
                0x10004db4       0x6c CMakeFiles/test.dir/C_/Program_Files/Raspberry_Pi/Pico_SDK_v1.5.1/pico-sdk/src/rp2_common/pico_stdio_usb/stdio_usb_descriptors.c.obj
                0x10004db4                tud_descriptor_string_cb
 .text._retrieve_unique_id_on_boot
                0x10004e20       0x10 CMakeFiles/test.dir/C_/Program_Files/Raspberry_Pi/Pico_SDK_v1.5.1/pico-sdk/src/rp2_common/pico_unique_id/unique_id.c.obj
 .text.pico_get_unique_board_id_string
                0x10004e30       0x60 CMakeFiles/test.dir/C_/Program_Files/Raspberry_Pi/Pico_SDK_v1.5.1/pico-sdk/src/rp2_common/pico_unique_id/unique_id.c.obj
                0x10004e30                pico_get_unique_board_id_string
 .text.flash_get_unique_id
                0x10004e90       0x46 CMakeFiles/test.dir/C_/Program_Files/Raspberry_Pi/Pico_SDK_v1.5.1/pico-sdk/src/rp2_common/hardware_flash/flash.c.obj
                0x10004e90                flash_get_unique_id
 *fill*         0x10004ed6        0x2 
 .text.hw_endpoint_get_by_addr
                0x10004ed8       0x18 CMakeFiles/test.dir/C_/Program_Files/Raspberry_Pi/Pico_SDK_v1.5.1/pico-sdk/lib/tinyusb/src/portable/raspberrypi/rp2040/dcd_rp2040.c.obj
 .text._hw_endpoint_alloc
                0x10004ef0       0x70 CMakeFiles/test.dir/C_/Program_Files/Raspberry_Pi/Pico_SDK_v1.5.1/pico-sdk/lib/tinyusb/src/portable/raspberrypi/rp2040/dcd_rp2040.c.obj
 .text.hw_endpoint_init
                0x10004f60       0x88 CMakeFiles/test.dir/C_/Program_Files/Raspberry_Pi/Pico_SDK_v1.5.1/pico-sdk/lib/tinyusb/src/portable/raspberrypi/rp2040/dcd_rp2040.c.obj
 .text.hw_endpoint_xfer
                0x10004fe8       0x14 CMakeFiles/test.dir/C_/Program_Files/Raspberry_Pi/Pico_SDK_v1.5.1/pico-sdk/lib/tinyusb/src/portable/raspberrypi/rp2040/dcd_rp2040.c.obj
 .text.dcd_int_enable
                0x10004ffc       0x2c CMakeFiles/test.dir/C_/Program_Files/Raspberry_Pi/Pico_SDK_v1.5.1/pico-sdk/lib/tinyusb/src/portable/raspberrypi/rp2040/dcd_rp2040.c.obj
                0x10004ffc                dcd_int_enable
 .text.dcd_set_address
                0x10005028       0x2c CMakeFiles/test.dir/C_/Program_Files/Raspberry_Pi/Pico_SDK_v1.5.1/pico-sdk/lib/tinyusb/src/portable/raspberrypi/rp2040/dcd_rp2040.c.obj
                0x10005028                dcd_set_address
 .text.dcd_connect
                0x10005054       0x10 CMakeFiles/test.dir/C_/Program_Files/Raspberry_Pi/Pico_SDK_v1.5.1/pico-sdk/lib/tinyusb/src/portable/raspberrypi/rp2040/dcd_rp2040.c.obj
                0x10005054                dcd_connect
 .text.dcd_init
                0x10005064       0x80 CMakeFiles/test.dir/C_/Program_Files/Raspberry_Pi/Pico_SDK_v1.5.1/pico-sdk/lib/tinyusb/src/portable/raspberrypi/rp2040/dcd_rp2040.c.obj
                0x10005064                dcd_init
 .text.dcd_edpt0_status_complete
                0x100050e4       0x1c CMakeFiles/test.dir/C_/Program_Files/Raspberry_Pi/Pico_SDK_v1.5.1/pico-sdk/lib/tinyusb/src/portable/raspberrypi/rp2040/dcd_rp2040.c.obj
                0x100050e4                dcd_edpt0_status_complete
 .text.dcd_edpt_open
                0x10005100       0x40 CMakeFiles/test.dir/C_/Program_Files/Raspberry_Pi/Pico_SDK_v1.5.1/pico-sdk/lib/tinyusb/src/portable/raspberrypi/rp2040/dcd_rp2040.c.obj
                0x10005100                dcd_edpt_open
 .text.dcd_edpt_close_all
                0x10005140        0x8 CMakeFiles/test.dir/C_/Program_Files/Raspberry_Pi/Pico_SDK_v1.5.1/pico-sdk/lib/tinyusb/src/portable/raspberrypi/rp2040/dcd_rp2040.c.obj
                0x10005140                dcd_edpt_close_all
 .text.dcd_edpt_xfer
                0x10005148       0x34 CMakeFiles/test.dir/C_/Program_Files/Raspberry_Pi/Pico_SDK_v1.5.1/pico-sdk/lib/tinyusb/src/portable/raspberrypi/rp2040/dcd_rp2040.c.obj
                0x10005148                dcd_edpt_xfer
 .text.dcd_edpt_stall
                0x1000517c       0x2c CMakeFiles/test.dir/C_/Program_Files/Raspberry_Pi/Pico_SDK_v1.5.1/pico-sdk/lib/tinyusb/src/portable/raspberrypi/rp2040/dcd_rp2040.c.obj
                0x1000517c                dcd_edpt_stall
 .text.dcd_edpt_clear_stall
                0x100051a8       0x20 CMakeFiles/test.dir/C_/Program_Files/Raspberry_Pi/Pico_SDK_v1.5.1/pico-sdk/lib/tinyusb/src/portable/raspberrypi/rp2040/dcd_rp2040.c.obj
                0x100051a8                dcd_edpt_clear_stall
 .text.rp2040_usb_init
                0x100051c8       0x4c CMakeFiles/test.dir/C_/Program_Files/Raspberry_Pi/Pico_SDK_v1.5.1/pico-sdk/lib/tinyusb/src/portable/raspberrypi/rp2040/rp2040_usb.c.obj
                0x100051c8                rp2040_usb_init
 .text.hw_endpoint_xfer_start
                0x10005214       0x50 CMakeFiles/test.dir/C_/Program_Files/Raspberry_Pi/Pico_SDK_v1.5.1/pico-sdk/lib/tinyusb/src/portable/raspberrypi/rp2040/rp2040_usb.c.obj
                0x10005214                hw_endpoint_xfer_start
 .text.configuration_reset
                0x10005264       0x84 CMakeFiles/test.dir/C_/Program_Files/Raspberry_Pi/Pico_SDK_v1.5.1/pico-sdk/lib/tinyusb/src/device/usbd.c.obj
 .text.usbd_reset
                0x100052e8        0xc CMakeFiles/test.dir/C_/Program_Files/Raspberry_Pi/Pico_SDK_v1.5.1/pico-sdk/lib/tinyusb/src/device/usbd.c.obj
 .text.invoke_class_control
                0x100052f4       0x1a CMakeFiles/test.dir/C_/Program_Files/Raspberry_Pi/Pico_SDK_v1.5.1/pico-sdk/lib/tinyusb/src/device/usbd.c.obj
 *fill*         0x1000530e        0x2 
 .text.process_set_config
                0x10005310      0x178 CMakeFiles/test.dir/C_/Program_Files/Raspberry_Pi/Pico_SDK_v1.5.1/pico-sdk/lib/tinyusb/src/device/usbd.c.obj
 .text.process_get_descriptor
                0x10005488       0xdc CMakeFiles/test.dir/C_/Program_Files/Raspberry_Pi/Pico_SDK_v1.5.1/pico-sdk/lib/tinyusb/src/device/usbd.c.obj
 .text.tud_mounted
                0x10005564       0x10 CMakeFiles/test.dir/C_/Program_Files/Raspberry_Pi/Pico_SDK_v1.5.1/pico-sdk/lib/tinyusb/src/device/usbd.c.obj
                0x10005564                tud_mounted
 .text.tud_suspended
                0x10005574       0x10 CMakeFiles/test.dir/C_/Program_Files/Raspberry_Pi/Pico_SDK_v1.5.1/pico-sdk/lib/tinyusb/src/device/usbd.c.obj
                0x10005574                tud_suspended
 .text.tud_inited
                0x10005584       0x14 CMakeFiles/test.dir/C_/Program_Files/Raspberry_Pi/Pico_SDK_v1.5.1/pico-sdk/lib/tinyusb/src/device/usbd.c.obj
                0x10005584                tud_inited
 .text.tud_init
                0x10005598       0xcc CMakeFiles/test.dir/C_/Program_Files/Raspberry_Pi/Pico_SDK_v1.5.1/pico-sdk/lib/tinyusb/src/device/usbd.c.obj
                0x10005598                tud_init
 .text.usbd_defer_func
                0x10005664       0x2a CMakeFiles/test.dir/C_/Program_Files/Raspberry_Pi/Pico_SDK_v1.5.1/pico-sdk/lib/tinyusb/src/device/usbd.c.obj
                0x10005664                usbd_defer_func
 *fill*         0x1000568e        0x2 
 .text.usbd_edpt_open
                0x10005690       0x34 CMakeFiles/test.dir/C_/Program_Files/Raspberry_Pi/Pico_SDK_v1.5.1/pico-sdk/lib/tinyusb/src/device/usbd.c.obj
                0x10005690                usbd_edpt_open
 .text.usbd_open_edpt_pair
                0x100056c4       0x62 CMakeFiles/test.dir/C_/Program_Files/Raspberry_Pi/Pico_SDK_v1.5.1/pico-sdk/lib/tinyusb/src/device/usbd.c.obj
                0x100056c4                usbd_open_edpt_pair
 *fill*         0x10005726        0x2 
 .text.usbd_edpt_claim
                0x10005728       0x28 CMakeFiles/test.dir/C_/Program_Files/Raspberry_Pi/Pico_SDK_v1.5.1/pico-sdk/lib/tinyusb/src/device/usbd.c.obj
                0x10005728                usbd_edpt_claim
 .text.usbd_edpt_release
                0x10005750       0x28 CMakeFiles/test.dir/C_/Program_Files/Raspberry_Pi/Pico_SDK_v1.5.1/pico-sdk/lib/tinyusb/src/device/usbd.c.obj
                0x10005750                usbd_edpt_release
 .text.usbd_edpt_xfer
                0x10005778       0x78 CMakeFiles/test.dir/C_/Program_Files/Raspberry_Pi/Pico_SDK_v1.5.1/pico-sdk/lib/tinyusb/src/device/usbd.c.obj
                0x10005778                usbd_edpt_xfer
 .text.usbd_edpt_stall
                0x100057f0       0x48 CMakeFiles/test.dir/C_/Program_Files/Raspberry_Pi/Pico_SDK_v1.5.1/pico-sdk/lib/tinyusb/src/device/usbd.c.obj
                0x100057f0                usbd_edpt_stall
 .text.usbd_edpt_clear_stall
                0x10005838       0x48 CMakeFiles/test.dir/C_/Program_Files/Raspberry_Pi/Pico_SDK_v1.5.1/pico-sdk/lib/tinyusb/src/device/usbd.c.obj
                0x10005838                usbd_edpt_clear_stall
 .text.usbd_edpt_stalled
                0x10005880       0x1c CMakeFiles/test.dir/C_/Program_Files/Raspberry_Pi/Pico_SDK_v1.5.1/pico-sdk/lib/tinyusb/src/device/usbd.c.obj
                0x10005880                usbd_edpt_stalled
 .text.process_control_request
                0x1000589c      0x37c CMakeFiles/test.dir/C_/Program_Files/Raspberry_Pi/Pico_SDK_v1.5.1/pico-sdk/lib/tinyusb/src/device/usbd.c.obj
 .text.tud_task_ext
                0x10005c18      0x1b8 CMakeFiles/test.dir/C_/Program_Files/Raspberry_Pi/Pico_SDK_v1.5.1/pico-sdk/lib/tinyusb/src/device/usbd.c.obj
                0x10005c18                tud_task_ext
 .text._data_stage_xact
                0x10005dd0       0x58 CMakeFiles/test.dir/C_/Program_Files/Raspberry_Pi/Pico_SDK_v1.5.1/pico-sdk/lib/tinyusb/src/device/usbd_control.c.obj
 .text.tud_control_status
                0x10005e28       0x38 CMakeFiles/test.dir/C_/Program_Files/Raspberry_Pi/Pico_SDK_v1.5.1/pico-sdk/lib/tinyusb/src/device/usbd_control.c.obj
                0x10005e28                tud_control_status
 .text.tud_control_xfer
                0x10005e60       0x74 CMakeFiles/test.dir/C_/Program_Files/Raspberry_Pi/Pico_SDK_v1.5.1/pico-sdk/lib/tinyusb/src/device/usbd_control.c.obj
                0x10005e60                tud_control_xfer
 .text.usbd_control_reset
                0x10005ed4       0x14 CMakeFiles/test.dir/C_/Program_Files/Raspberry_Pi/Pico_SDK_v1.5.1/pico-sdk/lib/tinyusb/src/device/usbd_control.c.obj
                0x10005ed4                usbd_control_reset
 .text.usbd_control_set_complete_callback
                0x10005ee8        0xc CMakeFiles/test.dir/C_/Program_Files/Raspberry_Pi/Pico_SDK_v1.5.1/pico-sdk/lib/tinyusb/src/device/usbd_control.c.obj
                0x10005ee8                usbd_control_set_complete_callback
 .text.usbd_control_set_request
                0x10005ef4       0x1c CMakeFiles/test.dir/C_/Program_Files/Raspberry_Pi/Pico_SDK_v1.5.1/pico-sdk/lib/tinyusb/src/device/usbd_control.c.obj
                0x10005ef4                usbd_control_set_request
 .text.usbd_control_xfer_cb
                0x10005f10       0xcc CMakeFiles/test.dir/C_/Program_Files/Raspberry_Pi/Pico_SDK_v1.5.1/pico-sdk/lib/tinyusb/src/device/usbd_control.c.obj
                0x10005f10                usbd_control_xfer_cb
 .text._prep_out_transaction
                0x10005fdc       0x4a CMakeFiles/test.dir/C_/Program_Files/Raspberry_Pi/Pico_SDK_v1.5.1/pico-sdk/lib/tinyusb/src/class/cdc/cdc_device.c.obj
 *fill*         0x10006026        0x2 
 .text.tud_cdc_n_connected
                0x10006028       0x44 CMakeFiles/test.dir/C_/Program_Files/Raspberry_Pi/Pico_SDK_v1.5.1/pico-sdk/lib/tinyusb/src/class/cdc/cdc_device.c.obj
                0x10006028                tud_cdc_n_connected
 .text.tud_cdc_n_available
                0x1000606c       0x18 CMakeFiles/test.dir/C_/Program_Files/Raspberry_Pi/Pico_SDK_v1.5.1/pico-sdk/lib/tinyusb/src/class/cdc/cdc_device.c.obj
                0x1000606c                tud_cdc_n_available
 .text.tud_cdc_n_read
                0x10006084       0x28 CMakeFiles/test.dir/C_/Program_Files/Raspberry_Pi/Pico_SDK_v1.5.1/pico-sdk/lib/tinyusb/src/class/cdc/cdc_device.c.obj
                0x10006084                tud_cdc_n_read
 .text.tud_cdc_n_write_flush
                0x100060ac       0xb8 CMakeFiles/test.dir/C_/Program_Files/Raspberry_Pi/Pico_SDK_v1.5.1/pico-sdk/lib/tinyusb/src/class/cdc/cdc_device.c.obj
                0x100060ac                tud_cdc_n_write_flush
 .text.tud_cdc_n_write
                0x10006164       0x38 CMakeFiles/test.dir/C_/Program_Files/Raspberry_Pi/Pico_SDK_v1.5.1/pico-sdk/lib/tinyusb/src/class/cdc/cdc_device.c.obj
                0x10006164                tud_cdc_n_write
 .text.tud_cdc_n_write_available
                0x1000619c       0x1c CMakeFiles/test.dir/C_/Program_Files/Raspberry_Pi/Pico_SDK_v1.5.1/pico-sdk/lib/tinyusb/src/class/cdc/cdc_device.c.obj
                0x1000619c                tud_cdc_n_write_available
 .text.cdcd_init
                0x100061b8       0xbc CMakeFiles/test.dir/C_/Program_Files/Raspberry_Pi/Pico_SDK_v1.5.1/pico-sdk/lib/tinyusb/src/class/cdc/cdc_device.c.obj
                0x100061b8                cdcd_init
 .text.cdcd_reset
                0x10006274       0x44 CMakeFiles/test.dir/C_/Program_Files/Raspberry_Pi/Pico_SDK_v1.5.1/pico-sdk/lib/tinyusb/src/class/cdc/cdc_device.c.obj
                0x10006274                cdcd_reset
 .text.cdcd_open
                0x100062b8       0xcc CMakeFiles/test.dir/C_/Program_Files/Raspberry_Pi/Pico_SDK_v1.5.1/pico-sdk/lib/tinyusb/src/class/cdc/cdc_device.c.obj
                0x100062b8                cdcd_open
 .text.cdcd_control_xfer_cb
                0x10006384      0x134 CMakeFiles/test.dir/C_/Program_Files/Raspberry_Pi/Pico_SDK_v1.5.1/pico-sdk/lib/tinyusb/src/class/cdc/cdc_device.c.obj
                0x10006384                cdcd_control_xfer_cb
 .text.cdcd_xfer_cb
                0x100064b8      0x130 CMakeFiles/test.dir/C_/Program_Files/Raspberry_Pi/Pico_SDK_v1.5.1/pico-sdk/lib/tinyusb/src/class/cdc/cdc_device.c.obj
                0x100064b8                cdcd_xfer_cb
 .text.tusb_init
                0x100065e8        0xa CMakeFiles/test.dir/C_/Program_Files/Raspberry_Pi/Pico_SDK_v1.5.1/pico-sdk/lib/tinyusb/src/tusb.c.obj
                0x100065e8                tusb_init
 .text.tusb_inited
                0x100065f2        0xe CMakeFiles/test.dir/C_/Program_Files/Raspberry_Pi/Pico_SDK_v1.5.1/pico-sdk/lib/tinyusb/src/tusb.c.obj
                0x100065f2                tusb_inited
 .text.tu_edpt_claim
                0x10006600       0x50 CMakeFiles/test.dir/C_/Program_Files/Raspberry_Pi/Pico_SDK_v1.5.1/pico-sdk/lib/tinyusb/src/tusb.c.obj
                0x10006600                tu_edpt_claim
 .text.tu_edpt_release
                0x10006650       0x3c CMakeFiles/test.dir/C_/Program_Files/Raspberry_Pi/Pico_SDK_v1.5.1/pico-sdk/lib/tinyusb/src/tusb.c.obj
                0x10006650                tu_edpt_release
 .text.tu_edpt_validate
                0x1000668c       0x78 CMakeFiles/test.dir/C_/Program_Files/Raspberry_Pi/Pico_SDK_v1.5.1/pico-sdk/lib/tinyusb/src/tusb.c.obj
                0x1000668c                tu_edpt_validate
 .text.tu_edpt_bind_driver
                0x10006704       0x26 CMakeFiles/test.dir/C_/Program_Files/Raspberry_Pi/Pico_SDK_v1.5.1/pico-sdk/lib/tinyusb/src/tusb.c.obj
                0x10006704                tu_edpt_bind_driver
 .text.advance_index
                0x1000672a       0x1a CMakeFiles/test.dir/C_/Program_Files/Raspberry_Pi/Pico_SDK_v1.5.1/pico-sdk/lib/tinyusb/src/common/tusb_fifo.c.obj
 .text._tu_fifo_peek
                0x10006744       0x56 CMakeFiles/test.dir/C_/Program_Files/Raspberry_Pi/Pico_SDK_v1.5.1/pico-sdk/lib/tinyusb/src/common/tusb_fifo.c.obj
 .text._ff_pull_const_addr
                0x1000679a       0x4c CMakeFiles/test.dir/C_/Program_Files/Raspberry_Pi/Pico_SDK_v1.5.1/pico-sdk/lib/tinyusb/src/common/tusb_fifo.c.obj
 .text._ff_pull_n
                0x100067e6      0x110 CMakeFiles/test.dir/C_/Program_Files/Raspberry_Pi/Pico_SDK_v1.5.1/pico-sdk/lib/tinyusb/src/common/tusb_fifo.c.obj
 .text._tu_fifo_peek_n
                0x100068f6       0x6a CMakeFiles/test.dir/C_/Program_Files/Raspberry_Pi/Pico_SDK_v1.5.1/pico-sdk/lib/tinyusb/src/common/tusb_fifo.c.obj
 .text._tu_fifo_read_n
                0x10006960       0x4e CMakeFiles/test.dir/C_/Program_Files/Raspberry_Pi/Pico_SDK_v1.5.1/pico-sdk/lib/tinyusb/src/common/tusb_fifo.c.obj
 .text._ff_push_const_addr
                0x100069ae       0x40 CMakeFiles/test.dir/C_/Program_Files/Raspberry_Pi/Pico_SDK_v1.5.1/pico-sdk/lib/tinyusb/src/common/tusb_fifo.c.obj
 .text._ff_push_n
                0x100069ee      0x10c CMakeFiles/test.dir/C_/Program_Files/Raspberry_Pi/Pico_SDK_v1.5.1/pico-sdk/lib/tinyusb/src/common/tusb_fifo.c.obj
 .text._tu_fifo_write_n
                0x10006afa       0xf0 CMakeFiles/test.dir/C_/Program_Files/Raspberry_Pi/Pico_SDK_v1.5.1/pico-sdk/lib/tinyusb/src/common/tusb_fifo.c.obj
 .text.tu_fifo_config
                0x10006bea       0x7c CMakeFiles/test.dir/C_/Program_Files/Raspberry_Pi/Pico_SDK_v1.5.1/pico-sdk/lib/tinyusb/src/common/tusb_fifo.c.obj
                0x10006bea                tu_fifo_config
 .text.tu_fifo_count
                0x10006c66       0x2a CMakeFiles/test.dir/C_/Program_Files/Raspberry_Pi/Pico_SDK_v1.5.1/pico-sdk/lib/tinyusb/src/common/tusb_fifo.c.obj
                0x10006c66                tu_fifo_count
 .text.tu_fifo_empty
                0x10006c90       0x10 CMakeFiles/test.dir/C_/Program_Files/Raspberry_Pi/Pico_SDK_v1.5.1/pico-sdk/lib/tinyusb/src/common/tusb_fifo.c.obj
                0x10006c90                tu_fifo_empty
 .text.tu_fifo_full
                0x10006ca0       0x28 CMakeFiles/test.dir/C_/Program_Files/Raspberry_Pi/Pico_SDK_v1.5.1/pico-sdk/lib/tinyusb/src/common/tusb_fifo.c.obj
                0x10006ca0                tu_fifo_full
 .text.tu_fifo_remaining
                0x10006cc8       0x2c CMakeFiles/test.dir/C_/Program_Files/Raspberry_Pi/Pico_SDK_v1.5.1/pico-sdk/lib/tinyusb/src/common/tusb_fifo.c.obj
                0x10006cc8                tu_fifo_remaining
 .text.tu_fifo_read
                0x10006cf4       0x42 CMakeFiles/test.dir/C_/Program_Files/Raspberry_Pi/Pico_SDK_v1.5.1/pico-sdk/lib/tinyusb/src/common/tusb_fifo.c.obj
                0x10006cf4                tu_fifo_read
 .text.tu_fifo_read_n
                0x10006d36        0xa CMakeFiles/test.dir/C_/Program_Files/Raspberry_Pi/Pico_SDK_v1.5.1/pico-sdk/lib/tinyusb/src/common/tusb_fifo.c.obj
                0x10006d36                tu_fifo_read_n
 .text.tu_fifo_write
                0x10006d40       0x64 CMakeFiles/test.dir/C_/Program_Files/Raspberry_Pi/Pico_SDK_v1.5.1/pico-sdk/lib/tinyusb/src/common/tusb_fifo.c.obj
                0x10006d40                tu_fifo_write
 .text.tu_fifo_write_n
                0x10006da4        0xa CMakeFiles/test.dir/C_/Program_Files/Raspberry_Pi/Pico_SDK_v1.5.1/pico-sdk/lib/tinyusb/src/common/tusb_fifo.c.obj
                0x10006da4                tu_fifo_write_n
 .text.tu_fifo_clear
                0x10006dae       0x3e CMakeFiles/test.dir/C_/Program_Files/Raspberry_Pi/Pico_SDK_v1.5.1/pico-sdk/lib/tinyusb/src/common/tusb_fifo.c.obj
                0x10006dae                tu_fifo_clear
 .text.tu_fifo_set_overwritable
                0x10006dec       0x46 CMakeFiles/test.dir/C_/Program_Files/Raspberry_Pi/Pico_SDK_v1.5.1/pico-sdk/lib/tinyusb/src/common/tusb_fifo.c.obj
                0x10006dec                tu_fifo_set_overwritable
 .text.ff_memalloc
                0x10006e32        0x8 CMakeFiles/test.dir/lib/no-OS-FatFS-SD-SPI-RPi-Pico/FatFs_SPI/ff15/source/ffsystem.c.obj
                0x10006e32                ff_memalloc
 .text.ff_memfree
                0x10006e3a        0x8 CMakeFiles/test.dir/lib/no-OS-FatFS-SD-SPI-RPi-Pico/FatFs_SPI/ff15/source/ffsystem.c.obj
                0x10006e3a                ff_memfree
 *fill*         0x10006e42        0x2 
 .text.ff_uni2oem
                0x10006e44       0x44 CMakeFiles/test.dir/lib/no-OS-FatFS-SD-SPI-RPi-Pico/FatFs_SPI/ff15/source/ffunicode.c.obj
                0x10006e44                ff_uni2oem
 .text.ff_wtoupper
                0x10006e88       0xa8 CMakeFiles/test.dir/lib/no-OS-FatFS-SD-SPI-RPi-Pico/FatFs_SPI/ff15/source/ffunicode.c.obj
                0x10006e88                ff_wtoupper
 .text.ld_word  0x10006f30        0xa CMakeFiles/test.dir/lib/no-OS-FatFS-SD-SPI-RPi-Pico/FatFs_SPI/ff15/source/ff.c.obj
 .text.ld_dword
                0x10006f3a       0x18 CMakeFiles/test.dir/lib/no-OS-FatFS-SD-SPI-RPi-Pico/FatFs_SPI/ff15/source/ff.c.obj
 .text.ld_qword
                0x10006f52       0x42 CMakeFiles/test.dir/lib/no-OS-FatFS-SD-SPI-RPi-Pico/FatFs_SPI/ff15/source/ff.c.obj
 .text.st_word  0x10006f94        0x8 CMakeFiles/test.dir/lib/no-OS-FatFS-SD-SPI-RPi-Pico/FatFs_SPI/ff15/source/ff.c.obj
 .text.st_dword
                0x10006f9c       0x10 CMakeFiles/test.dir/lib/no-OS-FatFS-SD-SPI-RPi-Pico/FatFs_SPI/ff15/source/ff.c.obj
 .text.st_qword
                0x10006fac       0x1e CMakeFiles/test.dir/lib/no-OS-FatFS-SD-SPI-RPi-Pico/FatFs_SPI/ff15/source/ff.c.obj
 .text.dbc_1st  0x10006fca        0x4 CMakeFiles/test.dir/lib/no-OS-FatFS-SD-SPI-RPi-Pico/FatFs_SPI/ff15/source/ff.c.obj
 *fill*         0x10006fce        0x2 
 .text.tchar2uni
                0x10006fd0       0xd0 CMakeFiles/test.dir/lib/no-OS-FatFS-SD-SPI-RPi-Pico/FatFs_SPI/ff15/source/ff.c.obj
 .text.chk_share
                0x100070a0       0x78 CMakeFiles/test.dir/lib/no-OS-FatFS-SD-SPI-RPi-Pico/FatFs_SPI/ff15/source/ff.c.obj
 .text.enq_share
                0x10007118       0x20 CMakeFiles/test.dir/lib/no-OS-FatFS-SD-SPI-RPi-Pico/FatFs_SPI/ff15/source/ff.c.obj
 .text.inc_share
                0x10007138       0xa8 CMakeFiles/test.dir/lib/no-OS-FatFS-SD-SPI-RPi-Pico/FatFs_SPI/ff15/source/ff.c.obj
 .text.dec_share
                0x100071e0       0x44 CMakeFiles/test.dir/lib/no-OS-FatFS-SD-SPI-RPi-Pico/FatFs_SPI/ff15/source/ff.c.obj
 .text.clear_share
                0x10007224       0x24 CMakeFiles/test.dir/lib/no-OS-FatFS-SD-SPI-RPi-Pico/FatFs_SPI/ff15/source/ff.c.obj
 .text.clst2sect
                0x10007248       0x28 CMakeFiles/test.dir/lib/no-OS-FatFS-SD-SPI-RPi-Pico/FatFs_SPI/ff15/source/ff.c.obj
 .text.clmt_clust
                0x10007270       0x30 CMakeFiles/test.dir/lib/no-OS-FatFS-SD-SPI-RPi-Pico/FatFs_SPI/ff15/source/ff.c.obj
 .text.ld_clust
                0x100072a0       0x26 CMakeFiles/test.dir/lib/no-OS-FatFS-SD-SPI-RPi-Pico/FatFs_SPI/ff15/source/ff.c.obj
 .text.st_clust
                0x100072c6       0x26 CMakeFiles/test.dir/lib/no-OS-FatFS-SD-SPI-RPi-Pico/FatFs_SPI/ff15/source/ff.c.obj
 .text.pick_lfn
                0x100072ec       0x94 CMakeFiles/test.dir/lib/no-OS-FatFS-SD-SPI-RPi-Pico/FatFs_SPI/ff15/source/ff.c.obj
 .text.put_lfn  0x10007380       0x8c CMakeFiles/test.dir/lib/no-OS-FatFS-SD-SPI-RPi-Pico/FatFs_SPI/ff15/source/ff.c.obj
 .text.sum_sfn  0x1000740c       0x20 CMakeFiles/test.dir/lib/no-OS-FatFS-SD-SPI-RPi-Pico/FatFs_SPI/ff15/source/ff.c.obj
 .text.xdir_sum
                0x1000742c       0x2e CMakeFiles/test.dir/lib/no-OS-FatFS-SD-SPI-RPi-Pico/FatFs_SPI/ff15/source/ff.c.obj
 .text.init_alloc_info
                0x1000745a       0x2e CMakeFiles/test.dir/lib/no-OS-FatFS-SD-SPI-RPi-Pico/FatFs_SPI/ff15/source/ff.c.obj
 .text.get_ldnumber
                0x10007488       0x5c CMakeFiles/test.dir/lib/no-OS-FatFS-SD-SPI-RPi-Pico/FatFs_SPI/ff15/source/ff.c.obj
 .text.crc32    0x100074e4       0x2c CMakeFiles/test.dir/lib/no-OS-FatFS-SD-SPI-RPi-Pico/FatFs_SPI/ff15/source/ff.c.obj
 .text.ilog10   0x10007510       0xb0 CMakeFiles/test.dir/lib/no-OS-FatFS-SD-SPI-RPi-Pico/FatFs_SPI/ff15/source/ff.c.obj
 .text.i10x     0x100075c0       0x54 CMakeFiles/test.dir/lib/no-OS-FatFS-SD-SPI-RPi-Pico/FatFs_SPI/ff15/source/ff.c.obj
 .text.ftoa     0x10007614      0x294 CMakeFiles/test.dir/lib/no-OS-FatFS-SD-SPI-RPi-Pico/FatFs_SPI/ff15/source/ff.c.obj
 .text.validate
                0x100078a8       0x52 CMakeFiles/test.dir/lib/no-OS-FatFS-SD-SPI-RPi-Pico/FatFs_SPI/ff15/source/ff.c.obj
 *fill*         0x100078fa        0x2 
 .text.test_gpt_header
                0x100078fc       0x7c CMakeFiles/test.dir/lib/no-OS-FatFS-SD-SPI-RPi-Pico/FatFs_SPI/ff15/source/ff.c.obj
 .text.sync_window
                0x10007978       0x70 CMakeFiles/test.dir/lib/no-OS-FatFS-SD-SPI-RPi-Pico/FatFs_SPI/ff15/source/ff.c.obj
 .text.move_window
                0x100079e8       0x4c CMakeFiles/test.dir/lib/no-OS-FatFS-SD-SPI-RPi-Pico/FatFs_SPI/ff15/source/ff.c.obj
 .text.check_fs
                0x10007a34      0x100 CMakeFiles/test.dir/lib/no-OS-FatFS-SD-SPI-RPi-Pico/FatFs_SPI/ff15/source/ff.c.obj
 .text.find_volume
                0x10007b34      0x14c CMakeFiles/test.dir/lib/no-OS-FatFS-SD-SPI-RPi-Pico/FatFs_SPI/ff15/source/ff.c.obj
 .text.mount_volume
                0x10007c80      0x540 CMakeFiles/test.dir/lib/no-OS-FatFS-SD-SPI-RPi-Pico/FatFs_SPI/ff15/source/ff.c.obj
 .text.find_bitmap
                0x100081c0       0xa6 CMakeFiles/test.dir/lib/no-OS-FatFS-SD-SPI-RPi-Pico/FatFs_SPI/ff15/source/ff.c.obj
 .text.change_bitmap
                0x10008266       0x96 CMakeFiles/test.dir/lib/no-OS-FatFS-SD-SPI-RPi-Pico/FatFs_SPI/ff15/source/ff.c.obj
 .text.put_fat  0x100082fc      0x176 CMakeFiles/test.dir/lib/no-OS-FatFS-SD-SPI-RPi-Pico/FatFs_SPI/ff15/source/ff.c.obj
 .text.fill_last_frag
                0x10008472       0x32 CMakeFiles/test.dir/lib/no-OS-FatFS-SD-SPI-RPi-Pico/FatFs_SPI/ff15/source/ff.c.obj
 .text.fill_first_frag
                0x100084a4       0x32 CMakeFiles/test.dir/lib/no-OS-FatFS-SD-SPI-RPi-Pico/FatFs_SPI/ff15/source/ff.c.obj
 *fill*         0x100084d6        0x2 
 .text.get_fat  0x100084d8      0x1ac CMakeFiles/test.dir/lib/no-OS-FatFS-SD-SPI-RPi-Pico/FatFs_SPI/ff15/source/ff.c.obj
 .text.create_chain
                0x10008684      0x1c6 CMakeFiles/test.dir/lib/no-OS-FatFS-SD-SPI-RPi-Pico/FatFs_SPI/ff15/source/ff.c.obj
 .text.dir_sdi  0x1000884a       0xd4 CMakeFiles/test.dir/lib/no-OS-FatFS-SD-SPI-RPi-Pico/FatFs_SPI/ff15/source/ff.c.obj
 .text.remove_chain
                0x1000891e      0x14c CMakeFiles/test.dir/lib/no-OS-FatFS-SD-SPI-RPi-Pico/FatFs_SPI/ff15/source/ff.c.obj
 .text.putc_init
                0x10008a6a       0x12 CMakeFiles/test.dir/lib/no-OS-FatFS-SD-SPI-RPi-Pico/FatFs_SPI/ff15/source/ff.c.obj
 .text.dir_clear
                0x10008a7c       0xf0 CMakeFiles/test.dir/lib/no-OS-FatFS-SD-SPI-RPi-Pico/FatFs_SPI/ff15/source/ff.c.obj
 .text.dir_next
                0x10008b6c      0x104 CMakeFiles/test.dir/lib/no-OS-FatFS-SD-SPI-RPi-Pico/FatFs_SPI/ff15/source/ff.c.obj
 .text.dir_alloc
                0x10008c70       0x70 CMakeFiles/test.dir/lib/no-OS-FatFS-SD-SPI-RPi-Pico/FatFs_SPI/ff15/source/ff.c.obj
 .text.load_xdir
                0x10008ce0      0x10c CMakeFiles/test.dir/lib/no-OS-FatFS-SD-SPI-RPi-Pico/FatFs_SPI/ff15/source/ff.c.obj
 .text.load_obj_xdir
                0x10008dec       0x36 CMakeFiles/test.dir/lib/no-OS-FatFS-SD-SPI-RPi-Pico/FatFs_SPI/ff15/source/ff.c.obj
 .text.dir_read
                0x10008e22      0x114 CMakeFiles/test.dir/lib/no-OS-FatFS-SD-SPI-RPi-Pico/FatFs_SPI/ff15/source/ff.c.obj
 *fill*         0x10008f36        0x2 
 .text.gen_numname
                0x10008f38       0xac CMakeFiles/test.dir/lib/no-OS-FatFS-SD-SPI-RPi-Pico/FatFs_SPI/ff15/source/ff.c.obj
 .text.store_xdir
                0x10008fe4       0x66 CMakeFiles/test.dir/lib/no-OS-FatFS-SD-SPI-RPi-Pico/FatFs_SPI/ff15/source/ff.c.obj
 *fill*         0x1000904a        0x2 
 .text.create_name
                0x1000904c      0x324 CMakeFiles/test.dir/lib/no-OS-FatFS-SD-SPI-RPi-Pico/FatFs_SPI/ff15/source/ff.c.obj
 .text.xname_sum
                0x10009370       0x38 CMakeFiles/test.dir/lib/no-OS-FatFS-SD-SPI-RPi-Pico/FatFs_SPI/ff15/source/ff.c.obj
 .text.create_xdir
                0x100093a8       0x90 CMakeFiles/test.dir/lib/no-OS-FatFS-SD-SPI-RPi-Pico/FatFs_SPI/ff15/source/ff.c.obj
 .text.cmp_lfn  0x10009438       0xb0 CMakeFiles/test.dir/lib/no-OS-FatFS-SD-SPI-RPi-Pico/FatFs_SPI/ff15/source/ff.c.obj
 .text.dir_find
                0x100094e8      0x18c CMakeFiles/test.dir/lib/no-OS-FatFS-SD-SPI-RPi-Pico/FatFs_SPI/ff15/source/ff.c.obj
 .text.follow_path
                0x10009674      0x11a CMakeFiles/test.dir/lib/no-OS-FatFS-SD-SPI-RPi-Pico/FatFs_SPI/ff15/source/ff.c.obj
 .text.dir_register
                0x1000978e      0x202 CMakeFiles/test.dir/lib/no-OS-FatFS-SD-SPI-RPi-Pico/FatFs_SPI/ff15/source/ff.c.obj
 .text.sync_fs  0x10009990       0xa8 CMakeFiles/test.dir/lib/no-OS-FatFS-SD-SPI-RPi-Pico/FatFs_SPI/ff15/source/ff.c.obj
 .text.f_mount  0x10009a38       0x60 CMakeFiles/test.dir/lib/no-OS-FatFS-SD-SPI-RPi-Pico/FatFs_SPI/ff15/source/ff.c.obj
                0x10009a38                f_mount
 .text.f_open   0x10009a98      0x366 CMakeFiles/test.dir/lib/no-OS-FatFS-SD-SPI-RPi-Pico/FatFs_SPI/ff15/source/ff.c.obj
                0x10009a98                f_open
 .text.f_read   0x10009dfe      0x250 CMakeFiles/test.dir/lib/no-OS-FatFS-SD-SPI-RPi-Pico/FatFs_SPI/ff15/source/ff.c.obj
                0x10009dfe                f_read
 .text.f_write  0x1000a04e      0x2a0 CMakeFiles/test.dir/lib/no-OS-FatFS-SD-SPI-RPi-Pico/FatFs_SPI/ff15/source/ff.c.obj
                0x1000a04e                f_write
 .text.putc_bfd
                0x1000a2ee      0x18e CMakeFiles/test.dir/lib/no-OS-FatFS-SD-SPI-RPi-Pico/FatFs_SPI/ff15/source/ff.c.obj
 .text.putc_flush
                0x1000a47c       0x3c CMakeFiles/test.dir/lib/no-OS-FatFS-SD-SPI-RPi-Pico/FatFs_SPI/ff15/source/ff.c.obj
 .text.f_sync   0x1000a4b8      0x17e CMakeFiles/test.dir/lib/no-OS-FatFS-SD-SPI-RPi-Pico/FatFs_SPI/ff15/source/ff.c.obj
                0x1000a4b8                f_sync
 .text.f_close  0x1000a636       0x2e CMakeFiles/test.dir/lib/no-OS-FatFS-SD-SPI-RPi-Pico/FatFs_SPI/ff15/source/ff.c.obj
                0x1000a636                f_close
 .text.f_gets   0x1000a664      0x17c CMakeFiles/test.dir/lib/no-OS-FatFS-SD-SPI-RPi-Pico/FatFs_SPI/ff15/source/ff.c.obj
                0x1000a664                f_gets
 .text.f_printf
                0x1000a7e0      0x450 CMakeFiles/test.dir/lib/no-OS-FatFS-SD-SPI-RPi-Pico/FatFs_SPI/ff15/source/ff.c.obj
                0x1000a7e0                f_printf
 .text.sd_spi_deselect
                0x1000ac30       0x26 CMakeFiles/test.dir/lib/no-OS-FatFS-SD-SPI-RPi-Pico/FatFs_SPI/sd_driver/sd_spi.c.obj
 .text.sd_spi_select
                0x1000ac56       0x26 CMakeFiles/test.dir/lib/no-OS-FatFS-SD-SPI-RPi-Pico/FatFs_SPI/sd_driver/sd_spi.c.obj
 .text.sd_spi_lock
                0x1000ac7c        0xa CMakeFiles/test.dir/lib/no-OS-FatFS-SD-SPI-RPi-Pico/FatFs_SPI/sd_driver/sd_spi.c.obj
 .text.sd_spi_unlock
                0x1000ac86        0xa CMakeFiles/test.dir/lib/no-OS-FatFS-SD-SPI-RPi-Pico/FatFs_SPI/sd_driver/sd_spi.c.obj
 .text.sd_spi_go_high_frequency
                0x1000ac90        0xe CMakeFiles/test.dir/lib/no-OS-FatFS-SD-SPI-RPi-Pico/FatFs_SPI/sd_driver/sd_spi.c.obj
                0x1000ac90                sd_spi_go_high_frequency
 *fill*         0x1000ac9e        0x2 
 .text.sd_spi_go_low_frequency
                0x1000aca0       0x14 CMakeFiles/test.dir/lib/no-OS-FatFS-SD-SPI-RPi-Pico/FatFs_SPI/sd_driver/sd_spi.c.obj
                0x1000aca0                sd_spi_go_low_frequency
 .text.sd_spi_deselect_pulse
                0x1000acb4       0x10 CMakeFiles/test.dir/lib/no-OS-FatFS-SD-SPI-RPi-Pico/FatFs_SPI/sd_driver/sd_spi.c.obj
                0x1000acb4                sd_spi_deselect_pulse
 .text.sd_spi_acquire
                0x1000acc4       0x10 CMakeFiles/test.dir/lib/no-OS-FatFS-SD-SPI-RPi-Pico/FatFs_SPI/sd_driver/sd_spi.c.obj
                0x1000acc4                sd_spi_acquire
 .text.sd_spi_release
                0x1000acd4       0x10 CMakeFiles/test.dir/lib/no-OS-FatFS-SD-SPI-RPi-Pico/FatFs_SPI/sd_driver/sd_spi.c.obj
                0x1000acd4                sd_spi_release
 .text.sd_spi_transfer
                0x1000ace4        0xa CMakeFiles/test.dir/lib/no-OS-FatFS-SD-SPI-RPi-Pico/FatFs_SPI/sd_driver/sd_spi.c.obj
                0x1000ace4                sd_spi_transfer
 *fill*         0x1000acee        0x2 
 .text.sd_spi_write
                0x1000acf0       0x44 CMakeFiles/test.dir/lib/no-OS-FatFS-SD-SPI-RPi-Pico/FatFs_SPI/sd_driver/sd_spi.c.obj
                0x1000acf0                sd_spi_write
 .text.sd_spi_send_initializing_sequence
                0x1000ad34       0xc0 CMakeFiles/test.dir/lib/no-OS-FatFS-SD-SPI-RPi-Pico/FatFs_SPI/sd_driver/sd_spi.c.obj
                0x1000ad34                sd_spi_send_initializing_sequence
 .text.sd_get_num
                0x1000adf4        0x4 CMakeFiles/test.dir/lib/no-OS-FatFS-SD-SPI-RPi-Pico/FatFs_SPI/sd_driver/hw_config.c.obj
                0x1000adf4                sd_get_num
 .text.sd_get_by_num
                0x1000adf8       0x34 CMakeFiles/test.dir/lib/no-OS-FatFS-SD-SPI-RPi-Pico/FatFs_SPI/sd_driver/hw_config.c.obj
                0x1000adf8                sd_get_by_num
 .text.spi_get_num
                0x1000ae2c        0x4 CMakeFiles/test.dir/lib/no-OS-FatFS-SD-SPI-RPi-Pico/FatFs_SPI/sd_driver/hw_config.c.obj
                0x1000ae2c                spi_get_num
 .text.spi_get_by_num
                0x1000ae30       0x34 CMakeFiles/test.dir/lib/no-OS-FatFS-SD-SPI-RPi-Pico/FatFs_SPI/sd_driver/hw_config.c.obj
                0x1000ae30                spi_get_by_num
 .text.in_spi_irq_handler
                0x1000ae64       0x90 CMakeFiles/test.dir/lib/no-OS-FatFS-SD-SPI-RPi-Pico/FatFs_SPI/sd_driver/spi.c.obj
 .text.spi_lock
                0x1000aef4       0x28 CMakeFiles/test.dir/lib/no-OS-FatFS-SD-SPI-RPi-Pico/FatFs_SPI/sd_driver/spi.c.obj
                0x1000aef4                spi_lock
 .text.spi_unlock
                0x1000af1c       0x28 CMakeFiles/test.dir/lib/no-OS-FatFS-SD-SPI-RPi-Pico/FatFs_SPI/sd_driver/spi.c.obj
                0x1000af1c                spi_unlock
 .text.my_spi_init
                0x1000af44      0x2b4 CMakeFiles/test.dir/lib/no-OS-FatFS-SD-SPI-RPi-Pico/FatFs_SPI/sd_driver/spi.c.obj
                0x1000af44                my_spi_init
 .text.ext_bits
                0x1000b1f8       0x30 CMakeFiles/test.dir/lib/no-OS-FatFS-SD-SPI-RPi-Pico/FatFs_SPI/sd_driver/sd_card.c.obj
 .text.sd_ctor  0x1000b228       0x30 CMakeFiles/test.dir/lib/no-OS-FatFS-SD-SPI-RPi-Pico/FatFs_SPI/sd_driver/sd_card.c.obj
 .text.sd_lock  0x1000b258       0x30 CMakeFiles/test.dir/lib/no-OS-FatFS-SD-SPI-RPi-Pico/FatFs_SPI/sd_driver/sd_card.c.obj
 .text.sd_acquire
                0x1000b288       0x10 CMakeFiles/test.dir/lib/no-OS-FatFS-SD-SPI-RPi-Pico/FatFs_SPI/sd_driver/sd_card.c.obj
 .text.sd_cmd_spi
                0x1000b298       0x74 CMakeFiles/test.dir/lib/no-OS-FatFS-SD-SPI-RPi-Pico/FatFs_SPI/sd_driver/sd_card.c.obj
 .text.sd_unlock
                0x1000b30c       0x30 CMakeFiles/test.dir/lib/no-OS-FatFS-SD-SPI-RPi-Pico/FatFs_SPI/sd_driver/sd_card.c.obj
 .text.sd_release
                0x1000b33c       0x10 CMakeFiles/test.dir/lib/no-OS-FatFS-SD-SPI-RPi-Pico/FatFs_SPI/sd_driver/sd_card.c.obj
 .text.sd_wait_token
                0x1000b34c       0x9c CMakeFiles/test.dir/lib/no-OS-FatFS-SD-SPI-RPi-Pico/FatFs_SPI/sd_driver/sd_card.c.obj
 .text.sd_read_bytes
                0x1000b3e8       0x90 CMakeFiles/test.dir/lib/no-OS-FatFS-SD-SPI-RPi-Pico/FatFs_SPI/sd_driver/sd_card.c.obj
 .text.sd_read_block
                0x1000b478       0x8c CMakeFiles/test.dir/lib/no-OS-FatFS-SD-SPI-RPi-Pico/FatFs_SPI/sd_driver/sd_card.c.obj
 .text.sd_wait_ready
                0x1000b504       0xb8 CMakeFiles/test.dir/lib/no-OS-FatFS-SD-SPI-RPi-Pico/FatFs_SPI/sd_driver/sd_card.c.obj
 .text.sd_cmd   0x1000b5bc      0x2f0 CMakeFiles/test.dir/lib/no-OS-FatFS-SD-SPI-RPi-Pico/FatFs_SPI/sd_driver/sd_card.c.obj
 .text.sd_cmd8  0x1000b8ac       0x50 CMakeFiles/test.dir/lib/no-OS-FatFS-SD-SPI-RPi-Pico/FatFs_SPI/sd_driver/sd_card.c.obj
 .text.sd_sectors_nolock
                0x1000b8fc      0x148 CMakeFiles/test.dir/lib/no-OS-FatFS-SD-SPI-RPi-Pico/FatFs_SPI/sd_driver/sd_card.c.obj
 .text.in_sd_read_blocks
                0x1000ba44       0xbc CMakeFiles/test.dir/lib/no-OS-FatFS-SD-SPI-RPi-Pico/FatFs_SPI/sd_driver/sd_card.c.obj
 .text.sd_read_blocks
                0x1000bb00       0x2e CMakeFiles/test.dir/lib/no-OS-FatFS-SD-SPI-RPi-Pico/FatFs_SPI/sd_driver/sd_card.c.obj
                0x1000bb00                sd_read_blocks
 *fill*         0x1000bb2e        0x2 
 .text.sd_go_idle_state
                0x1000bb30       0x44 CMakeFiles/test.dir/lib/no-OS-FatFS-SD-SPI-RPi-Pico/FatFs_SPI/sd_driver/sd_card.c.obj
 .text.sd_init_medium
                0x1000bb74      0x188 CMakeFiles/test.dir/lib/no-OS-FatFS-SD-SPI-RPi-Pico/FatFs_SPI/sd_driver/sd_card.c.obj
 .text.sd_write_block
                0x1000bcfc       0x8c CMakeFiles/test.dir/lib/no-OS-FatFS-SD-SPI-RPi-Pico/FatFs_SPI/sd_driver/sd_card.c.obj
 .text.in_sd_write_blocks
                0x1000bd88       0xf8 CMakeFiles/test.dir/lib/no-OS-FatFS-SD-SPI-RPi-Pico/FatFs_SPI/sd_driver/sd_card.c.obj
 .text.sd_write_blocks
                0x1000be80       0x2e CMakeFiles/test.dir/lib/no-OS-FatFS-SD-SPI-RPi-Pico/FatFs_SPI/sd_driver/sd_card.c.obj
                0x1000be80                sd_write_blocks
 .text.sd_test_com
                0x1000beae       0x9a CMakeFiles/test.dir/lib/no-OS-FatFS-SD-SPI-RPi-Pico/FatFs_SPI/sd_driver/sd_card.c.obj
 .text.sd_card_detect
                0x1000bf48       0x50 CMakeFiles/test.dir/lib/no-OS-FatFS-SD-SPI-RPi-Pico/FatFs_SPI/sd_driver/sd_card.c.obj
                0x1000bf48                sd_card_detect
 .text.sd_init  0x1000bf98       0xe8 CMakeFiles/test.dir/lib/no-OS-FatFS-SD-SPI-RPi-Pico/FatFs_SPI/sd_driver/sd_card.c.obj
 .text.sd_sectors
                0x1000c080       0x1e CMakeFiles/test.dir/lib/no-OS-FatFS-SD-SPI-RPi-Pico/FatFs_SPI/sd_driver/sd_card.c.obj
                0x1000c080                sd_sectors
 *fill*         0x1000c09e        0x2 
 .text.sd_init_driver
                0x1000c0a0       0xc0 CMakeFiles/test.dir/lib/no-OS-FatFS-SD-SPI-RPi-Pico/FatFs_SPI/sd_driver/sd_card.c.obj
                0x1000c0a0                sd_init_driver
 .text.crc7     0x1000c160       0x20 CMakeFiles/test.dir/lib/no-OS-FatFS-SD-SPI-RPi-Pico/FatFs_SPI/sd_driver/crc.c.obj
                0x1000c160                crc7
 .text.crc16    0x1000c180       0x28 CMakeFiles/test.dir/lib/no-OS-FatFS-SD-SPI-RPi-Pico/FatFs_SPI/sd_driver/crc.c.obj
                0x1000c180                crc16
 .text.sdrc2dresult
                0x1000c1a8       0x60 CMakeFiles/test.dir/lib/no-OS-FatFS-SD-SPI-RPi-Pico/FatFs_SPI/src/glue.c.obj
 .text.disk_status
                0x1000c208       0x16 CMakeFiles/test.dir/lib/no-OS-FatFS-SD-SPI-RPi-Pico/FatFs_SPI/src/glue.c.obj
                0x1000c208                disk_status
 .text.disk_initialize
                0x1000c21e       0x2a CMakeFiles/test.dir/lib/no-OS-FatFS-SD-SPI-RPi-Pico/FatFs_SPI/src/glue.c.obj
                0x1000c21e                disk_initialize
 .text.disk_read
                0x1000c248       0x32 CMakeFiles/test.dir/lib/no-OS-FatFS-SD-SPI-RPi-Pico/FatFs_SPI/src/glue.c.obj
                0x1000c248                disk_read
 .text.disk_write
                0x1000c27a       0x32 CMakeFiles/test.dir/lib/no-OS-FatFS-SD-SPI-RPi-Pico/FatFs_SPI/src/glue.c.obj
                0x1000c27a                disk_write
 .text.disk_ioctl
                0x1000c2ac       0x4c CMakeFiles/test.dir/lib/no-OS-FatFS-SD-SPI-RPi-Pico/FatFs_SPI/src/glue.c.obj
                0x1000c2ac                disk_ioctl
 .text.my_printf
                0x1000c2f8       0x4c CMakeFiles/test.dir/lib/no-OS-FatFS-SD-SPI-RPi-Pico/FatFs_SPI/src/my_debug.c.obj
                0x1000c2f8                my_printf
 .text.my_assert_func
                0x1000c344       0x2c CMakeFiles/test.dir/lib/no-OS-FatFS-SD-SPI-RPi-Pico/FatFs_SPI/src/my_debug.c.obj
                0x1000c344                my_assert_func
 .text.get_fattime
                0x1000c370       0x6c CMakeFiles/test.dir/lib/no-OS-FatFS-SD-SPI-RPi-Pico/FatFs_SPI/src/rtc.c.obj
                0x1000c370                get_fattime
 .text.spi_set_baudrate
                0x1000c3dc       0xcc CMakeFiles/test.dir/C_/Program_Files/Raspberry_Pi/Pico_SDK_v1.5.1/pico-sdk/src/rp2_common/hardware_spi/spi.c.obj
                0x1000c3dc                spi_set_baudrate
 .text.spi_init
                0x1000c4a8       0x74 CMakeFiles/test.dir/C_/Program_Files/Raspberry_Pi/Pico_SDK_v1.5.1/pico-sdk/src/rp2_common/hardware_spi/spi.c.obj
                0x1000c4a8                spi_init
 .text.dma_claim_unused_channel
                0x1000c51c       0x20 CMakeFiles/test.dir/C_/Program_Files/Raspberry_Pi/Pico_SDK_v1.5.1/pico-sdk/src/rp2_common/hardware_dma/dma.c.obj
                0x1000c51c                dma_claim_unused_channel
 .text.rtc_running
                0x1000c53c       0x10 CMakeFiles/test.dir/C_/Program_Files/Raspberry_Pi/Pico_SDK_v1.5.1/pico-sdk/src/rp2_common/hardware_rtc/rtc.c.obj
                0x1000c53c                rtc_running
 .text.rtc_get_datetime
                0x1000c54c       0x4c CMakeFiles/test.dir/C_/Program_Files/Raspberry_Pi/Pico_SDK_v1.5.1/pico-sdk/src/rp2_common/hardware_rtc/rtc.c.obj
                0x1000c54c                rtc_get_datetime
 .text.__sflush_r
                0x1000c598      0x140 c:/progra~1/raspbe~1/picosd~1.1/gcc-ar~1/bin/../lib/gcc/arm-none-eabi/10.3.1/../../../../arm-none-eabi/lib/thumb/v6-m/nofp\libg.a(lib_a-fflush.o)
                0x1000c598                __sflush_r
 .text._fflush_r
                0x1000c6d8       0x6c c:/progra~1/raspbe~1/picosd~1.1/gcc-ar~1/bin/../lib/gcc/arm-none-eabi/10.3.1/../../../../arm-none-eabi/lib/thumb/v6-m/nofp\libg.a(lib_a-fflush.o)
                0x1000c6d8                _fflush_r
 .text.fflush   0x1000c744       0x78 c:/progra~1/raspbe~1/picosd~1.1/gcc-ar~1/bin/../lib/gcc/arm-none-eabi/10.3.1/../../../../arm-none-eabi/lib/thumb/v6-m/nofp\libg.a(lib_a-fflush.o)
                0x1000c744                fflush
 .text._cleanup_r
                0x1000c7bc       0x10 c:/progra~1/raspbe~1/picosd~1.1/gcc-ar~1/bin/../lib/gcc/arm-none-eabi/10.3.1/../../../../arm-none-eabi/lib/thumb/v6-m/nofp\libg.a(lib_a-findfp.o)
                0x1000c7bc                _cleanup_r
 .text.__sinit  0x1000c7cc      0x120 c:/progra~1/raspbe~1/picosd~1.1/gcc-ar~1/bin/../lib/gcc/arm-none-eabi/10.3.1/../../../../arm-none-eabi/lib/thumb/v6-m/nofp\libg.a(lib_a-findfp.o)
                0x1000c7cc                __sinit
 .text.__sfp_lock_acquire
                0x1000c8ec       0x10 c:/progra~1/raspbe~1/picosd~1.1/gcc-ar~1/bin/../lib/gcc/arm-none-eabi/10.3.1/../../../../arm-none-eabi/lib/thumb/v6-m/nofp\libg.a(lib_a-findfp.o)
                0x1000c8ec                __sfp_lock_acquire
 .text.__sfp_lock_release
                0x1000c8fc       0x10 c:/progra~1/raspbe~1/picosd~1.1/gcc-ar~1/bin/../lib/gcc/arm-none-eabi/10.3.1/../../../../arm-none-eabi/lib/thumb/v6-m/nofp\libg.a(lib_a-findfp.o)
                0x1000c8fc                __sfp_lock_release
 .text._malloc_trim_r
                0x1000c90c       0x9c c:/progra~1/raspbe~1/picosd~1.1/gcc-ar~1/bin/../lib/gcc/arm-none-eabi/10.3.1/../../../../arm-none-eabi/lib/thumb/v6-m/nofp\libg.a(lib_a-freer.o)
                0x1000c90c                _malloc_trim_r
 .text._free_r  0x1000c9a8      0x1c4 c:/progra~1/raspbe~1/picosd~1.1/gcc-ar~1/bin/../lib/gcc/arm-none-eabi/10.3.1/../../../../arm-none-eabi/lib/thumb/v6-m/nofp\libg.a(lib_a-freer.o)
                0x1000c9a8                _free_r
 .text._fwalk_reent
                0x1000cb6c       0x48 c:/progra~1/raspbe~1/picosd~1.1/gcc-ar~1/bin/../lib/gcc/arm-none-eabi/10.3.1/../../../../arm-none-eabi/lib/thumb/v6-m/nofp\libg.a(lib_a-fwalk.o)
                0x1000cb6c                _fwalk_reent
 .text.__retarget_lock_init_recursive
                0x1000cbb4        0x4 c:/progra~1/raspbe~1/picosd~1.1/gcc-ar~1/bin/../lib/gcc/arm-none-eabi/10.3.1/../../../../arm-none-eabi/lib/thumb/v6-m/nofp\libg.a(lib_a-lock.o)
                0x1000cbb4                __retarget_lock_init_recursive
 .text.__retarget_lock_close_recursive
                0x1000cbb8        0x4 c:/progra~1/raspbe~1/picosd~1.1/gcc-ar~1/bin/../lib/gcc/arm-none-eabi/10.3.1/../../../../arm-none-eabi/lib/thumb/v6-m/nofp\libg.a(lib_a-lock.o)
                0x1000cbb8                __retarget_lock_close_recursive
 .text.__retarget_lock_acquire_recursive
                0x1000cbbc        0x4 c:/progra~1/raspbe~1/picosd~1.1/gcc-ar~1/bin/../lib/gcc/arm-none-eabi/10.3.1/../../../../arm-none-eabi/lib/thumb/v6-m/nofp\libg.a(lib_a-lock.o)
                0x1000cbbc                __retarget_lock_acquire_recursive
 .text.__retarget_lock_release_recursive
                0x1000cbc0        0x4 c:/progra~1/raspbe~1/picosd~1.1/gcc-ar~1/bin/../lib/gcc/arm-none-eabi/10.3.1/../../../../arm-none-eabi/lib/thumb/v6-m/nofp\libg.a(lib_a-lock.o)
                0x1000cbc0                __retarget_lock_release_recursive
 .text.malloc   0x1000cbc4       0x14 c:/progra~1/raspbe~1/picosd~1.1/gcc-ar~1/bin/../lib/gcc/arm-none-eabi/10.3.1/../../../../arm-none-eabi/lib/thumb/v6-m/nofp\libg.a(lib_a-malloc.o)
                0x1000cbc4                malloc
 .text.free     0x1000cbd8       0x14 c:/progra~1/raspbe~1/picosd~1.1/gcc-ar~1/bin/../lib/gcc/arm-none-eabi/10.3.1/../../../../arm-none-eabi/lib/thumb/v6-m/nofp\libg.a(lib_a-malloc.o)
                0x1000cbd8                free
 .text._malloc_r
                0x1000cbec      0x584 c:/progra~1/raspbe~1/picosd~1.1/gcc-ar~1/bin/../lib/gcc/arm-none-eabi/10.3.1/../../../../arm-none-eabi/lib/thumb/v6-m/nofp\libg.a(lib_a-mallocr.o)
                0x1000cbec                _malloc_r
 .text.memcmp   0x1000d170       0x48 c:/progra~1/raspbe~1/picosd~1.1/gcc-ar~1/bin/../lib/gcc/arm-none-eabi/10.3.1/../../../../arm-none-eabi/lib/thumb/v6-m/nofp\libg.a(lib_a-memcmp.o)
                0x1000d170                memcmp
 .text.__malloc_lock
                0x1000d1b8       0x10 c:/progra~1/raspbe~1/picosd~1.1/gcc-ar~1/bin/../lib/gcc/arm-none-eabi/10.3.1/../../../../arm-none-eabi/lib/thumb/v6-m/nofp\libg.a(lib_a-mlock.o)
                0x1000d1b8                __malloc_lock
 .text.__malloc_unlock
                0x1000d1c8       0x10 c:/progra~1/raspbe~1/picosd~1.1/gcc-ar~1/bin/../lib/gcc/arm-none-eabi/10.3.1/../../../../arm-none-eabi/lib/thumb/v6-m/nofp\libg.a(lib_a-mlock.o)
                0x1000d1c8                __malloc_unlock
 .text._sbrk_r  0x1000d1d8       0x24 c:/progra~1/raspbe~1/picosd~1.1/gcc-ar~1/bin/../lib/gcc/arm-none-eabi/10.3.1/../../../../arm-none-eabi/lib/thumb/v6-m/nofp\libg.a(lib_a-sbrkr.o)
                0x1000d1d8                _sbrk_r
 .text.__sread  0x1000d1fc       0x28 c:/progra~1/raspbe~1/picosd~1.1/gcc-ar~1/bin/../lib/gcc/arm-none-eabi/10.3.1/../../../../arm-none-eabi/lib/thumb/v6-m/nofp\libg.a(lib_a-stdio.o)
                0x1000d1fc                __sread
 .text.__swrite
                0x1000d224       0x40 c:/progra~1/raspbe~1/picosd~1.1/gcc-ar~1/bin/../lib/gcc/arm-none-eabi/10.3.1/../../../../arm-none-eabi/lib/thumb/v6-m/nofp\libg.a(lib_a-stdio.o)
                0x1000d224                __swrite
 .text.__sseek  0x1000d264       0x2c c:/progra~1/raspbe~1/picosd~1.1/gcc-ar~1/bin/../lib/gcc/arm-none-eabi/10.3.1/../../../../arm-none-eabi/lib/thumb/v6-m/nofp\libg.a(lib_a-stdio.o)
                0x1000d264                __sseek
 .text.__sclose
                0x1000d290        0xc c:/progra~1/raspbe~1/picosd~1.1/gcc-ar~1/bin/../lib/gcc/arm-none-eabi/10.3.1/../../../../arm-none-eabi/lib/thumb/v6-m/nofp\libg.a(lib_a-stdio.o)
                0x1000d290                __sclose
 .text.strchr   0x1000d29c       0xc0 c:/progra~1/raspbe~1/picosd~1.1/gcc-ar~1/bin/../lib/gcc/arm-none-eabi/10.3.1/../../../../arm-none-eabi/lib/thumb/v6-m/nofp\libg.a(lib_a-strchr.o)
                0x1000d29c                strchr
 .text.strlen   0x1000d35c       0x5c c:/progra~1/raspbe~1/picosd~1.1/gcc-ar~1/bin/../lib/gcc/arm-none-eabi/10.3.1/../../../../arm-none-eabi/lib/thumb/v6-m/nofp\libg.a(lib_a-strlen-stub.o)
                0x1000d35c                strlen
 .text._write_r
                0x1000d3b8       0x28 c:/progra~1/raspbe~1/picosd~1.1/gcc-ar~1/bin/../lib/gcc/arm-none-eabi/10.3.1/../../../../arm-none-eabi/lib/thumb/v6-m/nofp\libg.a(lib_a-writer.o)
                0x1000d3b8                _write_r
 .text._close_r
                0x1000d3e0       0x24 c:/progra~1/raspbe~1/picosd~1.1/gcc-ar~1/bin/../lib/gcc/arm-none-eabi/10.3.1/../../../../arm-none-eabi/lib/thumb/v6-m/nofp\libg.a(lib_a-closer.o)
                0x1000d3e0                _close_r
 .text._fclose_r
                0x1000d404       0xdc c:/progra~1/raspbe~1/picosd~1.1/gcc-ar~1/bin/../lib/gcc/arm-none-eabi/10.3.1/../../../../arm-none-eabi/lib/thumb/v6-m/nofp\libg.a(lib_a-fclose.o)
                0x1000d404                _fclose_r
 .text._lseek_r
                0x1000d4e0       0x28 c:/progra~1/raspbe~1/picosd~1.1/gcc-ar~1/bin/../lib/gcc/arm-none-eabi/10.3.1/../../../../arm-none-eabi/lib/thumb/v6-m/nofp\libg.a(lib_a-lseekr.o)
                0x1000d4e0                _lseek_r
 .text._read_r  0x1000d508       0x28 c:/progra~1/raspbe~1/picosd~1.1/gcc-ar~1/bin/../lib/gcc/arm-none-eabi/10.3.1/../../../../arm-none-eabi/lib/thumb/v6-m/nofp\libg.a(lib_a-readr.o)
                0x1000d508                _read_r
 *(.fini)